30.04 11:06:02:269 KP_VKO Запуск КП ВКО
30.04 11:06:03:359 KP_VKO RLS_1 статус: ONLINE 
30.04 11:06:03:465 KP_VKO RLS2_Daryal статус: ONLINE 
30.04 11:06:03:566 KP_VKO RLS3_Dnepr статус: ONLINE 
30.04 11:06:04:676 KP_VKO SPRO статус: ONLINE AMMO:10
30.04 11:06:05:453 KP_VKO от RLS2_Daryal: Обнаружена цель id:2d1867b координаты X:11237726 Y:7763090 тип:BB_BR скорость:8646
30.04 11:06:05:769 KP_VKO от RLS2_Daryal: цель движется в направлении СПРО id:2d1867b
30.04 11:06:06:521 KP_VKO от RLS2_Daryal: Обнаружена цель id:d6c253b координаты X:10982660 Y:7709334 тип:BB_BR скорость:9938
30.04 11:06:06:768 KP_VKO от RLS2_Daryal: цель движется в направлении СПРО id:d6c253b
30.04 11:06:06:925 KP_VKO ZRDN_1_ORENBURG статус: ONLINE AMMO:20
30.04 11:06:07:147 KP_VKO ZRDN_2_VOLGOGRAD статус: ONLINE AMMO:20
30.04 11:06:07:350 KP_VKO ZRDN_3_MAKHACHKALA статус: ONLINE AMMO:20
30.04 11:06:09:125 KP_VKO от RLS3_Dnepr: Обнаружена цель id:5997b8b координаты X:7542385 Y:1505948 тип:BB_BR скорость:8507
30.04 11:06:09:292 KP_VKO от RLS3_Dnepr: цель движется в направлении СПРО id:5997b8b
30.04 11:06:09:983 KP_VKO от SPRO: Обнаружена цель id:aca096b координаты X:5360139 Y:5050339 тип:BB_BR скорость:8682
30.04 11:06:10:119 KP_VKO от SPRO: Стрельба по цели id:aca096b тип:BB_BR AMMO:9
30.04 11:06:11:379 KP_VKO от ZRDN_1_ORENBURG: Обнаружена цель id:371464s координаты X:4785204 Y:3549188 тип:SAM скорость:138
30.04 11:06:11:553 KP_VKO от ZRDN_1_ORENBURG: Стрельба по цели id:371464s тип:SAM AMMO:19
30.04 11:06:13:059 KP_VKO от RLS3_Dnepr: Обнаружена цель id:5dedf1b координаты X:7694104 Y:1952552 тип:BB_BR скорость:9466
30.04 11:06:13:248 KP_VKO от RLS3_Dnepr: цель движется в направлении СПРО id:5dedf1b
30.04 11:06:13:911 KP_VKO от SPRO: Цель id:aca096b УНИЧТОЖЕНА (BB_BR)
30.04 11:06:15:636 KP_VKO от ZRDN_1_ORENBURG: ПРОМАХ по цели id:371464s (SAM)
30.04 11:06:15:883 KP_VKO от ZRDN_1_ORENBURG: Стрельба по цели id:371464s тип:SAM AMMO:18
30.04 11:06:18:699 KP_VKO от ZRDN_1_ORENBURG: Цель id:371464s УНИЧТОЖЕНА (SAM)
30.04 11:06:29:411 KP_VKO от RLS_1: Обнаружена цель id:a8386bb координаты X:3873820 Y:4413550 тип:BB_BR скорость:9073
30.04 11:06:39:821 KP_VKO от RLS_1: Обнаружена цель id:626b02b координаты X:3201318 Y:4713260 тип:BB_BR скорость:9254
30.04 11:06:54:301 KP_VKO от RLS_1: Обнаружена цель id:29b3a7b координаты X:3905260 Y:4079780 тип:BB_BR скорость:8319
30.04 11:06:54:519 KP_VKO от RLS_1: цель движется в направлении СПРО id:29b3a7b
30.04 11:07:47:108 KP_VKO от RLS3_Dnepr: Обнаружена цель id:a9fd75b координаты X:6904837 Y:1439920 тип:BB_BR скорость:9724
30.04 11:07:47:294 KP_VKO от RLS3_Dnepr: цель движется в направлении СПРО id:a9fd75b
30.04 11:08:13:557 KP_VKO от SPRO: Обнаружена цель id:29b3a7b координаты X:4019780 Y:3767340 тип:BB_BR скорость:8319
30.04 11:08:13:740 KP_VKO от SPRO: Стрельба по цели id:29b3a7b тип:BB_BR AMMO:8
30.04 11:08:17:530 KP_VKO от SPRO: Цель id:29b3a7b УНИЧТОЖЕНА (BB_BR)
30.04 11:08:34:577 KP_VKO от SPRO: Обнаружена цель id:55d6d1b координаты X:6298310 Y:4009212 тип:BB_BR скорость:9108
30.04 11:08:34:729 KP_VKO от SPRO: Стрельба по цели id:55d6d1b тип:BB_BR AMMO:7
30.04 11:08:38:082 KP_VKO от SPRO: ПРОМАХ по цели id:55d6d1b (BB_BR)
30.04 11:08:38:891 KP_VKO от SPRO: Стрельба по цели id:55d6d1b тип:BB_BR AMMO:6
30.04 11:08:42:191 KP_VKO от SPRO: Цель id:55d6d1b УНИЧТОЖЕНА (BB_BR)
30.04 11:08:50:245 KP_VKO от SPRO: Обнаружена цель id:08e203b координаты X:6102417 Y:4605568 тип:BB_BR скорость:8360
30.04 11:08:50:424 KP_VKO от SPRO: Стрельба по цели id:08e203b тип:BB_BR AMMO:5
30.04 11:08:53:735 KP_VKO от SPRO: Цель id:08e203b УНИЧТОЖЕНА (BB_BR)
30.04 11:08:54:494 KP_VKO от SPRO: Обнаружена цель id:9773acb координаты X:5313016 Y:2135566 тип:BB_BR скорость:17524
30.04 11:08:54:652 KP_VKO от SPRO: Стрельба по цели id:9773acb тип:BB_BR AMMO:4
30.04 11:08:57:454 KP_VKO от SPRO: ПРОМАХ по цели id:9773acb (BB_BR)
30.04 11:08:58:270 KP_VKO от SPRO: Стрельба по цели id:9773acb тип:BB_BR AMMO:3
30.04 11:09:00:584 KP_VKO от SPRO: ПРОМАХ по цели id:9773acb (BB_BR)
30.04 11:09:01:372 KP_VKO от SPRO: Стрельба по цели id:9773acb тип:BB_BR AMMO:2
30.04 11:09:04:151 KP_VKO от SPRO: Обнаружена цель id:ac24f2b координаты X:6829857 Y:3878672 тип:BB_BR скорость:16897
30.04 11:09:04:351 KP_VKO от SPRO: Стрельба по цели id:ac24f2b тип:BB_BR AMMO:1
30.04 11:09:05:146 KP_VKO от SPRO: Цель id:9773acb УНИЧТОЖЕНА (BB_BR)
30.04 11:09:07:418 KP_VKO от SPRO: Цель id:ac24f2b УНИЧТОЖЕНА (BB_BR)
30.04 11:09:24:057 KP_VKO от RLS2_Daryal: Обнаружена цель id:dcabdfb координаты X:10270104 Y:7382679 тип:BB_BR скорость:8269
30.04 11:09:24:186 KP_VKO от RLS2_Daryal: цель движется в направлении СПРО id:dcabdfb
30.04 11:09:42:107 KP_VKO RLS_1 НЕ ОТВЕЧАЕТ! Связь потеряна
30.04 11:10:42:435 KP_VKO RLS_1 работоспособность восстановлена
30.04 11:10:43:960 KP_VKO от SPRO: Обнаружена цель id:097f3db координаты X:6060750 Y:2226065 тип:BB_BR скорость:17970
30.04 11:10:44:142 KP_VKO от SPRO: Стрельба по цели id:097f3db тип:BB_BR AMMO:0
30.04 11:10:44:354 KP_VKO SPRO: боекомплект исчерпан!
30.04 11:10:45:062 KP_VKO SPRO: боекомплект пополнен AMMO:10
30.04 11:10:47:444 KP_VKO от SPRO: Цель id:097f3db УНИЧТОЖЕНА (BB_BR)
30.04 11:11:26:635 KP_VKO от RLS3_Dnepr: Обнаружена цель id:58513eb координаты X:7477781 Y:3368009 тип:BB_BR скорость:8424
