09.05 00:39:34:872715690 RLS3_Voronezsh-DM Запуск РЛС типа Voronezsh-DM. Координаты: X=7500000 Y=3450000
09.05 00:41:13:493333639 RLS3_Voronezsh-DM В 00:41:13:490837994 Обнаружена цель id:53b684b с координатами 7391640 1326112 тип:BB_BR скорость:9960
09.05 00:41:13:504540347 RLS3_Voronezsh-DM Цель id:53b684b движется в направлении СПРО
09.05 00:41:38:18292936 RLS3_Voronezsh-DM В 00:41:38:16172652 Обнаружена цель id:0f9cefb с координатами 7126729 2020309 тип:BB_BR скорость:9174
09.05 00:41:38:29473864 RLS3_Voronezsh-DM Цель id:0f9cefb движется в направлении СПРО
09.05 00:42:09:484402161 RLS3_Voronezsh-DM В 00:42:09:482086052 Обнаружена цель id:7c92b9b с координатами 7984625 3099223 тип:BB_BR скорость:9883
09.05 00:42:15:444432528 RLS3_Voronezsh-DM В 00:42:15:442273019 Обнаружена цель id:52277ab с координатами 8543542 2090706 тип:BB_BR скорость:9260
09.05 00:42:15:457154475 RLS3_Voronezsh-DM Цель id:52277ab движется в направлении СПРО
09.05 00:42:27:770267284 RLS3_Voronezsh-DM В 00:42:27:767108066 Обнаружена цель id:92c694b с координатами 8192466 2703290 тип:BB_BR скорость:9889
09.05 00:42:27:783643119 RLS3_Voronezsh-DM Цель id:92c694b движется в направлении СПРО
09.05 00:42:54:303768643 RLS3_Voronezsh-DM В 00:42:54:301878191 Обнаружена цель id:2b93dcb с координатами 8899712 2400948 тип:BB_BR скорость:9581
09.05 00:42:54:313672136 RLS3_Voronezsh-DM Цель id:2b93dcb движется в направлении СПРО
09.05 00:43:11:763948054 RLS3_Voronezsh-DM В 00:43:11:761572010 Обнаружена цель id:254a0fb с координатами 7285852 2878084 тип:BB_BR скорость:9719
09.05 00:44:02:276262841 RLS3_Voronezsh-DM В 00:44:02:274236089 Обнаружена цель id:9d2c79b с координатами 9788320 1598690 тип:BB_BR скорость:8730
09.05 00:44:02:288326134 RLS3_Voronezsh-DM Цель id:9d2c79b движется в направлении СПРО
09.05 00:44:20:983593574 RLS3_Voronezsh-DM В 00:44:20:981735413 Обнаружена цель id:2936b7b с координатами 7026252 3049124 тип:BB_BR скорость:9075
09.05 00:44:20:993103530 RLS3_Voronezsh-DM Цель id:2936b7b движется в направлении СПРО
09.05 00:44:26:896032305 RLS3_Voronezsh-DM В 00:44:26:894222475 Обнаружена цель id:575f13b с координатами 7806520 2044568 тип:BB_BR скорость:8705
09.05 00:44:40:65955221 RLS3_Voronezsh-DM В 00:44:40:63012399 Обнаружена цель id:59494eb с координатами 8011240 2569680 тип:BB_BR скорость:9262
09.05 00:44:40:79564202 RLS3_Voronezsh-DM Цель id:59494eb движется в направлении СПРО
09.05 00:45:47:597087909 RLS3_Voronezsh-DM В 00:45:47:595372367 Обнаружена цель id:b7c29db с координатами 7223877 2460375 тип:BB_BR скорость:8399
09.05 00:45:47:606921533 RLS3_Voronezsh-DM Цель id:b7c29db движется в направлении СПРО
09.05 00:46:17:932332313 RLS3_Voronezsh-DM В 00:46:17:929789583 Обнаружена цель id:a48b3eb с координатами 6757740 2670820 тип:BB_BR скорость:9929
09.05 00:47:56:923265940 RLS3_Voronezsh-DM В 00:47:56:921062038 Обнаружена цель id:83aba5b с координатами 7633446 1694671 тип:BB_BR скорость:8242
09.05 00:48:08:738236409 RLS3_Voronezsh-DM В 00:48:08:735648398 Обнаружена цель id:b25e92b с координатами 7537978 2378260 тип:BB_BR скорость:9564
09.05 00:48:53:743337660 RLS3_Voronezsh-DM Запуск РЛС типа Voronezsh-DM. Координаты: X=7500000 Y=3450000
09.05 00:48:55:22457819 RLS3_Voronezsh-DM В 00:48:55:20293457 Обнаружена цель id:bae01ab с координатами 5816214 1914286 тип:BB_BR скорость:9192
09.05 00:52:12:403555074 RLS3_Voronezsh-DM В 00:52:12:400367462 Обнаружена цель id:33605ab с координатами 5856100 2275200 тип:BB_BR скорость:9824
09.05 00:53:40:79378778 RLS3_Voronezsh-DM В 00:53:40:76727202 Обнаружена цель id:51494db с координатами 10273332 1552481 тип:BB_BR скорость:8751
09.05 00:53:40:89911520 RLS3_Voronezsh-DM Цель id:51494db движется в направлении СПРО
09.05 00:54:05:857773951 RLS3_Voronezsh-DM В 00:54:05:855683997 Обнаружена цель id:5eed28b с координатами 8184450 3057760 тип:BB_BR скорость:9315
09.05 00:54:05:867199692 RLS3_Voronezsh-DM Цель id:5eed28b движется в направлении СПРО
09.05 00:55:34:897875693 RLS3_Voronezsh-DM В 00:55:34:894925115 Обнаружена цель id:705c6cb с координатами 6768064 1995744 тип:BB_BR скорость:9420
09.05 00:55:34:910860410 RLS3_Voronezsh-DM Цель id:705c6cb движется в направлении СПРО
09.05 00:55:53:670293443 RLS3_Voronezsh-DM В 00:55:53:667580104 Обнаружена цель id:1bf554b с координатами 6880085 1053097 тип:BB_BR скорость:8079
09.05 00:55:53:682341289 RLS3_Voronezsh-DM Цель id:1bf554b движется в направлении СПРО
09.05 00:56:37:604296393 RLS3_Voronezsh-DM В 00:56:37:601873116 Обнаружена цель id:99e205b с координатами 8739038 1170720 тип:BB_BR скорость:8785
09.05 00:56:37:616872456 RLS3_Voronezsh-DM Цель id:99e205b движется в направлении СПРО
09.05 00:58:37:239693868 RLS3_Voronezsh-DM В 00:58:37:237512012 Обнаружена цель id:b2f0e2b с координатами 5281060 1375000 тип:BB_BR скорость:9627
09.05 00:58:37:252460456 RLS3_Voronezsh-DM Цель id:b2f0e2b движется в направлении СПРО
09.05 01:00:26:208850832 RLS3_Voronezsh-DM В 01:00:26:206902955 Обнаружена цель id:b85097b с координатами 7160132 2121784 тип:BB_BR скорость:9807
09.05 01:00:26:218276889 RLS3_Voronezsh-DM Цель id:b85097b движется в направлении СПРО
09.05 01:00:33:289974630 RLS3_Voronezsh-DM В 01:00:33:287510199 Обнаружена цель id:da770db с координатами 4819400 1482600 тип:BB_BR скорость:8684
09.05 01:00:39:354992661 RLS3_Voronezsh-DM В 01:00:39:352691224 Обнаружена цель id:747d7ab с координатами 5104376 1986322 тип:BB_BR скорость:9408
09.05 01:00:50:627822174 RLS3_Voronezsh-DM В 01:00:50:624953467 Обнаружена цель id:bda3f7b с координатами 7584196 1661933 тип:BB_BR скорость:8633
09.05 01:00:50:638607256 RLS3_Voronezsh-DM Цель id:bda3f7b движется в направлении СПРО
09.05 01:01:03:772900430 RLS3_Voronezsh-DM В 01:01:03:771109836 Обнаружена цель id:df3275b с координатами 6795526 1347246 тип:BB_BR скорость:9364
09.05 01:01:03:783131573 RLS3_Voronezsh-DM Цель id:df3275b движется в направлении СПРО
09.05 01:01:23:507747766 RLS3_Voronezsh-DM В 01:01:23:505476240 Обнаружена цель id:2b4f2fb с координатами 4916588 1886643 тип:BB_BR скорость:9637
09.05 01:03:59:7952180 RLS3_Voronezsh-DM В 01:03:59:5379810 Обнаружена цель id:16be98b с координатами 5449272 1291600 тип:BB_BR скорость:8817
09.05 01:03:59:19148919 RLS3_Voronezsh-DM Цель id:16be98b движется в направлении СПРО
09.05 01:05:37:689684821 RLS3_Voronezsh-DM В 01:05:37:687466903 Обнаружена цель id:f19ab9b с координатами 8241866 2026804 тип:BB_BR скорость:8048
09.05 01:05:37:700213868 RLS3_Voronezsh-DM Цель id:f19ab9b движется в направлении СПРО
09.05 01:05:55:304429600 RLS3_Voronezsh-DM В 01:05:55:302312471 Обнаружена цель id:7ec828b с координатами 7191680 3149280 тип:BB_BR скорость:8091
09.05 01:05:55:315496221 RLS3_Voronezsh-DM Цель id:7ec828b движется в направлении СПРО
09.05 01:07:37:12426178 RLS3_Voronezsh-DM В 01:07:37:10134433 Обнаружена цель id:315040b с координатами 10414959 1705541 тип:BB_BR скорость:9695
09.05 01:07:37:24722013 RLS3_Voronezsh-DM Цель id:315040b движется в направлении СПРО
09.05 01:11:07:911568610 RLS3_Voronezsh-DM В 01:11:07:909376865 Обнаружена цель id:63e9c9b с координатами 5515876 2113933 тип:BB_BR скорость:9456
09.05 01:15:13:560567359 RLS3_Voronezsh-DM В 01:15:13:558670253 Обнаружена цель id:190e44b с координатами 7486930 3373480 тип:BB_BR скорость:8832
09.05 01:15:13:570663516 RLS3_Voronezsh-DM Цель id:190e44b движется в направлении СПРО
09.05 01:15:50:25963073 RLS3_Voronezsh-DM В 01:15:50:24159034 Обнаружена цель id:89d8cbb с координатами 7378622 3268986 тип:BB_BR скорость:9108
09.05 01:15:50:35320018 RLS3_Voronezsh-DM Цель id:89d8cbb движется в направлении СПРО
09.05 01:16:01:375888608 RLS3_Voronezsh-DM В 01:16:01:373936347 Обнаружена цель id:6e60fcb с координатами 6772480 2111580 тип:BB_BR скорость:9180
09.05 01:16:01:386592547 RLS3_Voronezsh-DM Цель id:6e60fcb движется в направлении СПРО
11.05 14:07:02:422862620 RLS3_Voronezsh-DM Запуск РЛС типа Voronezsh-DM. Координаты: X=7500000 Y=3450000
11.05 14:07:03:490075672 RLS3_Voronezsh-DM В 14:07:03:487805139 Обнаружена цель id:6ef386b с координатами 6019484 1702076 тип:BB_BR скорость:9797
11.05 14:07:03:501561800 RLS3_Voronezsh-DM Цель id:6ef386b движется в направлении СПРО
11.05 14:10:46:473423982 RLS3_Voronezsh-DM В 14:10:46:471526391 Обнаружена цель id:0c3054b с координатами 9953204 1526174 тип:BB_BR скорость:8802
11.05 14:10:46:483617074 RLS3_Voronezsh-DM Цель id:0c3054b движется в направлении СПРО
11.05 14:11:00:857246179 RLS3_Voronezsh-DM В 14:11:00:854514070 Обнаружена цель id:8fe23fb с координатами 9421488 2254580 тип:BB_BR скорость:8345
11.05 14:11:00:870386606 RLS3_Voronezsh-DM Цель id:8fe23fb движется в направлении СПРО
11.05 14:11:44:697180455 RLS3_Voronezsh-DM В 14:11:44:694354167 Обнаружена цель id:1024d1b с координатами 5199869 1833050 тип:BB_BR скорость:8462
11.05 14:11:44:711422950 RLS3_Voronezsh-DM Цель id:1024d1b движется в направлении СПРО
11.05 14:12:18:638498818 RLS3_Voronezsh-DM В 14:12:18:636570327 Обнаружена цель id:594bd5b с координатами 5740160 2305744 тип:BB_BR скорость:9134
11.05 14:13:04:726442195 RLS3_Voronezsh-DM В 14:13:04:724276652 Обнаружена цель id:e8ac78b с координатами 8049015 2958090 тип:BB_BR скорость:9222
11.05 14:26:17:880081313 RLS3_Voronezsh-DM Запуск РЛС типа Voronezsh-DM. Координаты: X=7500000 Y=3450000
11.05 14:26:18:671172654 RLS3_Voronezsh-DM В 14:26:18:669331004 Обнаружена цель id:a5dcaab с координатами 9792330 2359274 тип:BB_BR скорость:8857
11.05 14:26:18:680938826 RLS3_Voronezsh-DM Цель id:a5dcaab движется в направлении СПРО
11.05 14:26:19:189539899 RLS3_Voronezsh-DM В 14:26:19:187557135 Обнаружена цель id:fd29b5b с координатами 8661542 2754922 тип:BB_BR скорость:8974
11.05 14:26:19:200903478 RLS3_Voronezsh-DM Цель id:fd29b5b движется в направлении СПРО
11.05 14:26:20:778516711 RLS3_Voronezsh-DM В 14:26:20:776204168 Обнаружена цель id:05851bb с координатами 5621407 1117023 тип:BB_BR скорость:9058
11.05 14:26:21:859762768 RLS3_Voronezsh-DM В 14:26:21:856121628 Обнаружена цель id:d85df9b с координатами 9780844 1250904 тип:BB_BR скорость:9551
11.05 14:26:21:873832920 RLS3_Voronezsh-DM Цель id:d85df9b движется в направлении СПРО
11.05 14:26:23:924365968 RLS3_Voronezsh-DM В 14:26:23:921613023 Обнаружена цель id:0ba853b с координатами 5963395 1199370 тип:BB_BR скорость:8372
11.05 14:26:23:935780429 RLS3_Voronezsh-DM Цель id:0ba853b движется в направлении СПРО
11.05 14:26:26:576067883 RLS3_Voronezsh-DM В 14:26:26:573864797 Обнаружена цель id:fe605db с координатами 10345482 2643651 тип:BB_BR скорость:9156
11.05 14:26:26:589112478 RLS3_Voronezsh-DM Цель id:fe605db движется в направлении СПРО
11.05 14:29:08:621453329 RLS3_Voronezsh-DM Запуск РЛС типа Voronezsh-DM. Координаты: X=7500000 Y=3450000
11.05 14:29:09:685067646 RLS3_Voronezsh-DM В 14:29:09:683145634 Обнаружена цель id:c4d84ab с координатами 7305812 2443014 тип:BB_BR скорость:9488
11.05 14:29:11:103450667 RLS3_Voronezsh-DM В 14:29:11:100664565 Обнаружена цель id:f8e4e6b с координатами 7691891 1252679 тип:BB_BR скорость:8270
11.05 14:29:11:614753428 RLS3_Voronezsh-DM В 14:29:11:612420076 Обнаружена цель id:bfb41eb с координатами 3888743 3680108 тип:BB_BR скорость:9187
11.05 14:29:12:675099702 RLS3_Voronezsh-DM В 14:29:12:672759036 Обнаружена цель id:aebd0ab с координатами 5627568 3128628 тип:BB_BR скорость:9999
11.05 14:29:12:688339408 RLS3_Voronezsh-DM Цель id:aebd0ab движется в направлении СПРО
11.05 14:29:13:350335562 RLS3_Voronezsh-DM В 14:29:13:348411555 Обнаружена цель id:cb4698b с координатами 11106405 3914895 тип:BB_BR скорость:9808
11.05 14:29:13:360316070 RLS3_Voronezsh-DM Цель id:cb4698b движется в направлении СПРО
11.05 14:29:25:305927581 RLS3_Voronezsh-DM В 14:29:25:303677717 Обнаружена цель id:67ee32b с координатами 7090023 2442288 тип:BB_BR скорость:8284
11.05 14:29:25:316640758 RLS3_Voronezsh-DM Цель id:67ee32b движется в направлении СПРО
11.05 14:33:06:368619388 RLS3_Voronezsh-DM В 14:33:06:366333125 Обнаружена цель id:b59d2db с координатами 7210364 2701655 тип:BB_BR скорость:8649
11.05 14:33:06:380154312 RLS3_Voronezsh-DM Цель id:b59d2db движется в направлении СПРО
11.05 14:33:18:380338193 RLS3_Voronezsh-DM В 14:33:18:377813549 Обнаружена цель id:d13110b с координатами 6666946 3593576 тип:BB_BR скорость:9196
11.05 14:33:18:392730222 RLS3_Voronezsh-DM Цель id:d13110b движется в направлении СПРО
11.05 14:33:24:827247029 RLS3_Voronezsh-DM В 14:33:24:824792355 Обнаружена цель id:c0ba8cb с координатами 6111856 3601060 тип:BB_BR скорость:8969
11.05 14:34:16:268121359 RLS3_Voronezsh-DM В 14:34:16:266098023 Обнаружена цель id:855d37b с координатами 7698175 3222975 тип:BB_BR скорость:8069
11.05 14:34:47:801444937 RLS3_Voronezsh-DM В 14:34:47:799000804 Обнаружена цель id:947709b с координатами 9238700 3437028 тип:BB_BR скорость:9001
11.05 14:34:47:813411589 RLS3_Voronezsh-DM Цель id:947709b движется в направлении СПРО
11.05 14:34:59:730430922 RLS3_Voronezsh-DM В 14:34:59:728159993 Обнаружена цель id:8cb5b5b с координатами 8999960 3110004 тип:BB_BR скорость:8215
11.05 14:34:59:742292851 RLS3_Voronezsh-DM Цель id:8cb5b5b движется в направлении СПРО
11.05 14:35:11:643771541 RLS3_Voronezsh-DM В 14:35:11:641128992 Обнаружена цель id:be3c5bb с координатами 5672910 3459666 тип:BB_BR скорость:9647
11.05 14:35:55:664420148 RLS3_Voronezsh-DM В 14:35:55:661782137 Обнаружена цель id:f68b3fb с координатами 6808416 3380168 тип:BB_BR скорость:9674
11.05 14:35:55:678550339 RLS3_Voronezsh-DM Цель id:f68b3fb движется в направлении СПРО
11.05 14:36:07:784385816 RLS3_Voronezsh-DM В 14:36:07:782157417 Обнаружена цель id:3dc231b с координатами 7286325 1590820 тип:BB_BR скорость:9324
11.05 14:36:07:795541125 RLS3_Voronezsh-DM Цель id:3dc231b движется в направлении СПРО
11.05 14:36:33:346467090 RLS3_Voronezsh-DM В 14:36:33:344479503 Обнаружена цель id:f0984db с координатами 5750696 3456034 тип:BB_BR скорость:8053
11.05 14:36:33:357375226 RLS3_Voronezsh-DM Цель id:f0984db движется в направлении СПРО
11.05 14:37:18:337149852 RLS3_Voronezsh-DM В 14:37:18:335178911 Обнаружена цель id:bae7b7b с координатами 4642910 2988516 тип:BB_BR скорость:8152
11.05 14:37:49:175937385 RLS3_Voronezsh-DM Запуск РЛС типа Voronezsh-DM. Координаты: X=7500000 Y=3450000
11.05 14:37:50:219331468 RLS3_Voronezsh-DM В 14:37:50:217528951 Обнаружена цель id:aa9c84b с координатами 6736790 1960220 тип:BB_BR скорость:8844
11.05 14:37:50:837488861 RLS3_Voronezsh-DM В 14:37:50:835468611 Обнаружена цель id:395f7ab с координатами 9966600 3254938 тип:BB_BR скорость:9679
11.05 14:37:50:847188716 RLS3_Voronezsh-DM Цель id:395f7ab движется в направлении СПРО
11.05 14:37:52:608414320 RLS3_Voronezsh-DM В 14:37:52:606500708 Обнаружена цель id:58cabdb с координатами 8718404 2285788 тип:BB_BR скорость:8606
11.05 14:37:52:618404847 RLS3_Voronezsh-DM Цель id:58cabdb движется в направлении СПРО
11.05 14:37:53:230093554 RLS3_Voronezsh-DM В 14:37:53:227151352 Обнаружена цель id:d98a1bb с координатами 7066196 3117548 тип:BB_BR скорость:8208
11.05 14:37:53:244390183 RLS3_Voronezsh-DM Цель id:d98a1bb движется в направлении СПРО
11.05 14:37:53:956006248 RLS3_Voronezsh-DM В 14:37:53:951591981 Обнаружена цель id:c723abb с координатами 8993025 1071810 тип:BB_BR скорость:9094
11.05 14:37:53:965366876 RLS3_Voronezsh-DM Цель id:c723abb движется в направлении СПРО
11.05 14:37:54:645561278 RLS3_Voronezsh-DM В 14:37:54:642955514 Обнаружена цель id:749758b с координатами 10552000 2093345 тип:BB_BR скорость:8426
11.05 14:37:54:660362908 RLS3_Voronezsh-DM Цель id:749758b движется в направлении СПРО
11.05 14:37:58:266103364 RLS3_Voronezsh-DM В 14:37:58:263419131 Обнаружена цель id:41cec2b с координатами 8037368 1364192 тип:BB_BR скорость:8468
11.05 14:37:58:279158984 RLS3_Voronezsh-DM Цель id:41cec2b движется в направлении СПРО
11.05 14:37:59:367006539 RLS3_Voronezsh-DM В 14:37:59:364319142 Обнаружена цель id:dab405b с координатами 5853888 3621080 тип:BB_BR скорость:8746
11.05 14:37:59:378479054 RLS3_Voronezsh-DM Цель id:dab405b движется в направлении СПРО
11.05 14:38:11:508260694 RLS3_Voronezsh-DM В 14:38:11:505809748 Обнаружена цель id:ddc492b с координатами 5143710 2334580 тип:BB_BR скорость:8158
11.05 14:38:11:520819690 RLS3_Voronezsh-DM Цель id:ddc492b движется в направлении СПРО
11.05 14:38:53:4899383 RLS3_Voronezsh-DM В 14:38:53:3003209 Обнаружена цель id:2e5c6cb с координатами 8931155 3675720 тип:BB_BR скорость:8202
11.05 14:38:53:14277054 RLS3_Voronezsh-DM Цель id:2e5c6cb движется в направлении СПРО
11.05 14:41:17:31810085 RLS3_Voronezsh-DM В 14:41:17:29471815 Обнаружена цель id:f9b2dbb с координатами 5681100 3289175 тип:BB_BR скорость:8776
11.05 14:41:17:43432647 RLS3_Voronezsh-DM Цель id:f9b2dbb движется в направлении СПРО
11.05 14:41:54:515650567 RLS3_Voronezsh-DM В 14:41:54:513607500 Обнаружена цель id:4ba214b с координатами 6285087 2327012 тип:BB_BR скорость:8558
11.05 14:41:54:526207017 RLS3_Voronezsh-DM Цель id:4ba214b движется в направлении СПРО
11.05 14:42:06:776069793 RLS3_Voronezsh-DM В 14:42:06:773778690 Обнаружена цель id:d1bc60b с координатами 7242993 3145229 тип:BB_BR скорость:8712
11.05 14:43:15:316551635 RLS3_Voronezsh-DM В 14:43:15:314215478 Обнаружена цель id:2b6b9ab с координатами 5632378 3219400 тип:BB_BR скорость:8100
11.05 14:43:28:745500287 RLS3_Voronezsh-DM В 14:43:28:743079353 Обнаружена цель id:ad89e6b с координатами 8538644 2248992 тип:BB_BR скорость:9353
11.05 14:43:28:759913012 RLS3_Voronezsh-DM Цель id:ad89e6b движется в направлении СПРО
11.05 14:43:40:995089104 RLS3_Voronezsh-DM В 14:43:40:992775689 Обнаружена цель id:9e2f80b с координатами 6263384 3341504 тип:BB_BR скорость:9603
11.05 14:43:53:200644177 RLS3_Voronezsh-DM В 14:43:53:198377902 Обнаружена цель id:4a1451b с координатами 5464383 3552036 тип:BB_BR скорость:8240
11.05 14:44:12:933272118 RLS3_Voronezsh-DM В 14:44:12:930617044 Обнаружена цель id:217984b с координатами 9605024 3707653 тип:BB_BR скорость:9444
11.05 14:44:55:579730836 RLS3_Voronezsh-DM В 14:44:55:577230543 Обнаружена цель id:cb33d0b с координатами 4053500 2066400 тип:BB_BR скорость:8199
11.05 14:44:55:593786593 RLS3_Voronezsh-DM Цель id:cb33d0b движется в направлении СПРО
11.05 14:46:05:367541543 RLS3_Voronezsh-DM В 14:46:05:365313394 Обнаружена цель id:99d811b с координатами 5487540 2206728 тип:BB_BR скорость:9841
11.05 14:46:05:377982407 RLS3_Voronezsh-DM Цель id:99d811b движется в направлении СПРО
11.05 14:46:17:898818853 RLS3_Voronezsh-DM В 14:46:17:896409591 Обнаружена цель id:2d3ce4b с координатами 7207480 3035860 тип:BB_BR скорость:9437
11.05 14:46:30:50616036 RLS3_Voronezsh-DM В 14:46:30:48590519 Обнаружена цель id:df6cc0b с координатами 5355010 3582949 тип:BB_BR скорость:9453
11.05 14:46:30:62576708 RLS3_Voronezsh-DM Цель id:df6cc0b движется в направлении СПРО
11.05 14:46:42:19231587 RLS3_Voronezsh-DM В 14:46:42:16363231 Обнаружена цель id:ab1560b с координатами 8448135 3514590 тип:BB_BR скорость:8987
11.05 14:46:42:33132676 RLS3_Voronezsh-DM Цель id:ab1560b движется в направлении СПРО
11.05 14:47:00:807057300 RLS3_Voronezsh-DM В 14:47:00:805224816 Обнаружена цель id:46bd3bb с координатами 3913438 2293114 тип:BB_BR скорость:9419
11.05 14:47:00:816642318 RLS3_Voronezsh-DM Цель id:46bd3bb движется в направлении СПРО
11.05 14:47:14:611109470 RLS3_Voronezsh-DM В 14:47:14:609091332 Обнаружена цель id:6577acb с координатами 5854010 1603031 тип:BB_BR скорость:8366
11.05 14:47:14:625840022 RLS3_Voronezsh-DM Цель id:6577acb движется в направлении СПРО
11.05 14:50:30:508623623 RLS3_Voronezsh-DM Запуск РЛС типа Voronezsh-DM. Координаты: X=7500000 Y=3450000
11.05 14:50:31:345897579 RLS3_Voronezsh-DM В 14:50:31:344025697 Обнаружена цель id:6d9373b с координатами 7723818 1384730 тип:BB_BR скорость:9032
11.05 14:50:31:355467544 RLS3_Voronezsh-DM Цель id:6d9373b движется в направлении СПРО
11.05 14:50:31:607469745 RLS3_Voronezsh-DM В 14:50:31:605423377 Обнаружена цель id:274a5db с координатами 6084324 1175724 тип:BB_BR скорость:9399
11.05 14:50:31:617801600 RLS3_Voronezsh-DM Цель id:274a5db движется в направлении СПРО
11.05 14:50:33:682259622 RLS3_Voronezsh-DM В 14:50:33:680402832 Обнаружена цель id:96e530b с координатами 3960688 3941120 тип:BB_BR скорость:8705
11.05 14:50:36:916857469 RLS3_Voronezsh-DM В 14:50:36:914995228 Обнаружена цель id:894c5eb с координатами 6717892 2319158 тип:BB_BR скорость:9008
11.05 14:50:38:646055194 RLS3_Voronezsh-DM В 14:50:38:643764963 Обнаружена цель id:fd7a45b с координатами 8431270 1536435 тип:BB_BR скорость:8906
11.05 14:50:38:657628284 RLS3_Voronezsh-DM Цель id:fd7a45b движется в направлении СПРО
11.05 14:50:42:99896061 RLS3_Voronezsh-DM В 14:50:42:97222254 Обнаружена цель id:392430b с координатами 7031667 2527146 тип:BB_BR скорость:9813
11.05 14:50:43:403950892 RLS3_Voronezsh-DM В 14:50:43:402025853 Обнаружена цель id:280b5cb с координатами 8287470 1382400 тип:BB_BR скорость:8886
11.05 14:50:43:414240924 RLS3_Voronezsh-DM Цель id:280b5cb движется в направлении СПРО
11.05 14:52:27:790155285 RLS3_Voronezsh-DM В 14:52:27:788228574 Обнаружена цель id:0aa2e7b с координатами 9152524 1709220 тип:BB_BR скорость:8511
11.05 14:52:27:800256943 RLS3_Voronezsh-DM Цель id:0aa2e7b движется в направлении СПРО
11.05 14:52:46:88919945 RLS3_Voronezsh-DM В 14:52:46:87028801 Обнаружена цель id:ca170ab с координатами 6664162 3182126 тип:BB_BR скорость:8720
11.05 14:53:40:124756567 RLS3_Voronezsh-DM В 14:53:40:122509498 Обнаружена цель id:0c8a0db с координатами 6566118 3011080 тип:BB_BR скорость:9718
11.05 14:53:40:134541850 RLS3_Voronezsh-DM Цель id:0c8a0db движется в направлении СПРО
11.05 14:53:59:686939368 RLS3_Voronezsh-DM В 14:53:59:684326395 Обнаружена цель id:020aa9b с координатами 10895922 2375548 тип:BB_BR скорость:8826
11.05 14:53:59:697976218 RLS3_Voronezsh-DM Цель id:020aa9b движется в направлении СПРО
11.05 14:54:11:912903420 RLS3_Voronezsh-DM В 14:54:11:910412859 Обнаружена цель id:9f57d9b с координатами 8447260 1568104 тип:BB_BR скорость:8725
11.05 14:54:11:923438639 RLS3_Voronezsh-DM Цель id:9f57d9b движется в направлении СПРО
11.05 14:55:27:540548887 RLS3_Voronezsh-DM В 14:55:27:537776632 Обнаружена цель id:7c35ddb с координатами 5177000 1569700 тип:BB_BR скорость:9985
11.05 14:55:27:551623403 RLS3_Voronezsh-DM Цель id:7c35ddb движется в направлении СПРО
11.05 14:56:10:692383419 RLS3_Voronezsh-DM В 14:56:10:690210831 Обнаружена цель id:2f0c9ab с координатами 5086210 2198112 тип:BB_BR скорость:8853
11.05 14:56:10:703483769 RLS3_Voronezsh-DM Цель id:2f0c9ab движется в направлении СПРО
11.05 14:56:17:108763359 RLS3_Voronezsh-DM В 14:56:17:106677780 Обнаружена цель id:325a80b с координатами 9970035 3310840 тип:BB_BR скорость:8667
11.05 14:56:17:119069989 RLS3_Voronezsh-DM Цель id:325a80b движется в направлении СПРО
11.05 14:57:51:226851687 RLS3_Voronezsh-DM В 14:57:51:224180834 Обнаружена цель id:a51b35b с координатами 7668564 3398296 тип:BB_BR скорость:8112
11.05 14:57:51:237267961 RLS3_Voronezsh-DM Цель id:a51b35b движется в направлении СПРО
11.05 14:58:51:960964060 RLS3_Voronezsh-DM В 14:58:51:959061974 Обнаружена цель id:c489d4b с координатами 5959518 2444822 тип:BB_BR скорость:8219
11.05 14:58:51:970358567 RLS3_Voronezsh-DM Цель id:c489d4b движется в направлении СПРО
11.05 14:58:59:755698084 RLS3_Voronezsh-DM В 14:58:59:753781777 Обнаружена цель id:186075b с координатами 10778762 3785134 тип:BB_BR скорость:8813
11.05 14:58:59:765627890 RLS3_Voronezsh-DM Цель id:186075b движется в направлении СПРО
11.05 14:59:17:604454065 RLS3_Voronezsh-DM В 14:59:17:602129659 Обнаружена цель id:f63e8ab с координатами 5702024 3698970 тип:BB_BR скорость:9994
11.05 14:59:23:812881731 RLS3_Voronezsh-DM В 14:59:23:810755395 Обнаружена цель id:eaf9eeb с координатами 8240504 3037872 тип:BB_BR скорость:9317
11.05 14:59:23:822970484 RLS3_Voronezsh-DM Цель id:eaf9eeb движется в направлении СПРО
11.05 14:59:48:30170942 RLS3_Voronezsh-DM В 14:59:48:28114299 Обнаружена цель id:8835a5b с координатами 6891875 3441735 тип:BB_BR скорость:8887
11.05 14:59:48:40795265 RLS3_Voronezsh-DM Цель id:8835a5b движется в направлении СПРО
11.05 15:00:20:127461881 RLS3_Voronezsh-DM В 15:00:20:125612596 Обнаружена цель id:851b33b с координатами 10798595 3259187 тип:BB_BR скорость:8737
11.05 15:00:20:140418691 RLS3_Voronezsh-DM Цель id:851b33b движется в направлении СПРО
11.05 15:00:38:43769389 RLS3_Voronezsh-DM В 15:00:38:41847225 Обнаружена цель id:eddbf1b с координатами 3935956 2595694 тип:BB_BR скорость:9685
11.05 15:00:38:54985599 RLS3_Voronezsh-DM Цель id:eddbf1b движется в направлении СПРО
11.05 15:01:47:134939301 RLS3_Voronezsh-DM В 15:01:47:132439941 Обнаружена цель id:9ce171b с координатами 7109879 1436797 тип:BB_BR скорость:8234
11.05 15:01:47:148574736 RLS3_Voronezsh-DM Цель id:9ce171b движется в направлении СПРО
11.05 15:02:05:976961288 RLS3_Voronezsh-DM В 15:02:05:974585800 Обнаружена цель id:6872f7b с координатами 8768697 3250485 тип:BB_BR скорость:8500
11.05 15:02:05:989214368 RLS3_Voronezsh-DM Цель id:6872f7b движется в направлении СПРО
11.05 15:02:13:347542223 RLS3_Voronezsh-DM В 15:02:13:345061070 Обнаружена цель id:fa229eb с координатами 9714776 2105288 тип:BB_BR скорость:8189
11.05 15:02:13:359510591 RLS3_Voronezsh-DM Цель id:fa229eb движется в направлении СПРО
11.05 15:03:40:12677336 RLS3_Voronezsh-DM В 15:03:40:10352862 Обнаружена цель id:6dbed9b с координатами 4841024 2837504 тип:BB_BR скорость:8540
11.05 15:04:36:284939140 RLS3_Voronezsh-DM В 15:04:36:282263178 Обнаружена цель id:5459eab с координатами 6928780 2938080 тип:BB_BR скорость:8474
11.05 15:04:48:935326522 RLS3_Voronezsh-DM В 15:04:48:932304795 Обнаружена цель id:41df8eb с координатами 5587835 3179644 тип:BB_BR скорость:9692
11.05 15:05:19:633818799 RLS3_Voronezsh-DM В 15:05:19:631242466 Обнаружена цель id:dc870ab с координатами 10597656 2587408 тип:BB_BR скорость:8840
11.05 15:05:19:647111640 RLS3_Voronezsh-DM Цель id:dc870ab движется в направлении СПРО
11.05 15:05:39:325585126 RLS3_Voronezsh-DM В 15:05:39:322254162 Обнаружена цель id:4bf2e5b с координатами 8973400 1238052 тип:BB_BR скорость:8677
11.05 15:05:39:341000064 RLS3_Voronezsh-DM Цель id:4bf2e5b движется в направлении СПРО
11.05 15:06:23:669191106 RLS3_Voronezsh-DM В 15:06:23:666935481 Обнаружена цель id:3731b7b с координатами 5025736 2654326 тип:BB_BR скорость:9498
11.05 15:06:29:894395684 RLS3_Voronezsh-DM В 15:06:29:891973414 Обнаружена цель id:e6534bb с координатами 6895172 2999028 тип:BB_BR скорость:9237
11.05 15:06:50:842792340 RLS3_Voronezsh-DM В 15:06:50:840891326 Обнаружена цель id:702630b с координатами 7930077 2240044 тип:BB_BR скорость:8034
11.05 15:07:39:652502490 RLS3_Voronezsh-DM В 15:07:39:650098582 Обнаружена цель id:c69a67b с координатами 5674640 3337010 тип:BB_BR скорость:8205
11.05 15:07:39:663647534 RLS3_Voronezsh-DM Цель id:c69a67b движется в направлении СПРО
11.05 15:08:11:582662329 RLS3_Voronezsh-DM В 15:08:11:580252357 Обнаружена цель id:1d4138b с координатами 5122303 3617987 тип:BB_BR скорость:8616
11.05 15:08:11:594590889 RLS3_Voronezsh-DM Цель id:1d4138b движется в направлении СПРО
11.05 15:08:50:622176846 RLS3_Voronezsh-DM В 15:08:50:619208040 Обнаружена цель id:e2e423b с координатами 6048100 3276550 тип:BB_BR скорость:8724
11.05 15:08:50:637992956 RLS3_Voronezsh-DM Цель id:e2e423b движется в направлении СПРО
11.05 15:10:12:418141789 RLS3_Voronezsh-DM В 15:10:12:415960757 Обнаружена цель id:01f2bab с координатами 9683056 1902216 тип:BB_BR скорость:9051
11.05 15:10:12:429173766 RLS3_Voronezsh-DM Цель id:01f2bab движется в направлении СПРО
11.05 15:10:48:893921870 RLS3_Voronezsh-DM В 15:10:48:892117509 Обнаружена цель id:af5da9b с координатами 6014520 2697320 тип:BB_BR скорость:9453
11.05 15:11:21:375544327 RLS3_Voronezsh-DM В 15:11:21:371348694 Обнаружена цель id:ae9c10b с координатами 6981374 3468528 тип:BB_BR скорость:9033
11.05 15:11:33:742284489 RLS3_Voronezsh-DM В 15:11:33:739832125 Обнаружена цель id:571c86b с координатами 5098409 2303823 тип:BB_BR скорость:8310
11.05 15:11:33:757340046 RLS3_Voronezsh-DM Цель id:571c86b движется в направлении СПРО
11.05 15:11:53:485628638 RLS3_Voronezsh-DM В 15:11:53:483010694 Обнаружена цель id:58231eb с координатами 7567850 3399812 тип:BB_BR скорость:8108
11.05 15:11:53:498505556 RLS3_Voronezsh-DM Цель id:58231eb движется в направлении СПРО
11.05 15:12:05:725125290 RLS3_Voronezsh-DM В 15:12:05:722972670 Обнаружена цель id:20b840b с координатами 7348516 1608688 тип:BB_BR скорость:8931
11.05 15:12:05:736912818 RLS3_Voronezsh-DM Цель id:20b840b движется в направлении СПРО
11.05 15:12:12:120435255 RLS3_Voronezsh-DM В 15:12:12:118467921 Обнаружена цель id:70331bb с координатами 6763007 2227545 тип:BB_BR скорость:9250
11.05 15:12:12:130634367 RLS3_Voronezsh-DM Цель id:70331bb движется в направлении СПРО
11.05 15:12:31:191720493 RLS3_Voronezsh-DM В 15:12:31:189456492 Обнаружена цель id:ce1104b с координатами 9891380 2163064 тип:BB_BR скорость:8379
11.05 15:12:31:203118468 RLS3_Voronezsh-DM Цель id:ce1104b движется в направлении СПРО
11.05 15:12:37:317549681 RLS3_Voronezsh-DM В 15:12:37:315081663 Обнаружена цель id:611c4ab с координатами 5518252 2831786 тип:BB_BR скорость:9365
11.05 15:12:37:330159994 RLS3_Voronezsh-DM Цель id:611c4ab движется в направлении СПРО
11.05 15:13:01:155232630 RLS3_Voronezsh-DM В 15:13:01:153256906 Обнаружена цель id:ca2384b с координатами 8904556 1844472 тип:BB_BR скорость:8818
11.05 15:13:01:165875063 RLS3_Voronezsh-DM Цель id:ca2384b движется в направлении СПРО
11.05 15:13:27:470671658 RLS3_Voronezsh-DM В 15:13:27:468857889 Обнаружена цель id:0e8720b с координатами 5293100 1823644 тип:BB_BR скорость:8925
11.05 15:13:27:480461574 RLS3_Voronezsh-DM Цель id:0e8720b движется в направлении СПРО
11.05 15:13:34:21223448 RLS3_Voronezsh-DM В 15:13:34:18850921 Обнаружена цель id:97a80fb с координатами 8251163 3354047 тип:BB_BR скорость:8838
11.05 15:14:12:203748203 RLS3_Voronezsh-DM В 15:14:12:201719226 Обнаружена цель id:f3bbb4b с координатами 11355620 2636812 тип:BB_BR скорость:8845
11.05 15:14:12:215485139 RLS3_Voronezsh-DM Цель id:f3bbb4b движется в направлении СПРО
11.05 15:14:42:694099473 RLS3_Voronezsh-DM В 15:14:42:692125862 Обнаружена цель id:ac18b8b с координатами 7345262 1685230 тип:BB_BR скорость:9252
11.05 15:14:42:703656869 RLS3_Voronezsh-DM Цель id:ac18b8b движется в направлении СПРО
11.05 15:14:50:416004283 RLS3_Voronezsh-DM В 15:14:50:414128744 Обнаружена цель id:e3c3bfb с координатами 6255868 3476940 тип:BB_BR скорость:8537
11.05 15:14:50:426962825 RLS3_Voronezsh-DM Цель id:e3c3bfb движется в направлении СПРО
11.05 15:14:56:735009250 RLS3_Voronezsh-DM В 15:14:56:732525362 Обнаружена цель id:e2d8bab с координатами 4051644 1869251 тип:BB_BR скорость:9442
11.05 15:14:56:748673010 RLS3_Voronezsh-DM Цель id:e2d8bab движется в направлении СПРО
11.05 15:15:46:553226155 RLS3_Voronezsh-DM В 15:15:46:551077202 Обнаружена цель id:7cb9c5b с координатами 5386144 3404184 тип:BB_BR скорость:9537
11.05 15:15:46:563647288 RLS3_Voronezsh-DM Цель id:7cb9c5b движется в направлении СПРО
11.05 15:16:16:844398258 RLS3_Voronezsh-DM В 15:16:16:842165836 Обнаружена цель id:acf5c8b с координатами 10472938 3683668 тип:BB_BR скорость:8512
11.05 15:16:16:856879824 RLS3_Voronezsh-DM Цель id:acf5c8b движется в направлении СПРО
11.05 15:16:24:443632784 RLS3_Voronezsh-DM В 15:16:24:441738184 Обнаружена цель id:155c6fb с координатами 5733849 3725187 тип:BB_BR скорость:8528
11.05 15:16:30:665549310 RLS3_Voronezsh-DM В 15:16:30:663352948 Обнаружена цель id:a193cdb с координатами 8736817 3625553 тип:BB_BR скорость:8079
11.05 15:16:30:677651992 RLS3_Voronezsh-DM Цель id:a193cdb движется в направлении СПРО
11.05 15:17:00:846537697 RLS3_Voronezsh-DM В 15:17:00:844360755 Обнаружена цель id:c1c456b с координатами 5244640 2985064 тип:BB_BR скорость:9749
11.05 15:19:40:12481294 RLS3_Voronezsh-DM В 15:19:40:10358340 Обнаружена цель id:e2ba65b с координатами 5211187 3474091 тип:BB_BR скорость:9469
11.05 15:19:40:23796101 RLS3_Voronezsh-DM Цель id:e2ba65b движется в направлении СПРО
11.05 15:20:31:324617164 RLS3_Voronezsh-DM В 15:20:31:322646088 Обнаружена цель id:db5283b с координатами 10215372 2511592 тип:BB_BR скорость:9052
11.05 15:20:31:334816186 RLS3_Voronezsh-DM Цель id:db5283b движется в направлении СПРО
11.05 15:20:43:526718536 RLS3_Voronezsh-DM В 15:20:43:524833873 Обнаружена цель id:927116b с координатами 8949605 3367505 тип:BB_BR скорость:8644
11.05 15:20:43:537582375 RLS3_Voronezsh-DM Цель id:927116b движется в направлении СПРО
11.05 15:20:55:440501113 RLS3_Voronezsh-DM В 15:20:55:438105844 Обнаружена цель id:e27c61b с координатами 8824172 2449928 тип:BB_BR скорость:8931
11.05 15:20:55:451887506 RLS3_Voronezsh-DM Цель id:e27c61b движется в направлении СПРО
11.05 15:21:40:284843135 RLS3_Voronezsh-DM В 15:21:40:282511626 Обнаружена цель id:aa9688b с координатами 9236302 2954722 тип:BB_BR скорость:8834
11.05 15:21:40:295162687 RLS3_Voronezsh-DM Цель id:aa9688b движется в направлении СПРО
11.05 15:23:03:412004460 RLS3_Voronezsh-DM В 15:23:03:409999258 Обнаружена цель id:843e86b с координатами 7208432 2610478 тип:BB_BR скорость:9236
11.05 15:24:23:15591695 RLS3_Voronezsh-DM В 15:24:23:13726440 Обнаружена цель id:b0423db с координатами 10904776 2205032 тип:BB_BR скорость:9877
11.05 15:24:23:25746303 RLS3_Voronezsh-DM Цель id:b0423db движется в направлении СПРО
11.05 15:24:40:65240803 RLS3_Voronezsh-DM В 15:24:40:62954399 Обнаружена цель id:8c7b77b с координатами 7313523 1760950 тип:BB_BR скорость:9370
11.05 15:24:40:74830861 RLS3_Voronezsh-DM Цель id:8c7b77b движется в направлении СПРО
11.05 15:24:46:127760378 RLS3_Voronezsh-DM В 15:24:46:122856592 Обнаружена цель id:6eb0c5b с координатами 8227654 2920782 тип:BB_BR скорость:8109
11.05 15:24:46:138241545 RLS3_Voronezsh-DM Цель id:6eb0c5b движется в направлении СПРО
11.05 15:24:51:962377766 RLS3_Voronezsh-DM В 15:24:51:960542812 Обнаружена цель id:0a65bdb с координатами 7551134 1241008 тип:BB_BR скорость:9850
11.05 15:24:51:972409716 RLS3_Voronezsh-DM Цель id:0a65bdb движется в направлении СПРО
11.05 15:26:59:356406621 RLS3_Voronezsh-DM В 15:26:59:353978480 Обнаружена цель id:657cceb с координатами 4683438 2297292 тип:BB_BR скорость:9975
11.05 15:26:59:366728532 RLS3_Voronezsh-DM Цель id:657cceb движется в направлении СПРО
11.05 15:27:05:236781789 RLS3_Voronezsh-DM В 15:27:05:233545183 Обнаружена цель id:be13c3b с координатами 9195540 3230300 тип:BB_BR скорость:8533
11.05 15:27:05:248959541 RLS3_Voronezsh-DM Цель id:be13c3b движется в направлении СПРО
11.05 15:27:17:384706129 RLS3_Voronezsh-DM В 15:27:17:382830424 Обнаружена цель id:c9c044b с координатами 5847258 3670347 тип:BB_BR скорость:8098
11.05 15:27:17:394260680 RLS3_Voronezsh-DM Цель id:c9c044b движется в направлении СПРО
11.05 15:27:37:799531231 RLS3_Voronezsh-DM В 15:27:37:796202199 Обнаружена цель id:503389b с координатами 5777520 3411038 тип:BB_BR скорость:8102
11.05 15:27:37:813650043 RLS3_Voronezsh-DM Цель id:503389b движется в направлении СПРО
11.05 15:28:21:923993703 RLS3_Voronezsh-DM В 15:28:21:921386964 Обнаружена цель id:37c2ffb с координатами 6425307 3004467 тип:BB_BR скорость:9237
11.05 15:28:21:935591589 RLS3_Voronezsh-DM Цель id:37c2ffb движется в направлении СПРО
11.05 15:28:28:239731318 RLS3_Voronezsh-DM В 15:28:28:236748916 Обнаружена цель id:725763b с координатами 10945112 2854056 тип:BB_BR скорость:9880
11.05 15:28:28:253044854 RLS3_Voronezsh-DM Цель id:725763b движется в направлении СПРО
11.05 15:28:42:270061815 RLS3_Voronezsh-DM В 15:28:42:267681974 Обнаружена цель id:bffaadb с координатами 11262442 3921361 тип:BB_BR скорость:8081
11.05 15:28:42:282526832 RLS3_Voronezsh-DM Цель id:bffaadb движется в направлении СПРО
11.05 15:28:48:862103935 RLS3_Voronezsh-DM В 15:28:48:859444785 Обнаружена цель id:29fe42b с координатами 7131608 3017928 тип:BB_BR скорость:9555
11.05 15:29:19:339269918 RLS3_Voronezsh-DM В 15:29:19:336968907 Обнаружена цель id:7eb07fb с координатами 5327354 1180162 тип:BB_BR скорость:9278
11.05 15:29:45:302616404 RLS3_Voronezsh-DM В 15:29:45:299647666 Обнаружена цель id:c4c81ab с координатами 7625450 1575200 тип:BB_BR скорость:9472
11.05 15:29:45:314123290 RLS3_Voronezsh-DM Цель id:c4c81ab движется в направлении СПРО
11.05 15:30:49:115462897 RLS3_Voronezsh-DM В 15:30:49:113515096 Обнаружена цель id:977568b с координатами 10727594 3971747 тип:BB_BR скорость:8794
11.05 15:30:49:126204623 RLS3_Voronezsh-DM Цель id:977568b движется в направлении СПРО
11.05 15:31:02:665816014 RLS3_Voronezsh-DM В 15:31:02:663534499 Обнаружена цель id:14757cb с координатами 9357163 3628577 тип:BB_BR скорость:8398
11.05 15:31:02:678078647 RLS3_Voronezsh-DM Цель id:14757cb движется в направлении СПРО
11.05 15:31:32:757477127 RLS3_Voronezsh-DM В 15:31:32:754700565 Обнаружена цель id:2cc8adb с координатами 5061220 2740040 тип:BB_BR скорость:8172
11.05 15:32:05:281062932 RLS3_Voronezsh-DM В 15:32:05:278219167 Обнаружена цель id:92395ab с координатами 4039120 1891246 тип:BB_BR скорость:9019
11.05 15:32:05:296370983 RLS3_Voronezsh-DM Цель id:92395ab движется в направлении СПРО
11.05 15:32:11:582679175 RLS3_Voronezsh-DM В 15:32:11:580495777 Обнаружена цель id:789ee4b с координатами 7723068 2976708 тип:BB_BR скорость:9461
11.05 15:33:00:973350769 RLS3_Voronezsh-DM В 15:33:00:970699303 Обнаружена цель id:533956b с координатами 7840016 2756650 тип:BB_BR скорость:8001
11.05 15:33:00:984660566 RLS3_Voronezsh-DM Цель id:533956b движется в направлении СПРО
11.05 15:34:28:820165789 RLS3_Voronezsh-DM В 15:34:28:817979666 Обнаружена цель id:69fb57b с координатами 7006365 2347920 тип:BB_BR скорость:8242
11.05 15:34:28:831928275 RLS3_Voronezsh-DM Цель id:69fb57b движется в направлении СПРО
11.05 15:35:05:420835105 RLS3_Voronezsh-DM В 15:35:05:418573348 Обнаружена цель id:c86ffdb с координатами 7432192 3367256 тип:BB_BR скорость:8027
11.05 15:35:05:432730743 RLS3_Voronezsh-DM Цель id:c86ffdb движется в направлении СПРО
11.05 15:35:24:187621471 RLS3_Voronezsh-DM В 15:35:24:185050597 Обнаружена цель id:5fd6ceb с координатами 7849580 3324860 тип:BB_BR скорость:8316
11.05 15:35:30:880002722 RLS3_Voronezsh-DM В 15:35:30:877933039 Обнаружена цель id:0b3ea2b с координатами 5958096 2463876 тип:BB_BR скорость:8531
11.05 15:35:30:890544283 RLS3_Voronezsh-DM Цель id:0b3ea2b движется в направлении СПРО
11.05 15:35:36:969401947 RLS3_Voronezsh-DM В 15:35:36:965860875 Обнаружена цель id:3686bfb с координатами 6573512 3489044 тип:BB_BR скорость:9675
11.05 15:35:36:983353711 RLS3_Voronezsh-DM Цель id:3686bfb движется в направлении СПРО
11.05 15:38:34:778617906 RLS3_Voronezsh-DM В 15:38:34:776630329 Обнаружена цель id:be3ca4b с координатами 5222120 3506856 тип:BB_BR скорость:8605
11.05 15:38:52:941653728 RLS3_Voronezsh-DM В 15:38:52:939379888 Обнаружена цель id:f7543bb с координатами 6943730 2091330 тип:BB_BR скорость:9913
11.05 15:39:43:350177316 RLS3_Voronezsh-DM В 15:39:43:347819217 Обнаружена цель id:b6cbe9b с координатами 10468053 1100769 тип:BB_BR скорость:9025
11.05 15:39:43:363117875 RLS3_Voronezsh-DM Цель id:b6cbe9b движется в направлении СПРО
11.05 15:39:49:547027604 RLS3_Voronezsh-DM В 15:39:49:544982667 Обнаружена цель id:e0fe00b с координатами 6080582 1426170 тип:BB_BR скорость:8236
11.05 15:39:49:559606607 RLS3_Voronezsh-DM Цель id:e0fe00b движется в направлении СПРО
11.05 15:40:14:577774794 RLS3_Voronezsh-DM В 15:40:14:574984595 Обнаружена цель id:5ac6ebb с координатами 6463190 3512855 тип:BB_BR скорость:8518
11.05 15:40:32:956846447 RLS3_Voronezsh-DM В 15:40:32:954488067 Обнаружена цель id:3ed974b с координатами 8411756 3260046 тип:BB_BR скорость:8670
11.05 15:40:32:968369599 RLS3_Voronezsh-DM Цель id:3ed974b движется в направлении СПРО
11.05 15:40:53:389486357 RLS3_Voronezsh-DM В 15:40:53:387535769 Обнаружена цель id:f39a04b с координатами 6382560 3454880 тип:BB_BR скорость:8258
11.05 15:40:59:281811724 RLS3_Voronezsh-DM В 15:40:59:279448284 Обнаружена цель id:b84cc5b с координатами 10682245 2015850 тип:BB_BR скорость:8821
11.05 15:40:59:292958633 RLS3_Voronezsh-DM Цель id:b84cc5b движется в направлении СПРО
11.05 15:41:19:784854943 RLS3_Voronezsh-DM В 15:41:19:782826848 Обнаружена цель id:2ebaf0b с координатами 6713384 3453376 тип:BB_BR скорость:8891
11.05 15:41:19:796387272 RLS3_Voronezsh-DM Цель id:2ebaf0b движется в направлении СПРО
11.05 15:41:38:695962162 RLS3_Voronezsh-DM В 15:41:38:693791878 Обнаружена цель id:e1ec5bb с координатами 5674967 3685175 тип:BB_BR скорость:8866
11.05 15:42:11:292870661 RLS3_Voronezsh-DM В 15:42:11:290953377 Обнаружена цель id:71ffe6b с координатами 6291835 3358475 тип:BB_BR скорость:9014
11.05 15:42:17:327457965 RLS3_Voronezsh-DM В 15:42:17:324670221 Обнаружена цель id:1be5a7b с координатами 4647778 3756897 тип:BB_BR скорость:9986
11.05 15:42:59:341949641 RLS3_Voronezsh-DM В 15:42:59:339981210 Обнаружена цель id:e08db6b с координатами 6665240 2252400 тип:BB_BR скорость:9103
11.05 15:43:24:234313867 RLS3_Voronezsh-DM В 15:43:24:231740600 Обнаружена цель id:776a5fb с координатами 7938577 3403476 тип:BB_BR скорость:9232
11.05 15:43:24:245100332 RLS3_Voronezsh-DM Цель id:776a5fb движется в направлении СПРО
11.05 15:44:37:558950797 RLS3_Voronezsh-DM В 15:44:37:556371428 Обнаружена цель id:107d3fb с координатами 7986682 3398850 тип:BB_BR скорость:9289
11.05 15:44:37:572035258 RLS3_Voronezsh-DM Цель id:107d3fb движется в направлении СПРО
11.05 15:44:43:855394625 RLS3_Voronezsh-DM В 15:44:43:853268846 Обнаружена цель id:62a61db с координатами 6039220 1622197 тип:BB_BR скорость:8801
11.05 15:45:54:878338130 RLS3_Voronezsh-DM В 15:45:54:876029413 Обнаружена цель id:4031c3b с координатами 7642130 2820824 тип:BB_BR скорость:9187
11.05 15:45:54:888875765 RLS3_Voronezsh-DM Цель id:4031c3b движется в направлении СПРО
11.05 15:47:10:404213367 RLS3_Voronezsh-DM В 15:47:10:400907462 Обнаружена цель id:553404b с координатами 8532963 2681074 тип:BB_BR скорость:9870
11.05 15:47:10:417179184 RLS3_Voronezsh-DM Цель id:553404b движется в направлении СПРО
11.05 15:47:23:82789226 RLS3_Voronezsh-DM В 15:47:23:80258894 Обнаружена цель id:1bf9efb с координатами 8507151 3362593 тип:BB_BR скорость:8987
11.05 15:47:23:95758773 RLS3_Voronezsh-DM Цель id:1bf9efb движется в направлении СПРО
11.05 15:47:35:464343488 RLS3_Voronezsh-DM В 15:47:35:461978725 Обнаружена цель id:a07e76b с координатами 6726787 2365468 тип:BB_BR скорость:8090
11.05 15:48:37:486392733 RLS3_Voronezsh-DM В 15:48:37:484538969 Обнаружена цель id:747738b с координатами 7528250 2437404 тип:BB_BR скорость:8896
11.05 15:49:09:577446790 RLS3_Voronezsh-DM В 15:49:09:575130952 Обнаружена цель id:017f19b с координатами 6696937 2793428 тип:BB_BR скорость:9304
11.05 15:49:27:894100249 RLS3_Voronezsh-DM В 15:49:27:890922351 Обнаружена цель id:35bcefb с координатами 4791848 3418939 тип:BB_BR скорость:9817
11.05 15:50:45:169754870 RLS3_Voronezsh-DM В 15:50:45:167889203 Обнаружена цель id:1835dab с координатами 10049844 1827896 тип:BB_BR скорость:8321
11.05 15:50:45:179442798 RLS3_Voronezsh-DM Цель id:1835dab движется в направлении СПРО
11.05 15:51:03:569856670 RLS3_Voronezsh-DM В 15:51:03:567673902 Обнаружена цель id:6e3591b с координатами 4481090 1198164 тип:BB_BR скорость:8762
11.05 15:51:03:580527155 RLS3_Voronezsh-DM Цель id:6e3591b движется в направлении СПРО
11.05 15:51:36:183108682 RLS3_Voronezsh-DM В 15:51:36:181205605 Обнаружена цель id:a096b5b с координатами 4459949 3443069 тип:BB_BR скорость:9441
11.05 15:51:48:686073812 RLS3_Voronezsh-DM В 15:51:48:682907642 Обнаружена цель id:9ba7c3b с координатами 8406216 3512832 тип:BB_BR скорость:8163
11.05 15:51:48:700044573 RLS3_Voronezsh-DM Цель id:9ba7c3b движется в направлении СПРО
11.05 15:52:14:642825595 RLS3_Voronezsh-DM В 15:52:14:639673911 Обнаружена цель id:dc48ceb с координатами 5849730 2960080 тип:BB_BR скорость:9140
11.05 15:52:14:658045783 RLS3_Voronezsh-DM Цель id:dc48ceb движется в направлении СПРО
11.05 15:52:33:292620755 RLS3_Voronezsh-DM В 15:52:33:290021948 Обнаружена цель id:2b7f61b с координатами 9647410 3410052 тип:BB_BR скорость:9100
11.05 15:52:33:305336908 RLS3_Voronezsh-DM Цель id:2b7f61b движется в направлении СПРО
11.05 15:52:39:246660780 RLS3_Voronezsh-DM В 15:52:39:244539689 Обнаружена цель id:58ba1eb с координатами 6034160 2960836 тип:BB_BR скорость:8687
11.05 15:52:39:259607781 RLS3_Voronezsh-DM Цель id:58ba1eb движется в направлении СПРО
11.05 15:52:45:831132532 RLS3_Voronezsh-DM В 15:52:45:829082562 Обнаружена цель id:0a3ebab с координатами 9319006 1862524 тип:BB_BR скорость:9629
11.05 15:52:45:842919053 RLS3_Voronezsh-DM Цель id:0a3ebab движется в направлении СПРО
11.05 15:52:53:509458262 RLS3_Voronezsh-DM В 15:52:53:507090279 Обнаружена цель id:f25456b с координатами 6905153 3416264 тип:BB_BR скорость:8633
11.05 15:53:05:984514869 RLS3_Voronezsh-DM В 15:53:05:982281266 Обнаружена цель id:91c374b с координатами 6659624 2791232 тип:BB_BR скорость:9978
11.05 15:53:05:996295178 RLS3_Voronezsh-DM Цель id:91c374b движется в направлении СПРО
11.05 15:53:24:711243429 RLS3_Voronezsh-DM В 15:53:24:708991602 Обнаружена цель id:807a33b с координатами 5912791 2570993 тип:BB_BR скорость:9367
11.05 15:53:38:79213586 RLS3_Voronezsh-DM В 15:53:38:76995372 Обнаружена цель id:e416afb с координатами 6295738 1495600 тип:BB_BR скорость:9664
11.05 15:53:38:90138469 RLS3_Voronezsh-DM Цель id:e416afb движется в направлении СПРО
11.05 15:53:49:884430642 RLS3_Voronezsh-DM В 15:53:49:882368823 Обнаружена цель id:8cd3ccb с координатами 6335542 3500287 тип:BB_BR скорость:8163
11.05 15:54:01:879249797 RLS3_Voronezsh-DM В 15:54:01:876699100 Обнаружена цель id:cf950cb с координатами 7854600 2331497 тип:BB_BR скорость:9989
11.05 15:54:01:890057482 RLS3_Voronezsh-DM Цель id:cf950cb движется в направлении СПРО
11.05 15:54:20:804935796 RLS3_Voronezsh-DM В 15:54:20:802708413 Обнаружена цель id:e566e2b с координатами 8961070 3136077 тип:BB_BR скорость:9168
11.05 15:54:20:815711631 RLS3_Voronezsh-DM Цель id:e566e2b движется в направлении СПРО
11.05 15:55:17:942801644 RLS3_Voronezsh-DM В 15:55:17:940824567 Обнаружена цель id:59fe00b с координатами 6271625 3500900 тип:BB_BR скорость:8058
11.05 15:56:20:272269222 RLS3_Voronezsh-DM В 15:56:20:269770401 Обнаружена цель id:778a33b с координатами 5365807 3608718 тип:BB_BR скорость:9801
11.05 15:56:59:299031220 RLS3_Voronezsh-DM В 15:56:59:296285195 Обнаружена цель id:c868e8b с координатами 6432364 2075014 тип:BB_BR скорость:8268
11.05 15:57:17:454189917 RLS3_Voronezsh-DM В 15:57:17:452275820 Обнаружена цель id:7c19c0b с координатами 5786510 3537786 тип:BB_BR скорость:8100
11.05 15:57:42:107180590 RLS3_Voronezsh-DM В 15:57:42:105228321 Обнаружена цель id:c997b3b с координатами 11187880 3651755 тип:BB_BR скорость:9790
11.05 15:57:42:117514840 RLS3_Voronezsh-DM Цель id:c997b3b движется в направлении СПРО
11.05 15:58:13:540193554 RLS3_Voronezsh-DM В 15:58:13:538260461 Обнаружена цель id:3f7c1bb с координатами 7632156 2771272 тип:BB_BR скорость:9341
11.05 15:58:39:839696687 RLS3_Voronezsh-DM В 15:58:39:837738547 Обнаружена цель id:74dbabb с координатами 10927680 3500205 тип:BB_BR скорость:8891
11.05 15:58:39:849911830 RLS3_Voronezsh-DM Цель id:74dbabb движется в направлении СПРО
11.05 15:58:58:499429449 RLS3_Voronezsh-DM В 15:58:58:497032205 Обнаружена цель id:3f046cb с координатами 9566480 2797768 тип:BB_BR скорость:9792
11.05 15:58:58:511457497 RLS3_Voronezsh-DM Цель id:3f046cb движется в направлении СПРО
11.05 16:01:14:928585823 RLS3_Voronezsh-DM В 16:01:14:925896335 Обнаружена цель id:4d57b1b с координатами 8050637 3452317 тип:BB_BR скорость:9567
11.05 16:01:14:940988790 RLS3_Voronezsh-DM Цель id:4d57b1b движется в направлении СПРО
11.05 16:02:56:285881224 RLS3_Voronezsh-DM В 16:02:56:283478866 Обнаружена цель id:6ece0bb с координатами 6202516 2620378 тип:BB_BR скорость:9291
11.05 16:02:56:298209847 RLS3_Voronezsh-DM Цель id:6ece0bb движется в направлении СПРО
11.05 16:04:23:824185993 RLS3_Voronezsh-DM В 16:04:23:821702062 Обнаружена цель id:97a48eb с координатами 9954376 2932746 тип:BB_BR скорость:9499
11.05 16:04:23:835910265 RLS3_Voronezsh-DM Цель id:97a48eb движется в направлении СПРО
11.05 16:04:29:917892550 RLS3_Voronezsh-DM В 16:04:29:915306313 Обнаружена цель id:169784b с координатами 6813388 2995492 тип:BB_BR скорость:8872
11.05 16:04:29:931197520 RLS3_Voronezsh-DM Цель id:169784b движется в направлении СПРО
11.05 16:05:13:775555865 RLS3_Voronezsh-DM В 16:05:13:772845551 Обнаружена цель id:39b6d2b с координатами 7232292 2251368 тип:BB_BR скорость:9858
11.05 16:05:13:788153104 RLS3_Voronezsh-DM Цель id:39b6d2b движется в направлении СПРО
11.05 16:05:27:409582353 RLS3_Voronezsh-DM В 16:05:27:406933126 Обнаружена цель id:e6ce8ab с координатами 4405832 3150366 тип:BB_BR скорость:8910
11.05 16:05:39:410667959 RLS3_Voronezsh-DM В 16:05:39:408156619 Обнаружена цель id:cae232b с координатами 6523246 3223252 тип:BB_BR скорость:9206
11.05 16:05:39:424237279 RLS3_Voronezsh-DM Цель id:cae232b движется в направлении СПРО
11.05 16:06:04:68263511 RLS3_Voronezsh-DM В 16:06:04:66206543 Обнаружена цель id:c9053ab с координатами 7718720 2478064 тип:BB_BR скорость:8280
11.05 16:06:04:80301549 RLS3_Voronezsh-DM Цель id:c9053ab движется в направлении СПРО
11.05 16:06:36:38761864 RLS3_Voronezsh-DM В 16:06:36:36383356 Обнаружена цель id:e0a98bb с координатами 5768404 2689302 тип:BB_BR скорость:8189
11.05 16:06:36:51620356 RLS3_Voronezsh-DM Цель id:e0a98bb движется в направлении СПРО
11.05 16:07:08:800227780 RLS3_Voronezsh-DM В 16:07:08:798032019 Обнаружена цель id:eca55fb с координатами 7675646 3289768 тип:BB_BR скорость:8012
11.05 16:32:28:628711150 RLS3_Voronezsh-DM Запуск РЛС типа Voronezsh-DM. Координаты: X=7500000 Y=3450000
11.05 16:32:29:591681466 RLS3_Voronezsh-DM В 16:32:29:589898646 Обнаружена цель id:84d514b с координатами 9688002 3393922 тип:BB_BR скорость:8235
11.05 16:32:29:607120689 RLS3_Voronezsh-DM Цель id:84d514b движется в направлении СПРО
11.05 16:32:29:891137763 RLS3_Voronezsh-DM В 16:32:29:888804581 Обнаружена цель id:a7c003b с координатами 6251994 3311694 тип:BB_BR скорость:9728
11.05 16:32:30:629826420 RLS3_Voronezsh-DM В 16:32:30:627158121 Обнаружена цель id:5d8f8fb с координатами 8722835 1571130 тип:BB_BR скорость:9230
11.05 16:32:30:650487728 RLS3_Voronezsh-DM Цель id:5d8f8fb движется в направлении СПРО
11.05 16:32:31:108663719 RLS3_Voronezsh-DM В 16:32:31:106326238 Обнаружена цель id:be0ebeb с координатами 4998276 2250374 тип:BB_BR скорость:9591
11.05 16:32:32:810779335 RLS3_Voronezsh-DM В 16:32:32:808026096 Обнаружена цель id:c3f09fb с координатами 5800512 3120860 тип:BB_BR скорость:8554
11.05 16:32:33:532271235 RLS3_Voronezsh-DM В 16:32:33:530332140 Обнаружена цель id:e11bbeb с координатами 10393835 3403600 тип:BB_BR скорость:8440
11.05 16:32:33:547709929 RLS3_Voronezsh-DM Цель id:e11bbeb движется в направлении СПРО
11.05 16:32:34:256711124 RLS3_Voronezsh-DM В 16:32:34:254019327 Обнаружена цель id:f6c0b4b с координатами 6458880 2447370 тип:BB_BR скорость:9754
11.05 16:32:34:276887728 RLS3_Voronezsh-DM Цель id:f6c0b4b движется в направлении СПРО
11.05 16:34:20:532407677 RLS3_Voronezsh-DM В 16:34:20:530554164 Обнаружена цель id:7e5c7fb с координатами 10042240 3879280 тип:BB_BR скорость:8713
11.05 16:34:20:547816312 RLS3_Voronezsh-DM Цель id:7e5c7fb движется в направлении СПРО
11.05 16:35:26:85676875 RLS3_Voronezsh-DM В 16:35:26:83757266 Обнаружена цель id:573ce2b с координатами 3902456 1864800 тип:BB_BR скорость:8969
11.05 16:35:51:42669180 RLS3_Voronezsh-DM В 16:35:51:40801340 Обнаружена цель id:1797e9b с координатами 9059949 2245780 тип:BB_BR скорость:9543
11.05 16:35:51:59114392 RLS3_Voronezsh-DM Цель id:1797e9b движется в направлении СПРО
11.05 16:35:58:774369544 RLS3_Voronezsh-DM В 16:35:58:771350105 Обнаружена цель id:0c569eb с координатами 7092360 2990440 тип:BB_BR скорость:8866
11.05 16:36:05:93518664 RLS3_Voronezsh-DM В 16:36:05:90693329 Обнаружена цель id:5891b0b с координатами 6631154 3426885 тип:BB_BR скорость:8729
11.05 16:36:36:626452379 RLS3_Voronezsh-DM В 16:36:36:624658359 Обнаружена цель id:f5a985b с координатами 8593328 1359392 тип:BB_BR скорость:8324
11.05 16:36:36:641726761 RLS3_Voronezsh-DM Цель id:f5a985b движется в направлении СПРО
11.05 16:37:09:96328608 RLS3_Voronezsh-DM В 16:37:09:94045395 Обнаружена цель id:2cae3eb с координатами 5910621 2349560 тип:BB_BR скорость:9963
11.05 16:37:09:115544285 RLS3_Voronezsh-DM Цель id:2cae3eb движется в направлении СПРО
11.05 16:37:26:940982343 RLS3_Voronezsh-DM В 16:37:26:938496632 Обнаружена цель id:a55562b с координатами 5761875 2335300 тип:BB_BR скорость:8309
11.05 16:37:26:959985698 RLS3_Voronezsh-DM Цель id:a55562b движется в направлении СПРО
11.05 16:39:45:357560579 RLS3_Voronezsh-DM В 16:39:45:354942868 Обнаружена цель id:a32759b с координатами 7280068 3216732 тип:BB_BR скорость:9789
11.05 16:39:57:547163011 RLS3_Voronezsh-DM В 16:39:57:544541121 Обнаружена цель id:5ae701b с координатами 6077572 2733456 тип:BB_BR скорость:8310
11.05 16:39:57:569767346 RLS3_Voronezsh-DM Цель id:5ae701b движется в направлении СПРО
11.05 16:40:42:366121915 RLS3_Voronezsh-DM В 16:40:42:363937184 Обнаружена цель id:7bd04db с координатами 5872593 3629650 тип:BB_BR скорость:8455
11.05 16:40:42:382646551 RLS3_Voronezsh-DM Цель id:7bd04db движется в направлении СПРО
11.05 16:40:48:566683992 RLS3_Voronezsh-DM В 16:40:48:564838353 Обнаружена цель id:98c501b с координатами 4749690 3685590 тип:BB_BR скорость:8863
11.05 16:41:33:524211643 RLS3_Voronezsh-DM В 16:41:33:522043859 Обнаружена цель id:f1aa04b с координатами 6785550 2960455 тип:BB_BR скорость:8299
11.05 16:41:33:544133880 RLS3_Voronezsh-DM Цель id:f1aa04b движется в направлении СПРО
11.05 16:41:47:289713259 RLS3_Voronezsh-DM В 16:41:47:286678258 Обнаружена цель id:5ea0f9b с координатами 5638870 2575130 тип:BB_BR скорость:9387
11.05 16:41:47:308815930 RLS3_Voronezsh-DM Цель id:5ea0f9b движется в направлении СПРО
11.05 16:42:00:70360206 RLS3_Voronezsh-DM В 16:42:00:68291939 Обнаружена цель id:1fa829b с координатами 7963785 2629214 тип:BB_BR скорость:9670
11.05 16:42:00:87573483 RLS3_Voronezsh-DM Цель id:1fa829b движется в направлении СПРО
11.05 16:42:19:252448755 RLS3_Voronezsh-DM В 16:42:19:249939099 Обнаружена цель id:fa6b34b с координатами 5513890 3387080 тип:BB_BR скорость:9661
11.05 16:42:19:271634440 RLS3_Voronezsh-DM Цель id:fa6b34b движется в направлении СПРО
11.05 16:42:59:791686251 RLS3_Voronezsh-DM В 16:42:59:789496271 Обнаружена цель id:f67ac0b с координатами 6391943 3499851 тип:BB_BR скорость:8052
11.05 16:42:59:811299352 RLS3_Voronezsh-DM Цель id:f67ac0b движется в направлении СПРО
11.05 16:43:27:130650377 RLS3_Voronezsh-DM В 16:43:27:128488338 Обнаружена цель id:625498b с координатами 10121096 3433336 тип:BB_BR скорость:9598
11.05 16:43:27:146916578 RLS3_Voronezsh-DM Цель id:625498b движется в направлении СПРО
11.05 16:43:39:627246726 RLS3_Voronezsh-DM В 16:43:39:625289194 Обнаружена цель id:4552cab с координатами 8597240 1770032 тип:BB_BR скорость:8039
11.05 16:43:39:644611446 RLS3_Voronezsh-DM Цель id:4552cab движется в направлении СПРО
11.05 16:44:25:328541160 RLS3_Voronezsh-DM В 16:44:25:324879938 Обнаружена цель id:3a09b2b с координатами 10936110 1713740 тип:BB_BR скорость:8436
11.05 16:44:25:350629738 RLS3_Voronezsh-DM Цель id:3a09b2b движется в направлении СПРО
11.05 16:44:31:594458288 RLS3_Voronezsh-DM В 16:44:31:591150716 Обнаружена цель id:0e2431b с координатами 5279972 3805353 тип:BB_BR скорость:9724
11.05 16:44:44:173801156 RLS3_Voronezsh-DM В 16:44:44:171670387 Обнаружена цель id:09f67ab с координатами 7448976 3214128 тип:BB_BR скорость:9287
11.05 16:44:44:194693696 RLS3_Voronezsh-DM Цель id:09f67ab движется в направлении СПРО
11.05 16:46:01:354476759 RLS3_Voronezsh-DM В 16:46:01:351904032 Обнаружена цель id:8c6da3b с координатами 10815864 3749878 тип:BB_BR скорость:9825
11.05 16:46:01:374514960 RLS3_Voronezsh-DM Цель id:8c6da3b движется в направлении СПРО
11.05 16:46:07:557937621 RLS3_Voronezsh-DM В 16:46:07:555952248 Обнаружена цель id:4c816fb с координатами 4438425 2192100 тип:BB_BR скорость:9981
11.05 16:46:52:243671589 RLS3_Voronezsh-DM В 16:46:52:240863165 Обнаружена цель id:3ba6eab с координатами 5479097 2475724 тип:BB_BR скорость:8279
11.05 16:46:52:264395911 RLS3_Voronezsh-DM Цель id:3ba6eab движется в направлении СПРО
11.05 16:47:37:33616263 RLS3_Voronezsh-DM В 16:47:37:31598900 Обнаружена цель id:59f507b с координатами 11152023 3667206 тип:BB_BR скорость:9408
11.05 16:47:37:50450497 RLS3_Voronezsh-DM Цель id:59f507b движется в направлении СПРО
11.05 16:47:56:141612892 RLS3_Voronezsh-DM В 16:47:56:139519264 Обнаружена цель id:3903cab с координатами 4743996 2111678 тип:BB_BR скорость:9044
11.05 16:49:07:48667901 RLS3_Voronezsh-DM В 16:49:07:46475174 Обнаружена цель id:349cc6b с координатами 7868932 3194432 тип:BB_BR скорость:9881
11.05 16:49:07:66799487 RLS3_Voronezsh-DM Цель id:349cc6b движется в направлении СПРО
11.05 16:49:41:949015351 RLS3_Voronezsh-DM В 16:49:41:946257584 Обнаружена цель id:650dacb с координатами 5233232 3788789 тип:BB_BR скорость:8699
11.05 16:49:41:970651472 RLS3_Voronezsh-DM Цель id:650dacb движется в направлении СПРО
11.05 16:49:54:883462779 RLS3_Voronezsh-DM В 16:49:54:881302285 Обнаружена цель id:40b706b с координатами 5658028 3680956 тип:BB_BR скорость:9155
11.05 16:50:14:892246381 RLS3_Voronezsh-DM В 16:50:14:889757493 Обнаружена цель id:81fe54b с координатами 5023704 3591696 тип:BB_BR скорость:9546
11.05 16:51:58:635430341 RLS3_Voronezsh-DM В 16:51:58:632273276 Обнаружена цель id:39ecb5b с координатами 7592192 3422712 тип:BB_BR скорость:8758
11.05 16:51:58:656996389 RLS3_Voronezsh-DM Цель id:39ecb5b движется в направлении СПРО
11.05 16:52:04:765929680 RLS3_Voronezsh-DM В 16:52:04:763803680 Обнаружена цель id:165ef1b с координатами 10645072 3984936 тип:BB_BR скорость:9491
11.05 16:52:04:783878222 RLS3_Voronezsh-DM Цель id:165ef1b движется в направлении СПРО
11.05 16:52:17:365908708 RLS3_Voronezsh-DM В 16:52:17:363509120 Обнаружена цель id:62c922b с координатами 7235894 3359464 тип:BB_BR скорость:8195
11.05 16:53:20:891292864 RLS3_Voronezsh-DM В 16:53:20:889144217 Обнаружена цель id:ac6244b с координатами 10919532 2954274 тип:BB_BR скорость:8430
11.05 16:53:20:909502084 RLS3_Voronezsh-DM Цель id:ac6244b движется в направлении СПРО
11.05 16:53:34:329596425 RLS3_Voronezsh-DM В 16:53:34:327047889 Обнаружена цель id:7dd0a8b с координатами 4061240 2283800 тип:BB_BR скорость:9032
11.05 16:53:34:350373570 RLS3_Voronezsh-DM Цель id:7dd0a8b движется в направлении СПРО
11.05 16:54:58:900898042 RLS3_Voronezsh-DM В 16:54:58:898421504 Обнаружена цель id:66393fb с координатами 4161838 2037074 тип:BB_BR скорость:8182
11.05 16:54:58:922087938 RLS3_Voronezsh-DM Цель id:66393fb движется в направлении СПРО
11.05 16:55:04:855683836 RLS3_Voronezsh-DM В 16:55:04:852318447 Обнаружена цель id:fdee70b с координатами 4658216 1892948 тип:BB_BR скорость:8239
11.05 16:55:12:853811589 RLS3_Voronezsh-DM В 16:55:12:851274295 Обнаружена цель id:1301e7b с координатами 6234552 1628312 тип:BB_BR скорость:9374
11.05 16:55:12:874285813 RLS3_Voronezsh-DM Цель id:1301e7b движется в направлении СПРО
11.05 16:55:25:147711543 RLS3_Voronezsh-DM В 16:55:25:145321976 Обнаружена цель id:2ed50ab с координатами 4949510 2307580 тип:BB_BR скорость:8070
11.05 16:55:25:166652116 RLS3_Voronezsh-DM Цель id:2ed50ab движется в направлении СПРО
