30.04 11:06:04:272 SPRO Запуск СПРО. Координаты: X=5500000 Y=3600000, Радиус: 1500000
30.04 11:06:09:482 SPRO Обнаружена цель id:aca096b координаты 5360139 5050339 тип:BB_BR скорость:8682
30.04 11:06:09:527 SPRO Стрельба по цели id:aca096b тип:BB_BR пуск №1. Осталось противоракет: 9
30.04 11:06:13:428 SPRO Цель id:aca096b УНИЧТОЖЕНА после пуска №1
30.04 11:08:13:291 SPRO Обнаружена цель id:29b3a7b координаты 4019780 3767340 тип:BB_BR скорость:8319
30.04 11:08:13:368 SPRO Стрельба по цели id:29b3a7b тип:BB_BR пуск №1. Осталось противоракет: 8
30.04 11:08:17:064 SPRO Цель id:29b3a7b УНИЧТОЖЕНА после пуска №1
30.04 11:08:34:317 SPRO Обнаружена цель id:55d6d1b координаты 6298310 4009212 тип:BB_BR скорость:9108
30.04 11:08:34:354 SPRO Стрельба по цели id:55d6d1b тип:BB_BR пуск №1. Осталось противоракет: 7
30.04 11:08:37:852 SPRO ПРОМАХ по цели id:55d6d1b после пуска №1
30.04 11:08:38:182 SPRO Стрельба по цели id:55d6d1b тип:BB_BR пуск №2. Осталось противоракет: 6
30.04 11:08:41:717 SPRO Цель id:55d6d1b УНИЧТОЖЕНА после пуска №2
30.04 11:08:49:981 SPRO Обнаружена цель id:08e203b координаты 6102417 4605568 тип:BB_BR скорость:8360
30.04 11:08:50:033 SPRO Стрельба по цели id:08e203b тип:BB_BR пуск №1. Осталось противоракет: 5
30.04 11:08:53:248 SPRO Цель id:08e203b УНИЧТОЖЕНА после пуска №1
30.04 11:08:53:865 SPRO Обнаружена цель id:9773acb координаты 5313016 2135566 тип:BB_BR скорость:17524
30.04 11:08:53:901 SPRO Стрельба по цели id:9773acb тип:BB_BR пуск №1. Осталось противоракет: 4
30.04 11:08:56:946 SPRO ПРОМАХ по цели id:9773acb после пуска №1
30.04 11:08:57:462 SPRO Стрельба по цели id:9773acb тип:BB_BR пуск №2. Осталось противоракет: 3
30.04 11:09:00:276 SPRO ПРОМАХ по цели id:9773acb после пуска №2
30.04 11:09:00:872 SPRO Стрельба по цели id:9773acb тип:BB_BR пуск №3. Осталось противоракет: 2
30.04 11:09:03:841 SPRO Обнаружена цель id:ac24f2b координаты 6829857 3878672 тип:BB_BR скорость:16897
30.04 11:09:03:892 SPRO Стрельба по цели id:ac24f2b тип:BB_BR пуск №1. Осталось противоракет: 1
30.04 11:09:04:257 SPRO Цель id:9773acb УНИЧТОЖЕНА после пуска №3
30.04 11:09:07:095 SPRO Цель id:ac24f2b УНИЧТОЖЕНА после пуска №1
30.04 11:10:43:424 SPRO Обнаружена цель id:097f3db координаты 6060750 2226065 тип:BB_BR скорость:17970
30.04 11:10:43:473 SPRO Стрельба по цели id:097f3db тип:BB_BR пуск №1. Осталось противоракет: 0
30.04 11:10:43:529 SPRO Боекомплект исчерпан! Переход в режим обнаружения
30.04 11:10:44:656 SPRO Боекомплект автоматически пополнен: 10 противоракет
30.04 11:10:46:888 SPRO Цель id:097f3db УНИЧТОЖЕНА после пуска №1
30.04 11:12:25:836 SPRO Обнаружена цель id:df659bb координаты 4206905 4329430 тип:BB_BR скорость:17680
30.04 11:12:25:915 SPRO Стрельба по цели id:df659bb тип:BB_BR пуск №1. Осталось противоракет: 9
30.04 11:12:29:487 SPRO Цель id:df659bb УНИЧТОЖЕНА после пуска №1
30.04 11:15:24:962 SPRO Обнаружена цель id:3699e8b координаты 4013680 3451664 тип:BB_BR скорость:9484
30.04 11:15:24:986 SPRO Стрельба по цели id:3699e8b тип:BB_BR пуск №1. Осталось противоракет: 8
30.04 11:15:29:446 SPRO Цель id:3699e8b УНИЧТОЖЕНА после пуска №1
30.04 11:16:31:836 SPRO Обнаружена цель id:951150b координаты 6433634 3609033 тип:BB_BR скорость:16574
30.04 11:16:31:873 SPRO Стрельба по цели id:951150b тип:BB_BR пуск №1. Осталось противоракет: 7
30.04 11:16:36:197 SPRO ПРОМАХ по цели id:951150b после пуска №1
30.04 11:16:36:575 SPRO Стрельба по цели id:951150b тип:BB_BR пуск №2. Осталось противоракет: 6
30.04 11:16:39:670 SPRO ПРОМАХ по цели id:951150b после пуска №2
30.04 11:16:40:154 SPRO Стрельба по цели id:951150b тип:BB_BR пуск №3. Осталось противоракет: 5
30.04 11:16:44:047 SPRO ПРОМАХ по цели id:951150b после пуска №3
30.04 11:16:44:421 SPRO Стрельба по цели id:951150b тип:BB_BR пуск №4. Осталось противоракет: 4
30.04 11:16:47:988 SPRO Цель id:951150b УНИЧТОЖЕНА после пуска №4
30.04 11:17:21:885 SPRO Обнаружена цель id:d11a59b координаты 6090465 4945849 тип:BB_BR скорость:18457
30.04 11:17:21:930 SPRO Стрельба по цели id:d11a59b тип:BB_BR пуск №1. Осталось противоракет: 3
30.04 11:17:25:377 SPRO ПРОМАХ по цели id:d11a59b после пуска №1
30.04 11:17:27:084 SPRO Стрельба по цели id:d11a59b тип:BB_BR пуск №2. Осталось противоракет: 2
30.04 11:17:29:675 SPRO ПРОМАХ по цели id:d11a59b после пуска №2
30.04 11:17:31:164 SPRO Стрельба по цели id:d11a59b тип:BB_BR пуск №3. Осталось противоракет: 1
30.04 11:17:34:651 SPRO Цель id:d11a59b УНИЧТОЖЕНА после пуска №3
30.04 11:18:26:214 SPRO Обнаружена цель id:e89a29b координаты 5619100 2887272 тип:BB_BR скорость:19605
30.04 11:18:26:253 SPRO Стрельба по цели id:e89a29b тип:BB_BR пуск №1. Осталось противоракет: 0
30.04 11:18:26:296 SPRO Боекомплект исчерпан! Переход в режим обнаружения
30.04 11:18:26:903 SPRO Боекомплект автоматически пополнен: 10 противоракет
30.04 11:18:29:902 SPRO ПРОМАХ по цели id:e89a29b после пуска №1
30.04 11:18:30:143 SPRO Стрельба по цели id:e89a29b тип:BB_BR пуск №2. Осталось противоракет: 9
30.04 11:18:33:248 SPRO Цель id:e89a29b УНИЧТОЖЕНА после пуска №2
30.04 11:19:03:429 SPRO Обнаружена цель id:5e5891b координаты 5563490 5077279 тип:BB_BR скорость:16392
30.04 11:19:03:508 SPRO Стрельба по цели id:5e5891b тип:BB_BR пуск №1. Осталось противоракет: 8
30.04 11:19:07:400 SPRO Цель id:5e5891b УНИЧТОЖЕНА после пуска №1
30.04 11:20:40:647 SPRO Обнаружена цель id:4ec1edb координаты 4050560 3893254 тип:BB_BR скорость:9320
30.04 11:20:40:675 SPRO Стрельба по цели id:4ec1edb тип:BB_BR пуск №1. Осталось противоракет: 7
30.04 11:20:43:158 SPRO ПРОМАХ по цели id:4ec1edb после пуска №1
30.04 11:20:43:400 SPRO Стрельба по цели id:4ec1edb тип:BB_BR пуск №2. Осталось противоракет: 6
30.04 11:20:46:242 SPRO ПРОМАХ по цели id:4ec1edb после пуска №2
30.04 11:20:46:660 SPRO Стрельба по цели id:4ec1edb тип:BB_BR пуск №3. Осталось противоракет: 5
30.04 11:20:49:267 SPRO Цель id:4ec1edb УНИЧТОЖЕНА после пуска №3
30.04 11:22:30:131 SPRO Обнаружена цель id:385a6cb координаты 4417584 4004904 тип:BB_BR скорость:9532
30.04 11:22:30:243 SPRO Стрельба по цели id:385a6cb тип:BB_BR пуск №1. Осталось противоракет: 4
30.04 11:22:35:481 SPRO Цель id:385a6cb УНИЧТОЖЕНА после пуска №1
30.04 11:22:54:890 SPRO Обнаружена цель id:345d9ab координаты 5609130 4094932 тип:BB_BR скорость:8458
30.04 11:22:55:158 SPRO Стрельба по цели id:345d9ab тип:BB_BR пуск №1. Осталось противоракет: 3
30.04 11:23:00:854 SPRO ПРОМАХ по цели id:345d9ab после пуска №1
30.04 11:23:01:344 SPRO Стрельба по цели id:345d9ab тип:BB_BR пуск №2. Осталось противоракет: 2
30.04 11:23:06:161 SPRO ПРОМАХ по цели id:345d9ab после пуска №2
30.04 11:23:07:026 SPRO Стрельба по цели id:345d9ab тип:BB_BR пуск №3. Осталось противоракет: 1
30.04 11:23:12:275 SPRO ПРОМАХ по цели id:345d9ab после пуска №3
30.04 11:23:12:883 SPRO Стрельба по цели id:345d9ab тип:BB_BR пуск №4. Осталось противоракет: 0
30.04 11:23:13:069 SPRO Боекомплект исчерпан! Переход в режим обнаружения
30.04 11:23:13:702 SPRO Боекомплект автоматически пополнен: 10 противоракет
30.04 11:23:18:503 SPRO Цель id:345d9ab УНИЧТОЖЕНА после пуска №4
30.04 11:24:49:261 SPRO Обнаружена цель id:43892db координаты 5195280 4070325 тип:BB_BR скорость:9509
30.04 11:24:49:540 SPRO Стрельба по цели id:43892db тип:BB_BR пуск №1. Осталось противоракет: 9
30.04 11:24:59:085 SPRO Цель id:43892db УНИЧТОЖЕНА после пуска №1
30.04 11:26:57:821 SPRO Обнаружена цель id:4cb2efb координаты 6023320 4979856 тип:BB_BR скорость:17868
30.04 11:26:57:972 SPRO Стрельба по цели id:4cb2efb тип:BB_BR пуск №1. Осталось противоракет: 8
30.04 11:27:02:883 SPRO Цель id:4cb2efb УНИЧТОЖЕНА после пуска №1
30.04 11:27:29:553 SPRO Обнаружена цель id:ea3bbeb координаты 5440616 2170150 тип:BB_BR скорость:24532
30.04 11:27:29:684 SPRO Стрельба по цели id:ea3bbeb тип:BB_BR пуск №1. Осталось противоракет: 7
30.04 11:27:34:263 SPRO Цель id:ea3bbeb УНИЧТОЖЕНА после пуска №1
30.04 11:29:04:159 SPRO Обнаружена цель id:ad38adb координаты 6088855 4354985 тип:BB_BR скорость:8503
30.04 11:29:04:286 SPRO Стрельба по цели id:ad38adb тип:BB_BR пуск №1. Осталось противоракет: 6
30.04 11:29:08:078 SPRO ПРОМАХ по цели id:ad38adb после пуска №1
30.04 11:29:09:716 SPRO Стрельба по цели id:ad38adb тип:BB_BR пуск №2. Осталось противоракет: 5
30.04 11:29:17:866 SPRO Цель id:ad38adb УНИЧТОЖЕНА после пуска №2
30.04 11:29:54:429 SPRO Обнаружена цель id:3225c6b координаты 4418153 4615823 тип:BB_BR скорость:8838
30.04 11:29:54:554 SPRO Стрельба по цели id:3225c6b тип:BB_BR пуск №1. Осталось противоракет: 4
30.04 11:30:04:121 SPRO ПРОМАХ по цели id:3225c6b после пуска №1
30.04 11:30:05:877 SPRO Стрельба по цели id:3225c6b тип:BB_BR пуск №2. Осталось противоракет: 3
30.04 11:30:09:645 SPRO ПРОМАХ по цели id:3225c6b после пуска №2
30.04 11:30:12:177 SPRO Стрельба по цели id:3225c6b тип:BB_BR пуск №3. Осталось противоракет: 2
30.04 11:30:16:107 SPRO Обнаружена цель id:4df781b координаты 5085968 2170720 тип:BB_BR скорость:8254
30.04 11:30:16:206 SPRO Стрельба по цели id:4df781b тип:BB_BR пуск №1. Осталось противоракет: 1
30.04 11:30:17:559 SPRO Цель id:3225c6b УНИЧТОЖЕНА после пуска №3
30.04 11:30:21:711 SPRO Цель id:4df781b УНИЧТОЖЕНА после пуска №1
30.04 11:30:25:432 SPRO Обнаружена цель id:41420ab координаты 4257007 2811061 тип:BB_BR скорость:25414
30.04 11:30:25:579 SPRO Стрельба по цели id:41420ab тип:BB_BR пуск №1. Осталось противоракет: 0
30.04 11:30:25:703 SPRO Боекомплект исчерпан! Переход в режим обнаружения
30.04 11:30:26:596 SPRO Боекомплект автоматически пополнен: 10 противоракет
30.04 11:30:30:668 SPRO Цель id:41420ab УНИЧТОЖЕНА после пуска №1
30.04 11:31:55:351 SPRO Обнаружена цель id:be3143b координаты 6198490 4823770 тип:BB_BR скорость:17918
30.04 11:31:55:487 SPRO Стрельба по цели id:be3143b тип:BB_BR пуск №1. Осталось противоракет: 9
30.04 11:32:00:004 SPRO Цель id:be3143b УНИЧТОЖЕНА после пуска №1
30.04 11:36:56:984 SPRO Обнаружена цель id:8eb05ab координаты 4578336 3570006 тип:BB_BR скорость:9349
30.04 11:36:57:136 SPRO Стрельба по цели id:8eb05ab тип:BB_BR пуск №1. Осталось противоракет: 8
30.04 11:37:02:136 SPRO ПРОМАХ по цели id:8eb05ab после пуска №1
30.04 11:37:02:574 SPRO Стрельба по цели id:8eb05ab тип:BB_BR пуск №2. Осталось противоракет: 7
30.04 11:37:06:793 SPRO Цель id:8eb05ab УНИЧТОЖЕНА после пуска №2
30.04 11:39:05:431 SPRO Обнаружена цель id:40c13cb координаты 4682021 4265853 тип:BB_BR скорость:18663
30.04 11:39:05:529 SPRO Стрельба по цели id:40c13cb тип:BB_BR пуск №1. Осталось противоракет: 6
30.04 11:39:10:347 SPRO Цель id:40c13cb УНИЧТОЖЕНА после пуска №1
30.04 14:49:42:052 SPRO Запуск СПРО. Координаты: X=5500000 Y=3600000, Радиус: 1500000
30.04 14:49:45:943 SPRO Обнаружена цель id:9051c1b координаты 5887700 3738496 тип:BB_BR скорость:9144
30.04 14:49:45:990 SPRO Стрельба по цели id:9051c1b тип:BB_BR пуск №1. Осталось противоракет: 9
30.04 14:49:46:044 SPRO Обнаружена цель id:6b3828b координаты 6128738 4036222 тип:BB_BR скорость:8655
30.04 14:49:46:081 SPRO Стрельба по цели id:6b3828b тип:BB_BR пуск №1. Осталось противоракет: 8
30.04 14:49:46:324 SPRO Обнаружена цель id:34fe6db координаты 5346626 4238274 тип:BB_BR скорость:9667
30.04 14:49:46:359 SPRO Стрельба по цели id:34fe6db тип:BB_BR пуск №1. Осталось противоракет: 7
30.04 14:49:46:850 SPRO Обнаружена цель id:29c5fcb координаты 6651756 3049246 тип:BB_BR скорость:9365
30.04 14:49:46:906 SPRO Стрельба по цели id:29c5fcb тип:BB_BR пуск №1. Осталось противоракет: 6
30.04 14:49:49:490 SPRO ПРОМАХ по цели id:9051c1b после пуска №1
30.04 14:49:49:693 SPRO Стрельба по цели id:9051c1b тип:BB_BR пуск №2. Осталось противоракет: 5
30.04 14:49:49:750 SPRO Цель id:34fe6db УНИЧТОЖЕНА после пуска №1
30.04 14:49:50:174 SPRO Цель id:29c5fcb УНИЧТОЖЕНА после пуска №1
30.04 14:49:50:251 SPRO Цель id:6b3828b УНИЧТОЖЕНА после пуска №1
30.04 14:49:52:695 SPRO ПРОМАХ по цели id:9051c1b после пуска №2
30.04 14:49:52:893 SPRO Стрельба по цели id:9051c1b тип:BB_BR пуск №3. Осталось противоракет: 4
30.04 14:49:55:540 SPRO ПРОМАХ по цели id:9051c1b после пуска №3
30.04 14:49:55:769 SPRO Стрельба по цели id:9051c1b тип:BB_BR пуск №4. Осталось противоракет: 3
30.04 14:49:58:666 SPRO Обнаружена цель id:124b6eb координаты 6229888 4031076 тип:BB_BR скорость:8287
30.04 14:49:58:706 SPRO Стрельба по цели id:124b6eb тип:BB_BR пуск №1. Осталось противоракет: 2
30.04 14:49:58:765 SPRO Цель id:9051c1b УНИЧТОЖЕНА после пуска №4
30.04 14:50:02:241 SPRO Цель id:124b6eb УНИЧТОЖЕНА после пуска №1
30.04 14:50:13:756 SPRO Обнаружена цель id:9900d3b координаты 4998660 4995245 тип:BB_BR скорость:9429
30.04 14:50:13:798 SPRO Стрельба по цели id:9900d3b тип:BB_BR пуск №1. Осталось противоракет: 1
30.04 14:50:17:204 SPRO Цель id:9900d3b УНИЧТОЖЕНА после пуска №1
30.04 14:54:33:790 SPRO Обнаружена цель id:58da5cb координаты 5476784 5038632 тип:BB_BR скорость:9275
30.04 14:54:33:938 SPRO Стрельба по цели id:58da5cb тип:BB_BR пуск №1. Осталось противоракет: 0
30.04 14:54:34:023 SPRO Боекомплект исчерпан! Переход в режим обнаружения
30.04 14:54:35:234 SPRO Боекомплект автоматически пополнен: 10 противоракет
30.04 14:54:38:273 SPRO Цель id:58da5cb УНИЧТОЖЕНА после пуска №1
30.04 14:54:50:187 SPRO Обнаружена цель id:cdb153b координаты 4453820 3589283 тип:BB_BR скорость:19391
30.04 14:54:50:232 SPRO Стрельба по цели id:cdb153b тип:BB_BR пуск №1. Осталось противоракет: 9
30.04 14:54:53:578 SPRO ПРОМАХ по цели id:cdb153b после пуска №1
30.04 14:54:53:878 SPRO Стрельба по цели id:cdb153b тип:BB_BR пуск №2. Осталось противоракет: 8
30.04 14:54:57:494 SPRO Цель id:cdb153b УНИЧТОЖЕНА после пуска №2
30.04 14:55:33:025 SPRO Обнаружена цель id:fd8a1fb координаты 5829640 4909339 тип:BB_BR скорость:8481
30.04 14:55:33:062 SPRO Стрельба по цели id:fd8a1fb тип:BB_BR пуск №1. Осталось противоракет: 7
30.04 14:55:36:638 SPRO Цель id:fd8a1fb УНИЧТОЖЕНА после пуска №1
30.04 14:56:17:148 SPRO Обнаружена цель id:e3a91eb координаты 5755900 4933092 тип:BB_BR скорость:8213
30.04 14:56:17:200 SPRO Стрельба по цели id:e3a91eb тип:BB_BR пуск №1. Осталось противоракет: 6
30.04 14:56:21:047 SPRO Цель id:e3a91eb УНИЧТОЖЕНА после пуска №1
30.04 14:57:21:724 SPRO Обнаружена цель id:b25290b координаты 5053006 2219714 тип:BB_BR скорость:8247
30.04 14:57:21:768 SPRO Стрельба по цели id:b25290b тип:BB_BR пуск №1. Осталось противоракет: 5
30.04 14:57:25:921 SPRO Цель id:b25290b УНИЧТОЖЕНА после пуска №1
30.04 14:57:34:285 SPRO Обнаружена цель id:6d8d9fb координаты 6597643 4193870 тип:BB_BR скорость:8781
30.04 14:57:34:329 SPRO Стрельба по цели id:6d8d9fb тип:BB_BR пуск №1. Осталось противоракет: 4
30.04 14:57:38:262 SPRO Цель id:6d8d9fb УНИЧТОЖЕНА после пуска №1
30.04 14:57:59:946 SPRO Обнаружена цель id:629285b координаты 4552897 3072954 тип:BB_BR скорость:18726
30.04 14:57:59:990 SPRO Стрельба по цели id:629285b тип:BB_BR пуск №1. Осталось противоракет: 3
30.04 14:58:02:715 SPRO Обнаружена цель id:34f24db координаты 4047916 3917462 тип:BB_BR скорость:8130
30.04 14:58:02:750 SPRO Стрельба по цели id:34f24db тип:BB_BR пуск №1. Осталось противоракет: 2
30.04 14:58:03:174 SPRO Цель id:629285b УНИЧТОЖЕНА после пуска №1
30.04 14:58:06:092 SPRO ПРОМАХ по цели id:34f24db после пуска №1
30.04 14:58:07:122 SPRO Стрельба по цели id:34f24db тип:BB_BR пуск №2. Осталось противоракет: 1
30.04 14:58:10:520 SPRO Цель id:34f24db УНИЧТОЖЕНА после пуска №2
30.04 14:58:59:783 SPRO Обнаружена цель id:a93365b координаты 6226640 4892192 тип:BB_BR скорость:9949
30.04 14:58:59:828 SPRO Стрельба по цели id:a93365b тип:BB_BR пуск №1. Осталось противоракет: 0
30.04 14:58:59:863 SPRO Боекомплект исчерпан! Переход в режим обнаружения
30.04 14:59:00:864 SPRO Боекомплект автоматически пополнен: 10 противоракет
30.04 14:59:03:941 SPRO Цель id:a93365b УНИЧТОЖЕНА после пуска №1
30.04 15:00:00:112 SPRO Обнаружена цель id:da3c6fb координаты 6192125 2288125 тип:BB_BR скорость:8444
30.04 15:00:00:147 SPRO Стрельба по цели id:da3c6fb тип:BB_BR пуск №1. Осталось противоракет: 9
30.04 15:00:03:971 SPRO Цель id:da3c6fb УНИЧТОЖЕНА после пуска №1
30.04 15:00:24:513 SPRO Обнаружена цель id:c62c20b координаты 6154200 2259500 тип:BB_BR скорость:9429
30.04 15:00:24:555 SPRO Стрельба по цели id:c62c20b тип:BB_BR пуск №1. Осталось противоракет: 8
30.04 15:00:27:780 SPRO Цель id:c62c20b УНИЧТОЖЕНА после пуска №1
30.04 15:00:30:107 SPRO Обнаружена цель id:7af7bfb координаты 5256761 4315895 тип:BB_BR скорость:8248
30.04 15:00:30:146 SPRO Стрельба по цели id:7af7bfb тип:BB_BR пуск №1. Осталось противоракет: 7
30.04 15:00:33:431 SPRO Цель id:7af7bfb УНИЧТОЖЕНА после пуска №1
30.04 15:01:58:644 SPRO Обнаружена цель id:a01b17b координаты 5561112 4202864 тип:BB_BR скорость:28498
30.04 15:01:58:669 SPRO Стрельба по цели id:a01b17b тип:BB_BR пуск №1. Осталось противоракет: 6
30.04 15:02:01:510 SPRO Цель id:a01b17b УНИЧТОЖЕНА после пуска №1
30.04 15:02:55:557 SPRO Обнаружена цель id:684d0ab координаты 4561508 3741402 тип:BB_BR скорость:8913
30.04 15:02:55:594 SPRO Стрельба по цели id:684d0ab тип:BB_BR пуск №1. Осталось противоракет: 5
30.04 15:02:58:873 SPRO Цель id:684d0ab УНИЧТОЖЕНА после пуска №1
30.04 15:03:18:609 SPRO Обнаружена цель id:5ca93db координаты 6839702 3718018 тип:BB_BR скорость:9945
30.04 15:03:18:647 SPRO Стрельба по цели id:5ca93db тип:BB_BR пуск №1. Осталось противоракет: 4
30.04 15:03:21:716 SPRO Цель id:5ca93db УНИЧТОЖЕНА после пуска №1
30.04 15:03:55:692 SPRO Обнаружена цель id:5441c6b координаты 4188885 4315985 тип:BB_BR скорость:26013
30.04 15:03:55:724 SPRO Стрельба по цели id:5441c6b тип:BB_BR пуск №1. Осталось противоракет: 3
30.04 15:03:58:675 SPRO ПРОМАХ по цели id:5441c6b после пуска №1
30.04 15:03:59:919 SPRO Стрельба по цели id:5441c6b тип:BB_BR пуск №2. Осталось противоракет: 2
30.04 15:04:02:056 SPRO Цель id:5441c6b УНИЧТОЖЕНА после пуска №2
30.04 15:06:46:113 SPRO Обнаружена цель id:b9fbbdb координаты 5942968 3794906 тип:BB_BR скорость:18450
30.04 15:06:46:146 SPRO Стрельба по цели id:b9fbbdb тип:BB_BR пуск №1. Осталось противоракет: 1
30.04 15:06:49:313 SPRO Цель id:b9fbbdb УНИЧТОЖЕНА после пуска №1
30.04 15:06:57:523 SPRO Обнаружена цель id:3e50d6b координаты 5674820 2120932 тип:BB_BR скорость:8112
30.04 15:06:57:564 SPRO Стрельба по цели id:3e50d6b тип:BB_BR пуск №1. Осталось противоракет: 0
30.04 15:06:57:600 SPRO Боекомплект исчерпан! Переход в режим обнаружения
30.04 15:06:58:832 SPRO Боекомплект автоматически пополнен: 10 противоракет
30.04 15:07:01:494 SPRO Цель id:3e50d6b УНИЧТОЖЕНА после пуска №1
30.04 15:07:16:226 SPRO Обнаружена цель id:6e4429b координаты 6509732 2706032 тип:BB_BR скорость:9038
30.04 15:07:16:249 SPRO Стрельба по цели id:6e4429b тип:BB_BR пуск №1. Осталось противоракет: 9
30.04 15:07:19:309 SPRO ПРОМАХ по цели id:6e4429b после пуска №1
30.04 15:07:19:497 SPRO Стрельба по цели id:6e4429b тип:BB_BR пуск №2. Осталось противоракет: 8
30.04 15:07:21:956 SPRO ПРОМАХ по цели id:6e4429b после пуска №2
30.04 15:07:22:199 SPRO Стрельба по цели id:6e4429b тип:BB_BR пуск №3. Осталось противоракет: 7
30.04 15:07:24:910 SPRO Цель id:6e4429b УНИЧТОЖЕНА после пуска №3
30.04 15:08:47:052 SPRO Обнаружена цель id:41b259b координаты 6251972 4867973 тип:BB_BR скорость:16031
30.04 15:08:47:102 SPRO Стрельба по цели id:41b259b тип:BB_BR пуск №1. Осталось противоракет: 6
30.04 15:08:50:168 SPRO Цель id:41b259b УНИЧТОЖЕНА после пуска №1
30.04 15:09:26:832 SPRO Обнаружена цель id:33debcb координаты 6485550 3214108 тип:BB_BR скорость:8808
30.04 15:09:26:880 SPRO Стрельба по цели id:33debcb тип:BB_BR пуск №1. Осталось противоракет: 5
30.04 15:09:30:659 SPRO Цель id:33debcb УНИЧТОЖЕНА после пуска №1
30.04 15:11:56:451 SPRO Обнаружена цель id:5aa0cdb координаты 5400020 2152300 тип:BB_BR скорость:9262
30.04 15:11:56:487 SPRO Стрельба по цели id:5aa0cdb тип:BB_BR пуск №1. Осталось противоракет: 4
30.04 15:11:59:119 SPRO Цель id:5aa0cdb УНИЧТОЖЕНА после пуска №1
30.04 15:12:30:963 SPRO Обнаружена цель id:8bd48cb координаты 5299398 3991196 тип:BB_BR скорость:8592
30.04 15:12:31:012 SPRO Стрельба по цели id:8bd48cb тип:BB_BR пуск №1. Осталось противоракет: 3
30.04 15:12:34:428 SPRO ПРОМАХ по цели id:8bd48cb после пуска №1
30.04 15:12:34:639 SPRO Стрельба по цели id:8bd48cb тип:BB_BR пуск №2. Осталось противоракет: 2
30.04 15:12:37:312 SPRO ПРОМАХ по цели id:8bd48cb после пуска №2
30.04 15:12:37:541 SPRO Стрельба по цели id:8bd48cb тип:BB_BR пуск №3. Осталось противоракет: 1
30.04 15:12:41:079 SPRO Обнаружена цель id:7e221ab координаты 6545452 2555120 тип:BB_BR скорость:16573
30.04 15:12:41:135 SPRO Стрельба по цели id:7e221ab тип:BB_BR пуск №1. Осталось противоракет: 0
30.04 15:12:41:215 SPRO Боекомплект исчерпан! Переход в режим обнаружения
30.04 15:12:41:294 SPRO Цель id:8bd48cb УНИЧТОЖЕНА после пуска №3
30.04 15:12:41:891 SPRO Боекомплект автоматически пополнен: 10 противоракет
30.04 15:12:44:332 SPRO Цель id:7e221ab УНИЧТОЖЕНА после пуска №1
30.04 15:14:44:393 SPRO Обнаружена цель id:d322b1b координаты 6097728 2232382 тип:BB_BR скорость:9091
30.04 15:14:44:440 SPRO Стрельба по цели id:d322b1b тип:BB_BR пуск №1. Осталось противоракет: 9
30.04 15:14:47:168 SPRO ПРОМАХ по цели id:d322b1b после пуска №1
30.04 15:14:48:244 SPRO Стрельба по цели id:d322b1b тип:BB_BR пуск №2. Осталось противоракет: 8
30.04 15:14:51:157 SPRO ПРОМАХ по цели id:d322b1b после пуска №2
30.04 15:14:52:053 SPRO Стрельба по цели id:d322b1b тип:BB_BR пуск №3. Осталось противоракет: 7
30.04 15:14:54:764 SPRO Цель id:d322b1b УНИЧТОЖЕНА после пуска №3
30.04 15:16:19:368 SPRO Обнаружена цель id:08eb31b координаты 6032923 4977358 тип:BB_BR скорость:9964
30.04 15:16:19:394 SPRO Стрельба по цели id:08eb31b тип:BB_BR пуск №1. Осталось противоракет: 6
30.04 15:16:19:747 SPRO Обнаружена цель id:efc195b координаты 5485730 4921408 тип:BB_BR скорость:8031
30.04 15:16:19:802 SPRO Стрельба по цели id:efc195b тип:BB_BR пуск №1. Осталось противоракет: 5
30.04 15:16:22:956 SPRO ПРОМАХ по цели id:efc195b после пуска №1
30.04 15:16:23:157 SPRO Стрельба по цели id:efc195b тип:BB_BR пуск №2. Осталось противоракет: 4
30.04 15:16:23:264 SPRO Цель id:08eb31b УНИЧТОЖЕНА после пуска №1
30.04 15:16:25:882 SPRO ПРОМАХ по цели id:efc195b после пуска №2
30.04 15:16:26:081 SPRO Стрельба по цели id:efc195b тип:BB_BR пуск №3. Осталось противоракет: 3
30.04 15:16:29:058 SPRO ПРОМАХ по цели id:efc195b после пуска №3
30.04 15:16:29:364 SPRO Стрельба по цели id:efc195b тип:BB_BR пуск №4. Осталось противоракет: 2
30.04 15:16:31:942 SPRO ПРОМАХ по цели id:efc195b после пуска №4
30.04 15:16:32:269 SPRO Стрельба по цели id:efc195b тип:BB_BR пуск №5. Осталось противоракет: 1
30.04 15:16:35:508 SPRO Цель id:efc195b УНИЧТОЖЕНА после пуска №5
30.04 15:17:04:728 SPRO Обнаружена цель id:cf957ab координаты 6045002 4681590 тип:BB_BR скорость:8948
30.04 15:17:04:777 SPRO Стрельба по цели id:cf957ab тип:BB_BR пуск №1. Осталось противоракет: 0
30.04 15:17:04:830 SPRO Боекомплект исчерпан! Переход в режим обнаружения
30.04 15:17:06:234 SPRO Боекомплект автоматически пополнен: 10 противоракет
30.04 15:17:08:534 SPRO Цель id:cf957ab УНИЧТОЖЕНА после пуска №1
30.04 15:18:30:124 SPRO Запуск СПРО. Координаты: X=5500000 Y=3600000, Радиус: 1500000
30.04 15:18:35:315 SPRO Обнаружена цель id:bcd847b координаты 6089447 4048634 тип:BB_BR скорость:17399
30.04 15:18:35:351 SPRO Стрельба по цели id:bcd847b тип:BB_BR пуск №1. Осталось противоракет: 9
30.04 15:18:35:573 SPRO Обнаружена цель id:bce0dbb координаты 6640210 3863609 тип:BB_BR скорость:19290
30.04 15:18:35:610 SPRO Стрельба по цели id:bce0dbb тип:BB_BR пуск №1. Осталось противоракет: 8
30.04 15:18:35:905 SPRO Обнаружена цель id:e43bb7b координаты 5838671 3747888 тип:BB_BR скорость:16150
30.04 15:18:35:956 SPRO Стрельба по цели id:e43bb7b тип:BB_BR пуск №1. Осталось противоракет: 7
30.04 15:18:38:077 SPRO ПРОМАХ по цели id:bcd847b после пуска №1
30.04 15:18:38:465 SPRO Стрельба по цели id:bcd847b тип:BB_BR пуск №2. Осталось противоракет: 6
30.04 15:18:38:528 SPRO Цель id:bce0dbb УНИЧТОЖЕНА после пуска №1
30.04 15:18:38:596 SPRO ПРОМАХ по цели id:e43bb7b после пуска №1
30.04 15:18:39:085 SPRO Стрельба по цели id:e43bb7b тип:BB_BR пуск №2. Осталось противоракет: 5
30.04 15:18:41:654 SPRO Цель id:e43bb7b УНИЧТОЖЕНА после пуска №2
30.04 15:18:41:968 SPRO Цель id:bcd847b УНИЧТОЖЕНА после пуска №2
30.04 15:18:50:095 SPRO Обнаружена цель id:8c585fb координаты 6300481 2607636 тип:BB_BR скорость:16590
30.04 15:18:50:130 SPRO Стрельба по цели id:8c585fb тип:BB_BR пуск №1. Осталось противоракет: 4
30.04 15:18:52:739 SPRO ПРОМАХ по цели id:8c585fb после пуска №1
30.04 15:18:52:979 SPRO Стрельба по цели id:8c585fb тип:BB_BR пуск №2. Осталось противоракет: 3
30.04 15:18:55:908 SPRO Цель id:8c585fb УНИЧТОЖЕНА после пуска №2
30.04 15:20:42:402 SPRO Обнаружена цель id:e444acb координаты 5136540 5046140 тип:BB_BR скорость:9527
30.04 15:20:42:430 SPRO Стрельба по цели id:e444acb тип:BB_BR пуск №1. Осталось противоракет: 2
30.04 15:20:45:987 SPRO Цель id:e444acb УНИЧТОЖЕНА после пуска №1
30.04 15:22:04:770 SPRO Обнаружена цель id:c07429b координаты 4346630 2684740 тип:BB_BR скорость:18498
30.04 15:22:04:813 SPRO Стрельба по цели id:c07429b тип:BB_BR пуск №1. Осталось противоракет: 1
30.04 15:22:08:106 SPRO Цель id:c07429b УНИЧТОЖЕНА после пуска №1
30.04 15:22:14:431 SPRO Обнаружена цель id:1d4dffb координаты 6772898 2814746 тип:BB_BR скорость:18909
30.04 15:22:14:461 SPRO Стрельба по цели id:1d4dffb тип:BB_BR пуск №1. Осталось противоракет: 0
30.04 15:22:14:499 SPRO Боекомплект исчерпан! Переход в режим обнаружения
30.04 15:22:15:090 SPRO Боекомплект автоматически пополнен: 10 противоракет
30.04 15:22:18:194 SPRO Цель id:1d4dffb УНИЧТОЖЕНА после пуска №1
30.04 15:23:04:467 SPRO Обнаружена цель id:e05d5bb координаты 5686526 3759180 тип:BB_BR скорость:8540
30.04 15:23:04:520 SPRO Стрельба по цели id:e05d5bb тип:BB_BR пуск №1. Осталось противоракет: 9
30.04 15:23:08:070 SPRO ПРОМАХ по цели id:e05d5bb после пуска №1
30.04 15:23:08:376 SPRO Стрельба по цели id:e05d5bb тип:BB_BR пуск №2. Осталось противоракет: 8
30.04 15:23:11:631 SPRO Цель id:e05d5bb УНИЧТОЖЕНА после пуска №2
30.04 15:23:14:480 SPRO Обнаружена цель id:adbacbb координаты 6864504 4164812 тип:BB_BR скорость:8797
30.04 15:23:14:520 SPRO Стрельба по цели id:adbacbb тип:BB_BR пуск №1. Осталось противоракет: 7
30.04 15:23:17:583 SPRO ПРОМАХ по цели id:adbacbb после пуска №1
30.04 15:23:18:825 SPRO Стрельба по цели id:adbacbb тип:BB_BR пуск №2. Осталось противоракет: 6
30.04 15:23:22:184 SPRO Цель id:adbacbb УНИЧТОЖЕНА после пуска №2
30.04 15:23:25:487 SPRO Обнаружена цель id:cc62acb координаты 5406504 3712692 тип:BB_BR скорость:16331
30.04 15:23:25:535 SPRO Стрельба по цели id:cc62acb тип:BB_BR пуск №1. Осталось противоракет: 5
30.04 15:23:28:696 SPRO Цель id:cc62acb УНИЧТОЖЕНА после пуска №1
30.04 15:23:39:988 SPRO Обнаружена цель id:9e3c65b координаты 5544730 3284198 тип:BB_BR скорость:16278
30.04 15:23:40:077 SPRO Стрельба по цели id:9e3c65b тип:BB_BR пуск №1. Осталось противоракет: 4
30.04 15:23:43:553 SPRO ПРОМАХ по цели id:9e3c65b после пуска №1
30.04 15:23:43:834 SPRO Стрельба по цели id:9e3c65b тип:BB_BR пуск №2. Осталось противоракет: 3
30.04 15:23:47:373 SPRO ПРОМАХ по цели id:9e3c65b после пуска №2
30.04 15:23:47:746 SPRO Стрельба по цели id:9e3c65b тип:BB_BR пуск №3. Осталось противоракет: 2
30.04 15:23:51:891 SPRO Цель id:9e3c65b УНИЧТОЖЕНА после пуска №3
30.04 15:24:11:199 SPRO Обнаружена цель id:0199c6b координаты 6281882 3672162 тип:BB_BR скорость:8489
30.04 15:24:11:243 SPRO Стрельба по цели id:0199c6b тип:BB_BR пуск №1. Осталось противоракет: 1
30.04 15:24:14:517 SPRO Цель id:0199c6b УНИЧТОЖЕНА после пуска №1
30.04 15:24:22:948 SPRO Обнаружена цель id:5f60b5b координаты 6166218 2646635 тип:BB_BR скорость:8380
30.04 15:24:22:989 SPRO Стрельба по цели id:5f60b5b тип:BB_BR пуск №1. Осталось противоракет: 0
30.04 15:24:23:013 SPRO Боекомплект исчерпан! Переход в режим обнаружения
30.04 15:24:23:976 SPRO Боекомплект автоматически пополнен: 10 противоракет
30.04 15:24:26:407 SPRO Цель id:5f60b5b УНИЧТОЖЕНА после пуска №1
30.04 15:34:12:705 SPRO Обнаружена цель id:677d40b координаты 4560200 3503200 тип:BB_BR скорость:9685
30.04 15:34:12:736 SPRO Стрельба по цели id:677d40b тип:BB_BR пуск №1. Осталось противоракет: 9
30.04 15:34:15:890 SPRO Цель id:677d40b УНИЧТОЖЕНА после пуска №1
30.04 15:34:16:358 SPRO Обнаружена цель id:18ec2cb координаты 6688284 3156860 тип:BB_BR скорость:19923
30.04 15:34:16:395 SPRO Стрельба по цели id:18ec2cb тип:BB_BR пуск №1. Осталось противоракет: 8
30.04 15:34:16:442 SPRO Обнаружена цель id:4cd9b8b координаты 6555340 4617935 тип:BB_BR скорость:19497
30.04 15:34:16:472 SPRO Стрельба по цели id:4cd9b8b тип:BB_BR пуск №1. Осталось противоракет: 7
30.04 15:34:19:393 SPRO Цель id:18ec2cb УНИЧТОЖЕНА после пуска №1
30.04 15:34:19:450 SPRO Цель id:4cd9b8b УНИЧТОЖЕНА после пуска №1
30.04 15:34:28:405 SPRO Обнаружена цель id:63cf19b координаты 6199499 2964697 тип:BB_BR скорость:19895
30.04 15:34:28:481 SPRO Стрельба по цели id:63cf19b тип:BB_BR пуск №1. Осталось противоракет: 6
30.04 15:34:32:786 SPRO Цель id:63cf19b УНИЧТОЖЕНА после пуска №1
30.04 15:34:41:204 SPRO Обнаружена цель id:c9dc52b координаты 4964440 4979820 тип:BB_BR скорость:16043
30.04 15:34:41:243 SPRO Стрельба по цели id:c9dc52b тип:BB_BR пуск №1. Осталось противоракет: 5
30.04 15:34:43:971 SPRO Цель id:c9dc52b УНИЧТОЖЕНА после пуска №1
30.04 15:36:08:507 SPRO Обнаружена цель id:f7688ab координаты 5333746 4000773 тип:BB_BR скорость:8419
30.04 15:36:08:552 SPRO Стрельба по цели id:f7688ab тип:BB_BR пуск №1. Осталось противоракет: 4
30.04 15:36:11:364 SPRO Цель id:f7688ab УНИЧТОЖЕНА после пуска №1
30.04 15:37:31:348 SPRO Обнаружена цель id:a79af7b координаты 4512314 4705297 тип:BB_BR скорость:9925
30.04 15:37:31:391 SPRO Стрельба по цели id:a79af7b тип:BB_BR пуск №1. Осталось противоракет: 3
30.04 15:37:35:447 SPRO Цель id:a79af7b УНИЧТОЖЕНА после пуска №1
30.04 15:40:07:760 SPRO Обнаружена цель id:911f99b координаты 6548195 4439257 тип:BB_BR скорость:16941
30.04 15:40:07:811 SPRO Стрельба по цели id:911f99b тип:BB_BR пуск №1. Осталось противоракет: 2
30.04 15:40:11:731 SPRO ПРОМАХ по цели id:911f99b после пуска №1
30.04 15:40:12:017 SPRO Стрельба по цели id:911f99b тип:BB_BR пуск №2. Осталось противоракет: 1
30.04 15:40:14:137 SPRO Цель id:911f99b УНИЧТОЖЕНА после пуска №2
30.04 15:40:42:017 SPRO Обнаружена цель id:350be2b координаты 6692549 4444452 тип:BB_BR скорость:9459
30.04 15:40:42:062 SPRO Стрельба по цели id:350be2b тип:BB_BR пуск №1. Осталось противоракет: 0
30.04 15:40:42:113 SPRO Боекомплект исчерпан! Переход в режим обнаружения
30.04 15:40:42:815 SPRO Боекомплект автоматически пополнен: 10 противоракет
30.04 15:40:45:682 SPRO Цель id:350be2b УНИЧТОЖЕНА после пуска №1
30.04 15:42:18:952 SPRO Обнаружена цель id:4f3eaab координаты 6315156 4102094 тип:BB_BR скорость:8793
30.04 15:42:19:046 SPRO Стрельба по цели id:4f3eaab тип:BB_BR пуск №1. Осталось противоракет: 9
30.04 15:42:22:799 SPRO Цель id:4f3eaab УНИЧТОЖЕНА после пуска №1
30.04 15:47:29:654 SPRO Обнаружена цель id:cd4230b координаты 6757316 4061338 тип:BB_BR скорость:8962
30.04 15:47:29:747 SPRO Стрельба по цели id:cd4230b тип:BB_BR пуск №1. Осталось противоракет: 8
30.04 15:47:33:196 SPRO Цель id:cd4230b УНИЧТОЖЕНА после пуска №1
30.04 15:49:48:482 SPRO Обнаружена цель id:78fb8db координаты 5192664 4761694 тип:BB_BR скорость:8409
30.04 15:49:48:582 SPRO Стрельба по цели id:78fb8db тип:BB_BR пуск №1. Осталось противоракет: 7
30.04 15:49:51:870 SPRO ПРОМАХ по цели id:78fb8db после пуска №1
30.04 15:49:52:078 SPRO Стрельба по цели id:78fb8db тип:BB_BR пуск №2. Осталось противоракет: 6
30.04 15:49:55:514 SPRO Цель id:78fb8db УНИЧТОЖЕНА после пуска №2
30.04 15:52:10:153 SPRO Обнаружена цель id:6752a6b координаты 4761436 4437453 тип:BB_BR скорость:8854
30.04 15:52:10:231 SPRO Стрельба по цели id:6752a6b тип:BB_BR пуск №1. Осталось противоракет: 5
30.04 15:52:10:343 SPRO Обнаружена цель id:f79e2fb координаты 4729003 3866858 тип:BB_BR скорость:9325
30.04 15:52:10:407 SPRO Стрельба по цели id:f79e2fb тип:BB_BR пуск №1. Осталось противоракет: 4
30.04 15:52:13:929 SPRO ПРОМАХ по цели id:6752a6b после пуска №1
30.04 15:52:15:043 SPRO Стрельба по цели id:6752a6b тип:BB_BR пуск №2. Осталось противоракет: 3
30.04 15:52:15:111 SPRO ПРОМАХ по цели id:f79e2fb после пуска №1
30.04 15:52:16:360 SPRO Стрельба по цели id:f79e2fb тип:BB_BR пуск №2. Осталось противоракет: 2
30.04 15:52:19:737 SPRO Цель id:6752a6b УНИЧТОЖЕНА после пуска №2
30.04 15:52:19:789 SPRO Цель id:f79e2fb УНИЧТОЖЕНА после пуска №2
30.04 15:53:04:658 SPRO Обнаружена цель id:791323b координаты 6300096 2341848 тип:BB_BR скорость:8075
30.04 15:53:04:797 SPRO Стрельба по цели id:791323b тип:BB_BR пуск №1. Осталось противоракет: 1
30.04 15:53:08:641 SPRO ПРОМАХ по цели id:791323b после пуска №1
30.04 15:53:09:834 SPRO Стрельба по цели id:791323b тип:BB_BR пуск №2. Осталось противоракет: 0
30.04 15:53:09:865 SPRO Боекомплект исчерпан! Переход в режим обнаружения
30.04 15:53:10:443 SPRO Боекомплект автоматически пополнен: 10 противоракет
30.04 15:53:15:682 SPRO ПРОМАХ по цели id:791323b после пуска №2
30.04 15:53:17:129 SPRO Стрельба по цели id:791323b тип:BB_BR пуск №3. Осталось противоракет: 9
30.04 15:53:19:850 SPRO Цель id:791323b УНИЧТОЖЕНА после пуска №3
30.04 15:55:37:940 SPRO Обнаружена цель id:9d6763b координаты 4234856 4359700 тип:BB_BR скорость:17265
30.04 15:55:38:052 SPRO Стрельба по цели id:9d6763b тип:BB_BR пуск №1. Осталось противоракет: 8
30.04 15:55:42:438 SPRO ПРОМАХ по цели id:9d6763b после пуска №1
30.04 15:55:43:094 SPRO Стрельба по цели id:9d6763b тип:BB_BR пуск №2. Осталось противоракет: 7
30.04 15:55:46:066 SPRO Обнаружена цель id:043de3b координаты 4579040 4774680 тип:BB_BR скорость:9254
30.04 15:55:46:094 SPRO Стрельба по цели id:043de3b тип:BB_BR пуск №1. Осталось противоракет: 6
30.04 15:55:46:138 SPRO Цель id:9d6763b УНИЧТОЖЕНА после пуска №2
30.04 15:55:49:656 SPRO Цель id:043de3b УНИЧТОЖЕНА после пуска №1
30.04 15:56:36:090 SPRO Обнаружена цель id:c8ff1bb координаты 5593738 3391876 тип:BB_BR скорость:8838
30.04 15:56:36:168 SPRO Стрельба по цели id:c8ff1bb тип:BB_BR пуск №1. Осталось противоракет: 5
30.04 15:56:43:769 SPRO Цель id:c8ff1bb УНИЧТОЖЕНА после пуска №1
30.04 15:57:56:143 SPRO Обнаружена цель id:5ec4d5b координаты 5405376 2829912 тип:BB_BR скорость:8503
30.04 15:57:56:324 SPRO Стрельба по цели id:5ec4d5b тип:BB_BR пуск №1. Осталось противоракет: 4
30.04 15:58:00:744 SPRO ПРОМАХ по цели id:5ec4d5b после пуска №1
30.04 15:58:01:627 SPRO Стрельба по цели id:5ec4d5b тип:BB_BR пуск №2. Осталось противоракет: 3
30.04 15:58:04:944 SPRO ПРОМАХ по цели id:5ec4d5b после пуска №2
30.04 15:58:05:747 SPRO Стрельба по цели id:5ec4d5b тип:BB_BR пуск №3. Осталось противоракет: 2
30.04 15:58:08:759 SPRO Цель id:5ec4d5b УНИЧТОЖЕНА после пуска №3
