30.04 15:45:23:342 SPRO_VORONEZSH Запуск СПРО. Координаты: X=3200000 Y=3400000, Радиус: 1100000
30.04 15:45:34:659 SPRO_VORONEZSH Обнаружена цель id:18a670b координаты 3873984 2773322 тип:BB_BR скорость:9937
30.04 15:45:34:730 SPRO_VORONEZSH Стрельба по цели id:18a670b тип:BB_BR пуск №1. Осталось противоракет: 9
30.04 15:45:39:326 SPRO_VORONEZSH ПРОМАХ по цели id:18a670b после пуска №1
30.04 15:45:39:646 SPRO_VORONEZSH Стрельба по цели id:18a670b тип:BB_BR пуск №2. Осталось противоракет: 8
30.04 15:45:42:588 SPRO_VORONEZSH Цель id:18a670b УНИЧТОЖЕНА после пуска №2
30.04 15:49:17:382 SPRO_VORONEZSH Обнаружена цель id:8f43c1b координаты 2678296 4349902 тип:BB_BR скорость:9376
30.04 15:49:17:458 SPRO_VORONEZSH Стрельба по цели id:8f43c1b тип:BB_BR пуск №1. Осталось противоракет: 7
30.04 15:49:20:820 SPRO_VORONEZSH Цель id:8f43c1b УНИЧТОЖЕНА после пуска №1
07.05 12:55:05:116 SPRO_VORONEZSH Запуск СПРО. Координаты: X=3200000 Y=3400000, Радиус: 1100000
07.05 13:02:46:838 SPRO_VORONEZSH Обнаружена цель id:d49c96b координаты 2646568 4335887 тип:BB_BR скорость:9730
07.05 13:02:46:852 SPRO_VORONEZSH Стрельба по цели id:d49c96b тип:BB_BR пуск №1. Осталось противоракет: 9
07.05 13:02:48:783 SPRO_VORONEZSH ПРОМАХ по цели id:d49c96b после пуска №1
07.05 13:02:49:228 SPRO_VORONEZSH Стрельба по цели id:d49c96b тип:BB_BR пуск №2. Осталось противоракет: 8
07.05 13:02:50:756 SPRO_VORONEZSH Цель id:d49c96b УНИЧТОЖЕНА после пуска №2
07.05 13:03:09:221 SPRO_VORONEZSH Обнаружена цель id:f158a6b координаты 3329355 2321125 тип:BB_BR скорость:9323
07.05 13:03:09:235 SPRO_VORONEZSH Стрельба по цели id:f158a6b тип:BB_BR пуск №1. Осталось противоракет: 7
07.05 13:03:11:187 SPRO_VORONEZSH Цель id:f158a6b УНИЧТОЖЕНА после пуска №1
07.05 13:03:16:386 SPRO_VORONEZSH Обнаружена цель id:9e26dfb координаты 2723736 4302760 тип:BB_BR скорость:8887
07.05 13:03:16:396 SPRO_VORONEZSH Стрельба по цели id:9e26dfb тип:BB_BR пуск №1. Осталось противоракет: 6
07.05 13:03:18:193 SPRO_VORONEZSH ПРОМАХ по цели id:9e26dfb после пуска №1
07.05 13:03:18:243 SPRO_VORONEZSH Стрельба по цели id:9e26dfb тип:BB_BR пуск №2. Осталось противоракет: 5
07.05 13:03:19:866 SPRO_VORONEZSH ПРОМАХ по цели id:9e26dfb после пуска №2
07.05 13:03:19:928 SPRO_VORONEZSH Стрельба по цели id:9e26dfb тип:BB_BR пуск №3. Осталось противоракет: 4
07.05 13:03:21:658 SPRO_VORONEZSH Цель id:9e26dfb УНИЧТОЖЕНА после пуска №3
07.05 13:07:01:074 SPRO_VORONEZSH Обнаружена цель id:757ad2b координаты 3123816 4487420 тип:BB_BR скорость:8987
07.05 13:07:01:088 SPRO_VORONEZSH Стрельба по цели id:757ad2b тип:BB_BR пуск №1. Осталось противоракет: 3
07.05 13:07:02:828 SPRO_VORONEZSH ПРОМАХ по цели id:757ad2b после пуска №1
07.05 13:07:03:216 SPRO_VORONEZSH Стрельба по цели id:757ad2b тип:BB_BR пуск №2. Осталось противоракет: 2
07.05 13:07:04:951 SPRO_VORONEZSH Цель id:757ad2b УНИЧТОЖЕНА после пуска №2
07.05 13:07:16:461 SPRO_VORONEZSH Обнаружена цель id:5c0401b координаты 2427758 2752261 тип:BB_BR скорость:8846
07.05 13:07:16:473 SPRO_VORONEZSH Стрельба по цели id:5c0401b тип:BB_BR пуск №1. Осталось противоракет: 1
07.05 13:07:18:326 SPRO_VORONEZSH ПРОМАХ по цели id:5c0401b после пуска №1
07.05 13:07:18:389 SPRO_VORONEZSH Стрельба по цели id:5c0401b тип:BB_BR пуск №2. Осталось противоракет: 0
07.05 13:07:18:398 SPRO_VORONEZSH Боекомплект исчерпан! Переход в режим обнаружения
07.05 13:07:18:913 SPRO_VORONEZSH Боекомплект автоматически пополнен: 10 противоракет
07.05 13:07:20:082 SPRO_VORONEZSH Цель id:5c0401b УНИЧТОЖЕНА после пуска №2
07.05 13:07:40:519 SPRO_VORONEZSH Запуск СПРО. Координаты: X=3200000 Y=3400000, Радиус: 1100000
07.05 13:08:58:664 SPRO_VORONEZSH Обнаружена цель id:ae3ac2b координаты 2320836 2758111 тип:BB_BR скорость:9300
07.05 13:08:58:678 SPRO_VORONEZSH Стрельба по цели id:ae3ac2b тип:BB_BR пуск №1. Осталось противоракет: 9
07.05 13:09:00:331 SPRO_VORONEZSH Цель id:ae3ac2b УНИЧТОЖЕНА после пуска №1
07.05 13:13:08:819 SPRO_VORONEZSH Обнаружена цель id:23cc09b координаты 2154043 3709380 тип:BB_BR скорость:9616
07.05 13:13:08:831 SPRO_VORONEZSH Стрельба по цели id:23cc09b тип:BB_BR пуск №1. Осталось противоракет: 8
07.05 13:13:10:384 SPRO_VORONEZSH Цель id:23cc09b УНИЧТОЖЕНА после пуска №1
07.05 13:14:23:425 SPRO_VORONEZSH Обнаружена цель id:604af7b координаты 3212412 2816446 тип:BB_BR скорость:9236
07.05 13:14:23:437 SPRO_VORONEZSH Стрельба по цели id:604af7b тип:BB_BR пуск №1. Осталось противоракет: 7
07.05 13:14:25:010 SPRO_VORONEZSH Цель id:604af7b УНИЧТОЖЕНА после пуска №1
07.05 13:15:16:920 SPRO_VORONEZSH Запуск СПРО. Координаты: X=3200000 Y=3400000, Радиус: 1100000
07.05 13:15:19:207 SPRO_VORONEZSH Обнаружена цель id:5cc5c8b координаты 2539358 3190126 тип:BB_BR скорость:8527
07.05 13:15:19:219 SPRO_VORONEZSH Стрельба по цели id:5cc5c8b тип:BB_BR пуск №1. Осталось противоракет: 9
07.05 13:15:20:785 SPRO_VORONEZSH Цель id:5cc5c8b УНИЧТОЖЕНА после пуска №1
07.05 13:18:51:522 SPRO_VORONEZSH Обнаружена цель id:7357a5b координаты 3474366 3965626 тип:BB_BR скорость:8576
07.05 13:18:51:535 SPRO_VORONEZSH Стрельба по цели id:7357a5b тип:BB_BR пуск №1. Осталось противоракет: 8
07.05 13:18:53:169 SPRO_VORONEZSH Цель id:7357a5b УНИЧТОЖЕНА после пуска №1
07.05 13:22:22:931 SPRO_VORONEZSH Запуск СПРО. Координаты: X=3200000 Y=3400000, Радиус: 1100000
07.05 13:22:25:168 SPRO_VORONEZSH Обнаружена цель id:448945b координаты 3776379 4326497 тип:BB_BR скорость:9333
07.05 13:22:25:181 SPRO_VORONEZSH Стрельба по цели id:448945b тип:BB_BR пуск №1. Осталось противоракет: 9
07.05 13:22:26:812 SPRO_VORONEZSH ПРОМАХ по цели id:448945b после пуска №1
07.05 13:22:26:916 SPRO_VORONEZSH Стрельба по цели id:448945b тип:BB_BR пуск №2. Осталось противоракет: 8
07.05 13:22:28:395 SPRO_VORONEZSH ПРОМАХ по цели id:448945b после пуска №2
07.05 13:22:28:504 SPRO_VORONEZSH Стрельба по цели id:448945b тип:BB_BR пуск №3. Осталось противоракет: 7
07.05 13:22:29:914 SPRO_VORONEZSH Цель id:448945b УНИЧТОЖЕНА после пуска №3
07.05 13:24:45:618 SPRO_VORONEZSH Обнаружена цель id:1a755fb координаты 3144900 2318720 тип:BB_BR скорость:9092
07.05 13:24:45:629 SPRO_VORONEZSH Стрельба по цели id:1a755fb тип:BB_BR пуск №1. Осталось противоракет: 6
07.05 13:24:47:229 SPRO_VORONEZSH Цель id:1a755fb УНИЧТОЖЕНА после пуска №1
07.05 13:25:25:914 SPRO_VORONEZSH Обнаружена цель id:9bc7adb координаты 4205889 2962568 тип:BB_BR скорость:8274
07.05 13:25:25:925 SPRO_VORONEZSH Стрельба по цели id:9bc7adb тип:BB_BR пуск №1. Осталось противоракет: 5
07.05 13:25:27:447 SPRO_VORONEZSH ПРОМАХ по цели id:9bc7adb после пуска №1
07.05 13:25:27:838 SPRO_VORONEZSH Стрельба по цели id:9bc7adb тип:BB_BR пуск №2. Осталось противоракет: 4
07.05 13:25:29:302 SPRO_VORONEZSH ПРОМАХ по цели id:9bc7adb после пуска №2
07.05 13:25:29:721 SPRO_VORONEZSH Стрельба по цели id:9bc7adb тип:BB_BR пуск №3. Осталось противоракет: 3
07.05 13:25:31:033 SPRO_VORONEZSH Цель id:9bc7adb УНИЧТОЖЕНА после пуска №3
07.05 13:29:02:771 SPRO_VORONEZSH Обнаружена цель id:a2d92db координаты 2194746 3824678 тип:BB_BR скорость:8359
07.05 13:29:02:782 SPRO_VORONEZSH Стрельба по цели id:a2d92db тип:BB_BR пуск №1. Осталось противоракет: 2
07.05 13:29:04:503 SPRO_VORONEZSH Цель id:a2d92db УНИЧТОЖЕНА после пуска №1
07.05 13:36:34:381 SPRO_VORONEZSH Обнаружена цель id:56c7d2b координаты 4121200 3986020 тип:BB_BR скорость:9612
07.05 13:36:34:393 SPRO_VORONEZSH Стрельба по цели id:56c7d2b тип:BB_BR пуск №1. Осталось противоракет: 1
07.05 13:36:36:008 SPRO_VORONEZSH ПРОМАХ по цели id:56c7d2b после пуска №1
07.05 13:36:36:151 SPRO_VORONEZSH Стрельба по цели id:56c7d2b тип:BB_BR пуск №2. Осталось противоракет: 0
07.05 13:36:36:162 SPRO_VORONEZSH Боекомплект исчерпан! Переход в режим обнаружения
07.05 13:36:36:705 SPRO_VORONEZSH Боекомплект автоматически пополнен: 10 противоракет
07.05 13:36:37:627 SPRO_VORONEZSH Цель id:56c7d2b УНИЧТОЖЕНА после пуска №2
07.05 13:37:20:218 SPRO_VORONEZSH Обнаружена цель id:a5868bb координаты 2943139 4446182 тип:BB_BR скорость:18382
07.05 13:37:20:232 SPRO_VORONEZSH Стрельба по цели id:a5868bb тип:BB_BR пуск №1. Осталось противоракет: 9
07.05 13:37:21:680 SPRO_VORONEZSH ПРОМАХ по цели id:a5868bb после пуска №1
07.05 13:37:22:197 SPRO_VORONEZSH Стрельба по цели id:a5868bb тип:BB_BR пуск №2. Осталось противоракет: 8
07.05 13:37:23:616 SPRO_VORONEZSH ПРОМАХ по цели id:a5868bb после пуска №2
07.05 13:37:24:103 SPRO_VORONEZSH Стрельба по цели id:a5868bb тип:BB_BR пуск №3. Осталось противоракет: 7
07.05 13:37:25:450 SPRO_VORONEZSH Цель id:a5868bb УНИЧТОЖЕНА после пуска №3
07.05 13:38:47:693 SPRO_VORONEZSH Обнаружена цель id:bfe226b координаты 3324040 4479048 тип:BB_BR скорость:8690
07.05 13:38:47:706 SPRO_VORONEZSH Стрельба по цели id:bfe226b тип:BB_BR пуск №1. Осталось противоракет: 6
07.05 13:38:49:356 SPRO_VORONEZSH Цель id:bfe226b УНИЧТОЖЕНА после пуска №1
07.05 13:43:42:399 SPRO_VORONEZSH Обнаружена цель id:ff7749b координаты 2171250 3734654 тип:BB_BR скорость:9563
07.05 13:43:42:410 SPRO_VORONEZSH Стрельба по цели id:ff7749b тип:BB_BR пуск №1. Осталось противоракет: 5
07.05 13:43:43:898 SPRO_VORONEZSH Цель id:ff7749b УНИЧТОЖЕНА после пуска №1
07.05 13:44:58:115 SPRO_VORONEZSH Обнаружена цель id:458868b координаты 2239110 2897947 тип:BB_BR скорость:9864
07.05 13:44:58:131 SPRO_VORONEZSH Стрельба по цели id:458868b тип:BB_BR пуск №1. Осталось противоракет: 4
07.05 13:44:59:857 SPRO_VORONEZSH ПРОМАХ по цели id:458868b после пуска №1
07.05 13:45:00:308 SPRO_VORONEZSH Стрельба по цели id:458868b тип:BB_BR пуск №2. Осталось противоракет: 3
07.05 13:45:01:908 SPRO_VORONEZSH Цель id:458868b УНИЧТОЖЕНА после пуска №2
07.05 13:46:26:163 SPRO_VORONEZSH Обнаружена цель id:9186e0b координаты 2905618 3442402 тип:BB_BR скорость:8868
07.05 13:46:26:176 SPRO_VORONEZSH Стрельба по цели id:9186e0b тип:BB_BR пуск №1. Осталось противоракет: 2
07.05 13:46:27:759 SPRO_VORONEZSH Цель id:9186e0b УНИЧТОЖЕНА после пуска №1
07.05 13:47:56:655 SPRO_VORONEZSH Обнаружена цель id:f75583b координаты 3308261 4036713 тип:BB_BR скорость:8429
07.05 13:47:56:667 SPRO_VORONEZSH Стрельба по цели id:f75583b тип:BB_BR пуск №1. Осталось противоракет: 1
07.05 13:47:58:276 SPRO_VORONEZSH Цель id:f75583b УНИЧТОЖЕНА после пуска №1
07.05 13:49:44:876 SPRO_VORONEZSH Обнаружена цель id:fe049eb координаты 2606321 3558074 тип:BB_BR скорость:8219
07.05 13:49:44:890 SPRO_VORONEZSH Стрельба по цели id:fe049eb тип:BB_BR пуск №1. Осталось противоракет: 0
07.05 13:49:44:902 SPRO_VORONEZSH Боекомплект исчерпан! Переход в режим обнаружения
07.05 13:49:45:669 SPRO_VORONEZSH Боекомплект автоматически пополнен: 10 противоракет
07.05 13:49:46:510 SPRO_VORONEZSH ПРОМАХ по цели id:fe049eb после пуска №1
07.05 13:49:46:576 SPRO_VORONEZSH Стрельба по цели id:fe049eb тип:BB_BR пуск №2. Осталось противоракет: 9
07.05 13:49:48:128 SPRO_VORONEZSH Цель id:fe049eb УНИЧТОЖЕНА после пуска №2
07.05 13:50:50:619 SPRO_VORONEZSH Запуск СПРО. Координаты: X=3200000 Y=3400000, Радиус: 1100000
07.05 13:50:52:955 SPRO_VORONEZSH Обнаружена цель id:cac5fcb координаты 3534416 4119896 тип:BB_BR скорость:8364
07.05 13:50:52:966 SPRO_VORONEZSH Стрельба по цели id:cac5fcb тип:BB_BR пуск №1. Осталось противоракет: 9
07.05 13:50:54:640 SPRO_VORONEZSH Цель id:cac5fcb УНИЧТОЖЕНА после пуска №1
07.05 13:52:01:093 SPRO_VORONEZSH Обнаружена цель id:4c9e9ab координаты 3045922 4470533 тип:BB_BR скорость:16767
07.05 13:52:01:107 SPRO_VORONEZSH Стрельба по цели id:4c9e9ab тип:BB_BR пуск №1. Осталось противоракет: 8
07.05 13:52:02:978 SPRO_VORONEZSH Цель id:4c9e9ab УНИЧТОЖЕНА после пуска №1
07.05 13:54:20:281 SPRO_VORONEZSH Обнаружена цель id:76830fb координаты 3552274 2901400 тип:BB_BR скорость:9846
07.05 13:54:20:295 SPRO_VORONEZSH Стрельба по цели id:76830fb тип:BB_BR пуск №1. Осталось противоракет: 7
07.05 13:54:22:155 SPRO_VORONEZSH ПРОМАХ по цели id:76830fb после пуска №1
07.05 13:54:22:216 SPRO_VORONEZSH Стрельба по цели id:76830fb тип:BB_BR пуск №2. Осталось противоракет: 6
07.05 13:54:23:855 SPRO_VORONEZSH Цель id:76830fb УНИЧТОЖЕНА после пуска №2
07.05 13:55:57:138 SPRO_VORONEZSH Обнаружена цель id:456303b координаты 3962333 2629317 тип:BB_BR скорость:9883
07.05 13:55:57:152 SPRO_VORONEZSH Стрельба по цели id:456303b тип:BB_BR пуск №1. Осталось противоракет: 5
07.05 13:55:58:808 SPRO_VORONEZSH Цель id:456303b УНИЧТОЖЕНА после пуска №1
07.05 13:56:21:217 SPRO_VORONEZSH Обнаружена цель id:662386b координаты 2322072 4028364 тип:BB_BR скорость:19217
07.05 13:56:21:230 SPRO_VORONEZSH Стрельба по цели id:662386b тип:BB_BR пуск №1. Осталось противоракет: 4
07.05 13:56:21:427 SPRO_VORONEZSH Обнаружена цель id:da564fb координаты 3425340 2603842 тип:BB_BR скорость:9943
07.05 13:56:21:438 SPRO_VORONEZSH Стрельба по цели id:da564fb тип:BB_BR пуск №1. Осталось противоракет: 3
07.05 13:56:23:337 SPRO_VORONEZSH ПРОМАХ по цели id:da564fb после пуска №1
07.05 13:56:23:409 SPRO_VORONEZSH Стрельба по цели id:da564fb тип:BB_BR пуск №2. Осталось противоракет: 2
07.05 13:56:25:166 SPRO_VORONEZSH Цель id:da564fb УНИЧТОЖЕНА после пуска №2
07.05 13:56:25:182 SPRO_VORONEZSH Цель id:662386b УНИЧТОЖЕНА после пуска №1
07.05 13:58:04:897 SPRO_VORONEZSH Обнаружена цель id:abf359b координаты 3504702 3697392 тип:BB_BR скорость:8954
07.05 13:58:04:910 SPRO_VORONEZSH Стрельба по цели id:abf359b тип:BB_BR пуск №1. Осталось противоракет: 1
07.05 13:58:06:474 SPRO_VORONEZSH ПРОМАХ по цели id:abf359b после пуска №1
07.05 13:58:06:530 SPRO_VORONEZSH Стрельба по цели id:abf359b тип:BB_BR пуск №2. Осталось противоракет: 0
07.05 13:58:06:541 SPRO_VORONEZSH Боекомплект исчерпан! Переход в режим обнаружения
07.05 13:58:07:147 SPRO_VORONEZSH Боекомплект автоматически пополнен: 10 противоракет
07.05 13:58:08:097 SPRO_VORONEZSH ПРОМАХ по цели id:abf359b после пуска №2
07.05 13:58:08:161 SPRO_VORONEZSH Стрельба по цели id:abf359b тип:BB_BR пуск №3. Осталось противоракет: 9
07.05 13:58:09:696 SPRO_VORONEZSH Цель id:abf359b УНИЧТОЖЕНА после пуска №3
07.05 13:58:39:688 SPRO_VORONEZSH Обнаружена цель id:0d6608b координаты 2815100 2844520 тип:BB_BR скорость:8148
07.05 13:58:39:699 SPRO_VORONEZSH Стрельба по цели id:0d6608b тип:BB_BR пуск №1. Осталось противоракет: 8
07.05 13:58:41:375 SPRO_VORONEZSH Цель id:0d6608b УНИЧТОЖЕНА после пуска №1
07.05 13:58:51:292 SPRO_VORONEZSH Обнаружена цель id:fc3895b координаты 2246650 3831846 тип:BB_BR скорость:8217
07.05 13:58:51:304 SPRO_VORONEZSH Стрельба по цели id:fc3895b тип:BB_BR пуск №1. Осталось противоракет: 7
07.05 13:58:53:133 SPRO_VORONEZSH Цель id:fc3895b УНИЧТОЖЕНА после пуска №1
07.05 13:59:35:372 SPRO_VORONEZSH Обнаружена цель id:f69693b координаты 3967024 2824498 тип:BB_BR скорость:8118
07.05 13:59:35:385 SPRO_VORONEZSH Стрельба по цели id:f69693b тип:BB_BR пуск №1. Осталось противоракет: 6
07.05 13:59:36:980 SPRO_VORONEZSH Цель id:f69693b УНИЧТОЖЕНА после пуска №1
07.05 13:59:51:787 SPRO_VORONEZSH Обнаружена цель id:c5bc44b координаты 3415450 3853385 тип:BB_BR скорость:9342
07.05 13:59:51:800 SPRO_VORONEZSH Стрельба по цели id:c5bc44b тип:BB_BR пуск №1. Осталось противоракет: 5
07.05 13:59:53:331 SPRO_VORONEZSH ПРОМАХ по цели id:c5bc44b после пуска №1
07.05 13:59:53:399 SPRO_VORONEZSH Стрельба по цели id:c5bc44b тип:BB_BR пуск №2. Осталось противоракет: 4
07.05 13:59:54:856 SPRO_VORONEZSH ПРОМАХ по цели id:c5bc44b после пуска №2
07.05 13:59:54:934 SPRO_VORONEZSH Стрельба по цели id:c5bc44b тип:BB_BR пуск №3. Осталось противоракет: 3
07.05 13:59:56:526 SPRO_VORONEZSH Цель id:c5bc44b УНИЧТОЖЕНА после пуска №3
07.05 14:00:51:855 SPRO_VORONEZSH Обнаружена цель id:e1d206b координаты 3232104 4494100 тип:BB_BR скорость:8427
07.05 14:00:51:868 SPRO_VORONEZSH Стрельба по цели id:e1d206b тип:BB_BR пуск №1. Осталось противоракет: 2
07.05 14:00:53:410 SPRO_VORONEZSH ПРОМАХ по цели id:e1d206b после пуска №1
07.05 14:00:53:915 SPRO_VORONEZSH Стрельба по цели id:e1d206b тип:BB_BR пуск №2. Осталось противоракет: 1
07.05 14:00:55:511 SPRO_VORONEZSH Цель id:e1d206b УНИЧТОЖЕНА после пуска №2
07.05 14:00:55:560 SPRO_VORONEZSH Обнаружена цель id:bd42bfb координаты 3402734 4194004 тип:BB_BR скорость:8883
07.05 14:00:55:572 SPRO_VORONEZSH Стрельба по цели id:bd42bfb тип:BB_BR пуск №1. Осталось противоракет: 0
07.05 14:00:55:584 SPRO_VORONEZSH Боекомплект исчерпан! Переход в режим обнаружения
07.05 14:00:56:216 SPRO_VORONEZSH Боекомплект автоматически пополнен: 10 противоракет
07.05 14:00:57:181 SPRO_VORONEZSH ПРОМАХ по цели id:bd42bfb после пуска №1
07.05 14:00:57:245 SPRO_VORONEZSH Стрельба по цели id:bd42bfb тип:BB_BR пуск №2. Осталось противоракет: 9
07.05 14:00:58:947 SPRO_VORONEZSH ПРОМАХ по цели id:bd42bfb после пуска №2
07.05 14:00:59:027 SPRO_VORONEZSH Стрельба по цели id:bd42bfb тип:BB_BR пуск №3. Осталось противоракет: 8
07.05 14:01:00:568 SPRO_VORONEZSH Цель id:bd42bfb УНИЧТОЖЕНА после пуска №3
07.05 14:03:17:658 SPRO_VORONEZSH Обнаружена цель id:595569b координаты 2189250 3799800 тип:BB_BR скорость:8943
07.05 14:03:17:670 SPRO_VORONEZSH Стрельба по цели id:595569b тип:BB_BR пуск №1. Осталось противоракет: 7
07.05 14:03:19:361 SPRO_VORONEZSH Цель id:595569b УНИЧТОЖЕНА после пуска №1
07.05 14:03:50:996 SPRO_VORONEZSH Обнаружена цель id:fee363b координаты 3846609 4222881 тип:BB_BR скорость:9368
07.05 14:03:51:010 SPRO_VORONEZSH Стрельба по цели id:fee363b тип:BB_BR пуск №1. Осталось противоракет: 6
07.05 14:03:52:655 SPRO_VORONEZSH Цель id:fee363b УНИЧТОЖЕНА после пуска №1
07.05 14:05:04:331 SPRO_VORONEZSH Обнаружена цель id:8b4714b координаты 2406145 4056726 тип:BB_BR скорость:17163
07.05 14:05:04:342 SPRO_VORONEZSH Стрельба по цели id:8b4714b тип:BB_BR пуск №1. Осталось противоракет: 5
07.05 14:05:05:814 SPRO_VORONEZSH ПРОМАХ по цели id:8b4714b после пуска №1
07.05 14:05:05:869 SPRO_VORONEZSH Стрельба по цели id:8b4714b тип:BB_BR пуск №2. Осталось противоракет: 4
07.05 14:05:07:648 SPRO_VORONEZSH ПРОМАХ по цели id:8b4714b после пуска №2
07.05 14:05:07:721 SPRO_VORONEZSH Стрельба по цели id:8b4714b тип:BB_BR пуск №3. Осталось противоракет: 3
07.05 14:05:09:264 SPRO_VORONEZSH Цель id:8b4714b УНИЧТОЖЕНА после пуска №3
07.05 14:08:02:167 SPRO_VORONEZSH Обнаружена цель id:733cd0b координаты 2580404 2511116 тип:BB_BR скорость:18349
07.05 14:08:02:181 SPRO_VORONEZSH Стрельба по цели id:733cd0b тип:BB_BR пуск №1. Осталось противоракет: 2
07.05 14:08:04:139 SPRO_VORONEZSH ПРОМАХ по цели id:733cd0b после пуска №1
07.05 14:08:04:691 SPRO_VORONEZSH Стрельба по цели id:733cd0b тип:BB_BR пуск №2. Осталось противоракет: 1
07.05 14:08:06:124 SPRO_VORONEZSH Цель id:733cd0b УНИЧТОЖЕНА после пуска №2
07.05 14:14:05:700 SPRO_VORONEZSH Запуск СПРО. Координаты: X=3200000 Y=3400000, Радиус: 1100000
07.05 14:14:07:912 SPRO_VORONEZSH Обнаружена цель id:96caeeb координаты 3668583 4328694 тип:BB_BR скорость:9142
07.05 14:14:07:924 SPRO_VORONEZSH Стрельба по цели id:96caeeb тип:BB_BR пуск №1. Осталось противоракет: 9
07.05 14:14:09:560 SPRO_VORONEZSH Цель id:96caeeb УНИЧТОЖЕНА после пуска №1
07.05 14:20:59:687 SPRO_VORONEZSH Обнаружена цель id:0d0650b координаты 4082696 3726324 тип:BB_BR скорость:9286
07.05 14:20:59:700 SPRO_VORONEZSH Стрельба по цели id:0d0650b тип:BB_BR пуск №1. Осталось противоракет: 8
07.05 14:21:01:276 SPRO_VORONEZSH Цель id:0d0650b УНИЧТОЖЕНА после пуска №1
07.05 14:21:24:728 SPRO_VORONEZSH Обнаружена цель id:447b91b координаты 2194581 3825012 тип:BB_BR скорость:8865
07.05 14:21:24:743 SPRO_VORONEZSH Стрельба по цели id:447b91b тип:BB_BR пуск №1. Осталось противоракет: 7
07.05 14:21:26:446 SPRO_VORONEZSH Цель id:447b91b УНИЧТОЖЕНА после пуска №1
07.05 14:26:16:013 SPRO_VORONEZSH Обнаружена цель id:9f4094b координаты 2988390 2727144 тип:BB_BR скорость:9401
07.05 14:26:16:027 SPRO_VORONEZSH Стрельба по цели id:9f4094b тип:BB_BR пуск №1. Осталось противоракет: 6
07.05 14:26:17:610 SPRO_VORONEZSH Цель id:9f4094b УНИЧТОЖЕНА после пуска №1
07.05 14:29:11:034 SPRO_VORONEZSH Обнаружена цель id:a6a1dfb координаты 3317628 4218612 тип:BB_BR скорость:9244
07.05 14:29:11:048 SPRO_VORONEZSH Стрельба по цели id:a6a1dfb тип:BB_BR пуск №1. Осталось противоракет: 5
07.05 14:29:12:708 SPRO_VORONEZSH Цель id:a6a1dfb УНИЧТОЖЕНА после пуска №1
07.05 14:33:06:489 SPRO_VORONEZSH Обнаружена цель id:bfbdcab координаты 3945748 4196772 тип:BB_BR скорость:8707
07.05 14:33:06:503 SPRO_VORONEZSH Стрельба по цели id:bfbdcab тип:BB_BR пуск №1. Осталось противоракет: 4
07.05 14:33:08:031 SPRO_VORONEZSH ПРОМАХ по цели id:bfbdcab после пуска №1
07.05 14:33:08:464 SPRO_VORONEZSH Стрельба по цели id:bfbdcab тип:BB_BR пуск №2. Осталось противоракет: 3
07.05 14:33:10:381 SPRO_VORONEZSH Цель id:bfbdcab УНИЧТОЖЕНА после пуска №2
07.05 14:36:23:242 SPRO_VORONEZSH Обнаружена цель id:ec6e9eb координаты 2654500 2456235 тип:BB_BR скорость:9414
07.05 14:36:23:254 SPRO_VORONEZSH Стрельба по цели id:ec6e9eb тип:BB_BR пуск №1. Осталось противоракет: 2
07.05 14:36:24:878 SPRO_VORONEZSH Цель id:ec6e9eb УНИЧТОЖЕНА после пуска №1
07.05 14:38:49:661 SPRO_VORONEZSH Обнаружена цель id:79ed0ab координаты 2440632 3661747 тип:BB_BR скорость:19184
07.05 14:38:49:675 SPRO_VORONEZSH Стрельба по цели id:79ed0ab тип:BB_BR пуск №1. Осталось противоракет: 1
07.05 14:38:51:249 SPRO_VORONEZSH Цель id:79ed0ab УНИЧТОЖЕНА после пуска №1
07.05 14:39:26:671 SPRO_VORONEZSH Обнаружена цель id:0e420bb координаты 2684190 2444144 тип:BB_BR скорость:9123
07.05 14:39:26:683 SPRO_VORONEZSH Стрельба по цели id:0e420bb тип:BB_BR пуск №1. Осталось противоракет: 0
07.05 14:39:26:694 SPRO_VORONEZSH Боекомплект исчерпан! Переход в режим обнаружения
07.05 14:39:27:335 SPRO_VORONEZSH Боекомплект автоматически пополнен: 10 противоракет
07.05 14:39:28:261 SPRO_VORONEZSH ПРОМАХ по цели id:0e420bb после пуска №1
07.05 14:39:28:619 SPRO_VORONEZSH Стрельба по цели id:0e420bb тип:BB_BR пуск №2. Осталось противоракет: 9
07.05 14:39:30:082 SPRO_VORONEZSH Цель id:0e420bb УНИЧТОЖЕНА после пуска №2
07.05 14:43:36:569 SPRO_VORONEZSH Запуск СПРО. Координаты: X=3200000 Y=3400000, Радиус: 1100000
07.05 14:43:41:547 SPRO_VORONEZSH Обнаружена цель id:127e7db координаты 3133644 2837528 тип:BB_BR скорость:17055
07.05 14:43:41:564 SPRO_VORONEZSH Стрельба по цели id:127e7db тип:BB_BR пуск №1. Осталось противоракет: 9
07.05 14:43:41:591 SPRO_VORONEZSH Обнаружена цель id:c2eea5b координаты 3090307 4027604 тип:BB_BR скорость:18799
07.05 14:43:41:609 SPRO_VORONEZSH Стрельба по цели id:c2eea5b тип:BB_BR пуск №1. Осталось противоракет: 8
07.05 14:43:44:816 SPRO_VORONEZSH Цель id:127e7db УНИЧТОЖЕНА после пуска №1
07.05 14:43:44:853 SPRO_VORONEZSH Цель id:c2eea5b УНИЧТОЖЕНА после пуска №1
07.05 14:47:30:859 SPRO_VORONEZSH Запуск СПРО. Координаты: X=3200000 Y=3400000, Радиус: 1100000
07.05 14:50:20:520 SPRO_VORONEZSH Обнаружена цель id:9c58fcb координаты 3596678 3179596 тип:BB_BR скорость:9103
07.05 14:50:20:532 SPRO_VORONEZSH Стрельба по цели id:9c58fcb тип:BB_BR пуск №1. Осталось противоракет: 9
07.05 14:50:22:086 SPRO_VORONEZSH Цель id:9c58fcb УНИЧТОЖЕНА после пуска №1
07.05 14:50:44:113 SPRO_VORONEZSH Обнаружена цель id:07273eb координаты 2242392 2875539 тип:BB_BR скорость:9000
07.05 14:50:44:128 SPRO_VORONEZSH Стрельба по цели id:07273eb тип:BB_BR пуск №1. Осталось противоракет: 8
07.05 14:50:45:954 SPRO_VORONEZSH Цель id:07273eb УНИЧТОЖЕНА после пуска №1
07.05 14:52:08:280 SPRO_VORONEZSH Обнаружена цель id:49466cb координаты 3292292 3599032 тип:BB_BR скорость:8673
07.05 14:52:08:293 SPRO_VORONEZSH Стрельба по цели id:49466cb тип:BB_BR пуск №1. Осталось противоракет: 7
07.05 14:52:09:927 SPRO_VORONEZSH ПРОМАХ по цели id:49466cb после пуска №1
07.05 14:52:09:993 SPRO_VORONEZSH Стрельба по цели id:49466cb тип:BB_BR пуск №2. Осталось противоракет: 6
07.05 14:52:11:754 SPRO_VORONEZSH Цель id:49466cb УНИЧТОЖЕНА после пуска №2
07.05 14:53:06:821 SPRO_VORONEZSH Обнаружена цель id:9841a6b координаты 3038896 2338464 тип:BB_BR скорость:9942
07.05 14:53:06:833 SPRO_VORONEZSH Стрельба по цели id:9841a6b тип:BB_BR пуск №1. Осталось противоракет: 5
07.05 14:53:08:539 SPRO_VORONEZSH Цель id:9841a6b УНИЧТОЖЕНА после пуска №1
07.05 14:54:23:136 SPRO_VORONEZSH Обнаружена цель id:b15fbfb координаты 2695578 2687790 тип:BB_BR скорость:8817
07.05 14:54:23:151 SPRO_VORONEZSH Стрельба по цели id:b15fbfb тип:BB_BR пуск №1. Осталось противоракет: 4
07.05 14:54:24:767 SPRO_VORONEZSH ПРОМАХ по цели id:b15fbfb после пуска №1
07.05 14:54:24:840 SPRO_VORONEZSH Стрельба по цели id:b15fbfb тип:BB_BR пуск №2. Осталось противоракет: 3
07.05 14:54:26:365 SPRO_VORONEZSH Цель id:b15fbfb УНИЧТОЖЕНА после пуска №2
07.05 14:54:52:579 SPRO_VORONEZSH Обнаружена цель id:02ecf4b координаты 4025252 4115609 тип:BB_BR скорость:9667
07.05 14:54:52:592 SPRO_VORONEZSH Стрельба по цели id:02ecf4b тип:BB_BR пуск №1. Осталось противоракет: 2
07.05 14:54:54:248 SPRO_VORONEZSH Цель id:02ecf4b УНИЧТОЖЕНА после пуска №1
07.05 14:56:48:853 SPRO_VORONEZSH Обнаружена цель id:d0d9d0b координаты 2659704 2454264 тип:BB_BR скорость:9567
07.05 14:56:48:866 SPRO_VORONEZSH Стрельба по цели id:d0d9d0b тип:BB_BR пуск №1. Осталось противоракет: 1
07.05 14:56:50:484 SPRO_VORONEZSH ПРОМАХ по цели id:d0d9d0b после пуска №1
07.05 14:56:50:899 SPRO_VORONEZSH Стрельба по цели id:d0d9d0b тип:BB_BR пуск №2. Осталось противоракет: 0
07.05 14:56:50:909 SPRO_VORONEZSH Боекомплект исчерпан! Переход в режим обнаружения
07.05 14:56:51:453 SPRO_VORONEZSH Боекомплект автоматически пополнен: 10 противоракет
07.05 14:56:52:384 SPRO_VORONEZSH Цель id:d0d9d0b УНИЧТОЖЕНА после пуска №2
07.05 14:59:03:332 SPRO_VORONEZSH Обнаружена цель id:233b0fb координаты 3133042 4277456 тип:BB_BR скорость:8525
07.05 14:59:03:344 SPRO_VORONEZSH Стрельба по цели id:233b0fb тип:BB_BR пуск №1. Осталось противоракет: 9
07.05 14:59:04:960 SPRO_VORONEZSH Цель id:233b0fb УНИЧТОЖЕНА после пуска №1
07.05 15:00:49:018 SPRO_VORONEZSH Обнаружена цель id:e5c8f8b координаты 2997078 3846956 тип:BB_BR скорость:9223
07.05 15:00:49:031 SPRO_VORONEZSH Стрельба по цели id:e5c8f8b тип:BB_BR пуск №1. Осталось противоракет: 8
07.05 15:00:50:620 SPRO_VORONEZSH Цель id:e5c8f8b УНИЧТОЖЕНА после пуска №1
07.05 15:01:24:844 SPRO_VORONEZSH Обнаружена цель id:6b6fe9b координаты 2158358 3726578 тип:BB_BR скорость:8485
07.05 15:01:24:857 SPRO_VORONEZSH Стрельба по цели id:6b6fe9b тип:BB_BR пуск №1. Осталось противоракет: 7
07.05 15:01:26:470 SPRO_VORONEZSH ПРОМАХ по цели id:6b6fe9b после пуска №1
07.05 15:01:26:911 SPRO_VORONEZSH Стрельба по цели id:6b6fe9b тип:BB_BR пуск №2. Осталось противоракет: 6
07.05 15:01:28:589 SPRO_VORONEZSH Цель id:6b6fe9b УНИЧТОЖЕНА после пуска №2
