30.04 11:06:02:281 KP_VKO === Система ВКО запущена ===
30.04 11:06:03:365 RLS_1 статус: ONLINE 
30.04 11:06:03:471 RLS2_Daryal статус: ONLINE 
30.04 11:06:03:572 RLS3_Dnepr статус: ONLINE 
30.04 11:06:04:680 SPRO статус: ONLINE AMMO:10
30.04 11:06:05:472 RLS2_Daryal Обнаружена цель id:2d1867b координаты X:11237726 Y:7763090 тип:BB_BR скорость:8646
30.04 11:06:05:783 RLS2_Daryal цель движется в направлении СПРО id:2d1867b
30.04 11:06:06:544 RLS2_Daryal Обнаружена цель id:d6c253b координаты X:10982660 Y:7709334 тип:BB_BR скорость:9938
30.04 11:06:06:777 RLS2_Daryal цель движется в направлении СПРО id:d6c253b
30.04 11:06:06:935 ZRDN_1_ORENBURG статус: ONLINE AMMO:20
30.04 11:06:07:155 ZRDN_2_VOLGOGRAD статус: ONLINE AMMO:20
30.04 11:06:07:360 ZRDN_3_MAKHACHKALA статус: ONLINE AMMO:20
30.04 11:06:09:133 RLS3_Dnepr Обнаружена цель id:5997b8b координаты X:7542385 Y:1505948 тип:BB_BR скорость:8507
30.04 11:06:09:301 RLS3_Dnepr цель движется в направлении СПРО id:5997b8b
30.04 11:06:09:990 SPRO Обнаружена цель id:aca096b координаты X:5360139 Y:5050339 тип:BB_BR скорость:8682
30.04 11:06:10:124 SPRO Стрельба по цели id:aca096b тип:BB_BR AMMO:9
30.04 11:06:11:386 ZRDN_1_ORENBURG Обнаружена цель id:371464s координаты X:4785204 Y:3549188 тип:SAM скорость:138
30.04 11:06:11:559 ZRDN_1_ORENBURG Стрельба по цели id:371464s тип:SAM AMMO:19
30.04 11:06:13:069 RLS3_Dnepr Обнаружена цель id:5dedf1b координаты X:7694104 Y:1952552 тип:BB_BR скорость:9466
30.04 11:06:13:258 RLS3_Dnepr цель движется в направлении СПРО id:5dedf1b
30.04 11:06:13:917 SPRO Цель id:aca096b УНИЧТОЖЕНА (BB_BR)
30.04 11:06:15:641 ZRDN_1_ORENBURG ПРОМАХ по цели id:371464s (SAM)
30.04 11:06:15:891 ZRDN_1_ORENBURG Стрельба по цели id:371464s тип:SAM AMMO:18
30.04 11:06:18:713 ZRDN_1_ORENBURG Цель id:371464s УНИЧТОЖЕНА (SAM)
30.04 11:06:29:420 RLS_1 Обнаружена цель id:a8386bb координаты X:3873820 Y:4413550 тип:BB_BR скорость:9073
30.04 11:06:39:827 RLS_1 Обнаружена цель id:626b02b координаты X:3201318 Y:4713260 тип:BB_BR скорость:9254
30.04 11:06:54:313 RLS_1 Обнаружена цель id:29b3a7b координаты X:3905260 Y:4079780 тип:BB_BR скорость:8319
30.04 11:06:54:540 RLS_1 цель движется в направлении СПРО id:29b3a7b
30.04 11:07:47:114 RLS3_Dnepr Обнаружена цель id:a9fd75b координаты X:6904837 Y:1439920 тип:BB_BR скорость:9724
30.04 11:07:47:306 RLS3_Dnepr цель движется в направлении СПРО id:a9fd75b
30.04 11:08:13:567 SPRO Обнаружена цель id:29b3a7b координаты X:4019780 Y:3767340 тип:BB_BR скорость:8319
30.04 11:08:13:748 SPRO Стрельба по цели id:29b3a7b тип:BB_BR AMMO:8
30.04 11:08:17:536 SPRO Цель id:29b3a7b УНИЧТОЖЕНА (BB_BR)
30.04 11:08:34:585 SPRO Обнаружена цель id:55d6d1b координаты X:6298310 Y:4009212 тип:BB_BR скорость:9108
30.04 11:08:34:736 SPRO Стрельба по цели id:55d6d1b тип:BB_BR AMMO:7
30.04 11:08:38:093 SPRO ПРОМАХ по цели id:55d6d1b (BB_BR)
30.04 11:08:38:897 SPRO Стрельба по цели id:55d6d1b тип:BB_BR AMMO:6
30.04 11:08:42:197 SPRO Цель id:55d6d1b УНИЧТОЖЕНА (BB_BR)
30.04 11:08:50:253 SPRO Обнаружена цель id:08e203b координаты X:6102417 Y:4605568 тип:BB_BR скорость:8360
30.04 11:08:50:434 SPRO Стрельба по цели id:08e203b тип:BB_BR AMMO:5
30.04 11:08:53:744 SPRO Цель id:08e203b УНИЧТОЖЕНА (BB_BR)
30.04 11:08:54:503 SPRO Обнаружена цель id:9773acb координаты X:5313016 Y:2135566 тип:BB_BR скорость:17524
30.04 11:08:54:658 SPRO Стрельба по цели id:9773acb тип:BB_BR AMMO:4
30.04 11:08:57:461 SPRO ПРОМАХ по цели id:9773acb (BB_BR)
30.04 11:08:58:280 SPRO Стрельба по цели id:9773acb тип:BB_BR AMMO:3
30.04 11:09:00:600 SPRO ПРОМАХ по цели id:9773acb (BB_BR)
30.04 11:09:01:381 SPRO Стрельба по цели id:9773acb тип:BB_BR AMMO:2
30.04 11:09:04:161 SPRO Обнаружена цель id:ac24f2b координаты X:6829857 Y:3878672 тип:BB_BR скорость:16897
30.04 11:09:04:358 SPRO Стрельба по цели id:ac24f2b тип:BB_BR AMMO:1
30.04 11:09:05:149 SPRO Цель id:9773acb УНИЧТОЖЕНА (BB_BR)
30.04 11:09:07:428 SPRO Цель id:ac24f2b УНИЧТОЖЕНА (BB_BR)
30.04 11:09:24:064 RLS2_Daryal Обнаружена цель id:dcabdfb координаты X:10270104 Y:7382679 тип:BB_BR скорость:8269
30.04 11:09:24:192 RLS2_Daryal цель движется в направлении СПРО id:dcabdfb
30.04 11:09:42:093 RLS_1 НЕ ОТВЕЧАЕТ! Связь потеряна
30.04 11:10:42:417 RLS_1 работоспособность восстановлена
30.04 11:10:43:967 SPRO Обнаружена цель id:097f3db координаты X:6060750 Y:2226065 тип:BB_BR скорость:17970
30.04 11:10:44:146 SPRO Стрельба по цели id:097f3db тип:BB_BR AMMO:0
30.04 11:10:44:359 SPRO Боекомплект исчерпан! Режим обнаружения
30.04 11:10:45:069 SPRO Боекомплект пополнен AMMO:10
30.04 11:10:47:466 SPRO Цель id:097f3db УНИЧТОЖЕНА (BB_BR)
30.04 11:11:26:649 RLS3_Dnepr Обнаружена цель id:58513eb координаты X:7477781 Y:3368009 тип:BB_BR скорость:8424
30.04 11:12:26:196 SPRO Обнаружена цель id:df659bb координаты X:4206905 Y:4329430 тип:BB_BR скорость:17680
30.04 11:12:26:371 SPRO Стрельба по цели id:df659bb тип:BB_BR AMMO:9
30.04 11:12:29:727 SPRO Цель id:df659bb УНИЧТОЖЕНА (BB_BR)
30.04 11:12:30:510 RLS_1 Обнаружена цель id:df659bb координаты X:4198357 Y:4363742 тип:BB_BR скорость:8840
30.04 11:12:30:679 RLS_1 цель движется в направлении СПРО id:df659bb
30.04 11:12:42:489 RLS_1 НЕ ОТВЕЧАЕТ! Связь потеряна
30.04 11:12:51:108 RLS3_Dnepr Обнаружена цель id:886d80b координаты X:8530140 Y:2797740 тип:BB_BR скорость:8063
30.04 11:12:51:301 RLS3_Dnepr цель движется в направлении СПРО id:886d80b
30.04 11:13:06:382 ZRDN_1_ORENBURG Обнаружена цель id:c4e96dr координаты X:4201543 Y:3002831 тип:KR скорость:330
30.04 11:13:07:130 ZRDN_1_ORENBURG Стрельба по цели id:c4e96dr тип:KR AMMO:17
30.04 11:13:09:423 ZRDN_1_ORENBURG ПРОМАХ по цели id:c4e96dr (KR)
30.04 11:13:10:495 ZRDN_1_ORENBURG Стрельба по цели id:c4e96dr тип:KR AMMO:16
30.04 11:13:12:261 ZRDN_1_ORENBURG ПРОМАХ по цели id:c4e96dr (KR)
30.04 11:13:12:510 ZRDN_1_ORENBURG Стрельба по цели id:c4e96dr тип:KR AMMO:15
30.04 11:13:12:732 RLS_1 работоспособность восстановлена
30.04 11:13:16:724 ZRDN_1_ORENBURG Цель id:c4e96dr УНИЧТОЖЕНА (KR)
30.04 11:14:07:073 RLS3_Dnepr Обнаружена цель id:36e772b координаты X:7527102 Y:2461547 тип:BB_BR скорость:8487
30.04 11:14:07:224 RLS3_Dnepr цель движется в направлении СПРО id:36e772b
30.04 11:14:22:344 ZRDN_1_ORENBURG Обнаружена цель id:3ddc50s координаты X:4573124 Y:3635916 тип:SAM скорость:74
30.04 11:14:22:548 ZRDN_1_ORENBURG Стрельба по цели id:3ddc50s тип:SAM AMMO:14
30.04 11:14:26:348 ZRDN_1_ORENBURG Цель id:3ddc50s УНИЧТОЖЕНА (SAM)
30.04 11:14:54:431 RLS_1 Обнаружена цель id:3699e8b координаты X:3933940 Y:3602612 тип:BB_BR скорость:9484
30.04 11:14:54:677 RLS_1 цель движется в направлении СПРО id:3699e8b
30.04 11:15:08:178 RLS3_Dnepr Обнаружена цель id:9d62eab координаты X:8083596 Y:3064992 тип:BB_BR скорость:9875
30.04 11:15:08:845 RLS3_Dnepr цель движется в направлении СПРО id:9d62eab
30.04 11:15:25:542 SPRO Обнаружена цель id:3699e8b координаты X:4013680 Y:3451664 тип:BB_BR скорость:9484
30.04 11:15:25:757 SPRO Стрельба по цели id:3699e8b тип:BB_BR AMMO:8
30.04 11:15:29:619 SPRO Цель id:3699e8b УНИЧТОЖЕНА (BB_BR)
30.04 11:16:32:267 SPRO Обнаружена цель id:951150b координаты X:6433634 Y:3609033 тип:BB_BR скорость:16574
30.04 11:16:32:419 SPRO Стрельба по цели id:951150b тип:BB_BR AMMO:7
30.04 11:16:36:768 SPRO ПРОМАХ по цели id:951150b (BB_BR)
30.04 11:16:37:036 SPRO Стрельба по цели id:951150b тип:BB_BR AMMO:6
30.04 11:16:39:888 SPRO ПРОМАХ по цели id:951150b (BB_BR)
30.04 11:16:40:689 SPRO Стрельба по цели id:951150b тип:BB_BR AMMO:5
30.04 11:16:44:254 SPRO ПРОМАХ по цели id:951150b (BB_BR)
30.04 11:16:44:980 SPRO Стрельба по цели id:951150b тип:BB_BR AMMO:4
30.04 11:16:48:284 SPRO Цель id:951150b УНИЧТОЖЕНА (BB_BR)
30.04 11:16:49:527 RLS_1 Обнаружена цель id:4aee1bb координаты X:2862400 Y:4225300 тип:BB_BR скорость:9847
30.04 11:16:49:678 RLS_1 цель движется в направлении СПРО id:4aee1bb
30.04 11:17:22:214 SPRO Обнаружена цель id:d11a59b координаты X:6090465 Y:4945849 тип:BB_BR скорость:18457
30.04 11:17:22:403 SPRO Стрельба по цели id:d11a59b тип:BB_BR AMMO:3
30.04 11:17:25:785 SPRO ПРОМАХ по цели id:d11a59b (BB_BR)
30.04 11:17:27:640 SPRO Стрельба по цели id:d11a59b тип:BB_BR AMMO:2
30.04 11:17:29:970 SPRO ПРОМАХ по цели id:d11a59b (BB_BR)
30.04 11:17:31:821 SPRO Стрельба по цели id:d11a59b тип:BB_BR AMMO:1
30.04 11:17:35:201 SPRO Цель id:d11a59b УНИЧТОЖЕНА (BB_BR)
30.04 11:17:55:413 RLS_1 Обнаружена цель id:690691b координаты X:2981788 Y:4902350 тип:BB_BR скорость:9575
30.04 11:18:08:316 RLS_1 Обнаружена цель id:2880d0b координаты X:2912880 Y:5442360 тип:BB_BR скорость:8853
30.04 11:18:08:442 RLS_1 цель движется в направлении СПРО id:2880d0b
30.04 11:18:20:403 RLS_1 Обнаружена цель id:126447b координаты X:4409825 Y:6115185 тип:BB_BR скорость:9375
30.04 11:18:20:569 RLS_1 цель движется в направлении СПРО id:126447b
30.04 11:18:26:822 SPRO Обнаружена цель id:e89a29b координаты X:5619100 Y:2887272 тип:BB_BR скорость:19605
30.04 11:18:27:143 SPRO Стрельба по цели id:e89a29b тип:BB_BR AMMO:0
30.04 11:18:27:395 SPRO Боекомплект исчерпан! Режим обнаружения
30.04 11:18:28:152 SPRO Боекомплект пополнен AMMO:10
30.04 11:18:30:427 SPRO ПРОМАХ по цели id:e89a29b (BB_BR)
30.04 11:18:30:631 SPRO Стрельба по цели id:e89a29b тип:BB_BR AMMO:9
30.04 11:18:33:483 SPRO Цель id:e89a29b УНИЧТОЖЕНА (BB_BR)
30.04 11:18:34:753 RLS_1 Обнаружена цель id:a97a0eb координаты X:5120986 Y:1964678 тип:BB_BR скорость:9689
30.04 11:18:34:888 RLS_1 цель движется в направлении СПРО id:a97a0eb
30.04 11:18:41:654 RLS3_Dnepr Обнаружена цель id:a8a65fb координаты X:8658738 Y:1774550 тип:BB_BR скорость:8748
30.04 11:18:41:844 RLS3_Dnepr цель движется в направлении СПРО id:a8a65fb
30.04 11:18:56:464 RLS_1 Обнаружена цель id:5e5891b координаты X:5586100 Y:5130010 тип:BB_BR скорость:8196
30.04 11:18:56:623 RLS_1 цель движется в направлении СПРО id:5e5891b
30.04 11:19:03:965 SPRO Обнаружена цель id:5e5891b координаты X:5563490 Y:5077279 тип:BB_BR скорость:16392
30.04 11:19:04:138 SPRO Стрельба по цели id:5e5891b тип:BB_BR AMMO:8
30.04 11:19:07:894 SPRO Цель id:5e5891b УНИЧТОЖЕНА (BB_BR)
30.04 11:19:27:044 RLS3_Dnepr Обнаружена цель id:254705b координаты X:7453850 Y:3006200 тип:BB_BR скорость:9263
30.04 11:19:31:765 RLS_1 Обнаружена цель id:fe0a4cb координаты X:6282022 Y:1938562 тип:BB_BR скорость:9328
30.04 11:19:31:929 RLS_1 цель движется в направлении СПРО id:fe0a4cb
30.04 11:19:41:272 RLS3_Dnepr Обнаружена цель id:a97a0eb координаты X:5410247 Y:2045681 тип:BB_BR скорость:9689
30.04 11:19:41:446 RLS3_Dnepr цель движется в направлении СПРО id:a97a0eb
30.04 11:20:03:093 RLS3_Dnepr Обнаружена цель id:fe0a4cb координаты X:6336150 Y:2077650 тип:BB_BR скорость:9328
30.04 11:20:03:260 RLS3_Dnepr цель движется в направлении СПРО id:fe0a4cb
30.04 11:20:41:165 SPRO Обнаружена цель id:4ec1edb координаты X:4050560 Y:3893254 тип:BB_BR скорость:9320
30.04 11:20:41:370 SPRO Стрельба по цели id:4ec1edb тип:BB_BR AMMO:7
30.04 11:20:43:765 SPRO ПРОМАХ по цели id:4ec1edb (BB_BR)
30.04 11:20:44:035 SPRO Стрельба по цели id:4ec1edb тип:BB_BR AMMO:6
30.04 11:20:46:899 SPRO ПРОМАХ по цели id:4ec1edb (BB_BR)
30.04 11:20:47:112 SPRO Стрельба по цели id:4ec1edb тип:BB_BR AMMO:5
30.04 11:20:49:879 SPRO Цель id:4ec1edb УНИЧТОЖЕНА (BB_BR)
30.04 11:21:16:274 RLS3_Dnepr Обнаружена цель id:385092b координаты X:7119250 Y:3150550 тип:BB_BR скорость:9905
30.04 11:21:37:823 RLS_1 Обнаружена цель id:3225c6b координаты X:3819775 Y:5470025 тип:BB_BR скорость:8838
30.04 11:21:37:981 RLS_1 цель движется в направлении СПРО id:3225c6b
30.04 11:21:54:019 RLS3_Dnepr Обнаружена цель id:e96ab3b координаты X:7929503 Y:2651794 тип:BB_BR скорость:9225
30.04 11:21:54:190 RLS3_Dnepr цель движется в направлении СПРО id:e96ab3b
30.04 11:22:30:666 SPRO Обнаружена цель id:385a6cb координаты X:4417584 Y:4004904 тип:BB_BR скорость:9532
30.04 11:22:31:010 SPRO Стрельба по цели id:385a6cb тип:BB_BR AMMO:4
30.04 11:22:36:504 SPRO Цель id:385a6cb УНИЧТОЖЕНА (BB_BR)
30.04 11:22:37:759 RLS3_Dnepr Обнаружена цель id:ea3bbeb координаты X:5454760 Y:1614250 тип:BB_BR скорость:8177
30.04 11:22:38:421 RLS3_Dnepr цель движется в направлении СПРО id:ea3bbeb
30.04 11:22:42:424 RLS_1 НЕ ОТВЕЧАЕТ! Связь потеряна
30.04 11:22:55:698 SPRO Обнаружена цель id:345d9ab координаты X:5609130 Y:4094932 тип:BB_BR скорость:8458
30.04 11:22:56:816 SPRO Стрельба по цели id:345d9ab тип:BB_BR AMMO:3
30.04 11:23:01:714 SPRO ПРОМАХ по цели id:345d9ab (BB_BR)
30.04 11:23:02:952 SPRO Стрельба по цели id:345d9ab тип:BB_BR AMMO:2
30.04 11:23:06:859 SPRO ПРОМАХ по цели id:345d9ab (BB_BR)
30.04 11:23:08:042 SPRO Стрельба по цели id:345d9ab тип:BB_BR AMMO:1
30.04 11:23:13:452 SPRO ПРОМАХ по цели id:345d9ab (BB_BR)
30.04 11:23:14:033 SPRO Стрельба по цели id:345d9ab тип:BB_BR AMMO:0
30.04 11:23:15:048 SPRO Боекомплект исчерпан! Режим обнаружения
30.04 11:23:15:443 SPRO Боекомплект пополнен AMMO:10
30.04 11:23:19:135 SPRO Цель id:345d9ab УНИЧТОЖЕНА (BB_BR)
30.04 11:23:42:141 RLS_1 работоспособность восстановлена
30.04 11:24:49:842 SPRO Обнаружена цель id:43892db координаты X:5195280 Y:4070325 тип:BB_BR скорость:9509
30.04 11:24:50:861 SPRO Стрельба по цели id:43892db тип:BB_BR AMMO:9
30.04 11:24:59:742 SPRO Цель id:43892db УНИЧТОЖЕНА (BB_BR)
30.04 11:25:13:637 ZRDN_1_ORENBURG Обнаружена цель id:9802b5r координаты X:3742796 Y:3414496 тип:KR скорость:847
30.04 11:25:14:019 ZRDN_1_ORENBURG Стрельба по цели id:9802b5r тип:KR AMMO:13
30.04 11:25:19:184 ZRDN_1_ORENBURG Цель id:9802b5r УНИЧТОЖЕНА (KR)
30.04 11:25:56:543 RLS3_Dnepr Обнаружена цель id:48c0eab координаты X:6489240 Y:1892800 тип:BB_BR скорость:8849
30.04 11:25:57:523 RLS3_Dnepr цель движется в направлении СПРО id:48c0eab
30.04 11:26:58:505 SPRO Обнаружена цель id:4cb2efb координаты X:6023320 Y:4979856 тип:BB_BR скорость:17868
30.04 11:26:58:988 SPRO Стрельба по цели id:4cb2efb тип:BB_BR AMMO:8
30.04 11:27:03:698 SPRO Цель id:4cb2efb УНИЧТОЖЕНА (BB_BR)
30.04 11:27:30:326 SPRO Обнаружена цель id:ea3bbeb координаты X:5440616 Y:2170150 тип:BB_BR скорость:24532
30.04 11:27:30:768 SPRO Стрельба по цели id:ea3bbeb тип:BB_BR AMMO:7
30.04 11:27:34:955 SPRO Цель id:ea3bbeb УНИЧТОЖЕНА (BB_BR)
30.04 11:27:37:113 RLS3_Dnepr Обнаружена цель id:faec1bb координаты X:7621852 Y:3199043 тип:BB_BR скорость:8053
30.04 11:27:37:560 RLS3_Dnepr цель движется в направлении СПРО id:faec1bb
30.04 11:27:42:416 RLS_1 НЕ ОТВЕЧАЕТ! Связь потеряна
30.04 11:27:57:168 RLS3_Dnepr Обнаружена цель id:4df781b координаты X:5018219 Y:1906885 тип:BB_BR скорость:8254
30.04 11:27:57:421 RLS3_Dnepr цель движется в направлении СПРО id:4df781b
30.04 11:28:12:419 RLS_1 работоспособность восстановлена
30.04 11:28:42:602 RLS3_Dnepr Обнаружена цель id:e833bcb координаты X:7829836 Y:2730645 тип:BB_BR скорость:9660
30.04 11:29:04:777 SPRO Обнаружена цель id:ad38adb координаты X:6088855 Y:4354985 тип:BB_BR скорость:8503
30.04 11:29:05:203 SPRO Стрельба по цели id:ad38adb тип:BB_BR AMMO:6
30.04 11:29:08:812 SPRO ПРОМАХ по цели id:ad38adb (BB_BR)
30.04 11:29:10:479 SPRO Стрельба по цели id:ad38adb тип:BB_BR AMMO:5
30.04 11:29:18:348 SPRO Цель id:ad38adb УНИЧТОЖЕНА (BB_BR)
30.04 11:29:30:886 RLS_1 Обнаружена цель id:4df781b координаты X:5057226 Y:2058790 тип:BB_BR скорость:8254
30.04 11:29:31:392 RLS_1 цель движется в направлении СПРО id:4df781b
30.04 11:29:55:013 SPRO Обнаружена цель id:3225c6b координаты X:4418153 Y:4615823 тип:BB_BR скорость:8838
30.04 11:29:56:067 SPRO Стрельба по цели id:3225c6b тип:BB_BR AMMO:4
30.04 11:30:04:542 SPRO ПРОМАХ по цели id:3225c6b (BB_BR)
30.04 11:30:06:641 SPRO Стрельба по цели id:3225c6b тип:BB_BR AMMO:3
30.04 11:30:10:315 SPRO ПРОМАХ по цели id:3225c6b (BB_BR)
30.04 11:30:12:227 RLS_1 НЕ ОТВЕЧАЕТ! Связь потеряна
30.04 11:30:14:030 SPRO Стрельба по цели id:3225c6b тип:BB_BR AMMO:2
30.04 11:30:16:706 SPRO Обнаружена цель id:4df781b координаты X:5085968 Y:2170720 тип:BB_BR скорость:8254
30.04 11:30:17:226 SPRO Стрельба по цели id:4df781b тип:BB_BR AMMO:1
30.04 11:30:18:223 SPRO Цель id:3225c6b УНИЧТОЖЕНА (BB_BR)
30.04 11:30:22:360 SPRO Цель id:4df781b УНИЧТОЖЕНА (BB_BR)
30.04 11:30:26:119 SPRO Обнаружена цель id:41420ab координаты X:4257007 Y:2811061 тип:BB_BR скорость:25414
30.04 11:30:26:601 SPRO Стрельба по цели id:41420ab тип:BB_BR AMMO:0
30.04 11:30:27:658 SPRO Боекомплект исчерпан! Режим обнаружения
30.04 11:30:28:100 SPRO Боекомплект пополнен AMMO:10
30.04 11:30:31:321 SPRO Цель id:41420ab УНИЧТОЖЕНА (BB_BR)
30.04 11:31:08:911 RLS_1 Обнаружена цель id:732fd6b координаты X:3272300 Y:5268504 тип:BB_BR скорость:9456
30.04 11:31:09:346 RLS_1 цель движется в направлении СПРО id:732fd6b
30.04 11:31:28:290 RLS3_Dnepr Обнаружена цель id:57a6ddb координаты X:8695862 Y:1337156 тип:BB_BR скорость:8487
30.04 11:31:28:906 RLS3_Dnepr цель движется в направлении СПРО id:57a6ddb
30.04 11:31:56:013 SPRO Обнаружена цель id:be3143b координаты X:6198490 Y:4823770 тип:BB_BR скорость:17918
30.04 11:31:56:783 SPRO Стрельба по цели id:be3143b тип:BB_BR AMMO:9
30.04 11:31:57:646 RLS_1 Обнаружена цель id:975242b координаты X:4318692 Y:2066406 тип:BB_BR скорость:8654
30.04 11:31:58:066 RLS_1 цель движется в направлении СПРО id:975242b
30.04 11:32:00:424 SPRO Цель id:be3143b УНИЧТОЖЕНА (BB_BR)
30.04 11:32:12:218 RLS_1 работоспособность восстановлена
30.04 11:32:21:826 ZRDN_3_MAKHACHKALA Обнаружена цель id:097ff5r координаты X:3424126 Y:2779987 тип:KR скорость:341
30.04 11:32:22:873 ZRDN_2_VOLGOGRAD Обнаружена цель id:a15b7es координаты X:3421190 Y:3225488 тип:SAM скорость:164
30.04 11:32:23:259 ZRDN_2_VOLGOGRAD Стрельба по цели id:a15b7es тип:SAM AMMO:19
30.04 11:32:23:941 ZRDN_3_MAKHACHKALA Стрельба по цели id:097ff5r тип:KR AMMO:19
30.04 11:32:27:036 ZRDN_3_MAKHACHKALA Цель id:097ff5r УНИЧТОЖЕНА (KR)
30.04 11:32:28:121 ZRDN_2_VOLGOGRAD Цель id:a15b7es УНИЧТОЖЕНА (SAM)
30.04 11:34:01:405 ZRDN_2_VOLGOGRAD Обнаружена цель id:fa93d8r координаты X:3246944 Y:2913712 тип:KR скорость:777
30.04 11:34:01:635 ZRDN_2_VOLGOGRAD Стрельба по цели id:fa93d8r тип:KR AMMO:18
30.04 11:34:10:034 ZRDN_2_VOLGOGRAD ПРОМАХ по цели id:fa93d8r (KR)
30.04 11:34:11:678 ZRDN_2_VOLGOGRAD Стрельба по цели id:fa93d8r тип:KR AMMO:17
30.04 11:34:20:006 ZRDN_2_VOLGOGRAD Цель id:fa93d8r УНИЧТОЖЕНА (KR)
30.04 11:36:57:510 SPRO Обнаружена цель id:8eb05ab координаты X:4578336 Y:3570006 тип:BB_BR скорость:9349
30.04 11:36:57:835 SPRO Стрельба по цели id:8eb05ab тип:BB_BR AMMO:8
30.04 11:37:03:003 SPRO ПРОМАХ по цели id:8eb05ab (BB_BR)
30.04 11:37:03:368 SPRO Стрельба по цели id:8eb05ab тип:BB_BR AMMO:7
30.04 11:37:07:395 SPRO Цель id:8eb05ab УНИЧТОЖЕНА (BB_BR)
30.04 11:37:18:779 ZRDN_1_ORENBURG Обнаружена цель id:9e37a1s координаты X:4165420 Y:3981104 тип:SAM скорость:194
30.04 11:37:19:766 ZRDN_1_ORENBURG Стрельба по цели id:9e37a1s тип:SAM AMMO:12
30.04 11:37:24:393 ZRDN_1_ORENBURG Цель id:9e37a1s УНИЧТОЖЕНА (SAM)
30.04 11:37:44:357 RLS_1 Обнаружена цель id:a6452ab координаты X:5424500 Y:5061916 тип:BB_BR скорость:9398
30.04 11:37:45:326 RLS_1 цель движется в направлении СПРО id:a6452ab
30.04 11:38:42:248 RLS_1 НЕ ОТВЕЧАЕТ! Связь потеряна
30.04 11:38:43:683 RLS_1 Обнаружена цель id:9eea74b координаты X:2645816 Y:4673456 тип:BB_BR скорость:8057
30.04 11:38:44:056 RLS_1 цель движется в направлении СПРО id:9eea74b
30.04 11:39:06:026 SPRO Обнаружена цель id:40c13cb координаты X:4682021 Y:4265853 тип:BB_BR скорость:18663
30.04 11:39:06:211 SPRO Стрельба по цели id:40c13cb тип:BB_BR AMMO:6
30.04 11:39:10:818 SPRO Цель id:40c13cb УНИЧТОЖЕНА (BB_BR)
30.04 11:39:55:284 RLS3_Dnepr Обнаружена цель id:611417b координаты X:9653296 Y:2223560 тип:BB_BR скорость:9600
30.04 11:39:55:617 RLS3_Dnepr цель движется в направлении СПРО id:611417b
30.04 14:49:40:123 KP_VKO === Система ВКО запущена ===
30.04 14:49:41:255 RLS_1_Voronezh-DM_KISHENEV статус: ONLINE 
30.04 14:49:41:387 RLS2_Daryal статус: ONLINE 
30.04 14:49:41:486 RLS3_Dnepr_IRKUTSK статус: ONLINE 
30.04 14:49:42:633 SPRO статус: ONLINE AMMO:10
30.04 14:49:43:356 ZRDN_1_ORENBURG статус: ONLINE AMMO:20
30.04 14:49:43:597 ZRDN_2_VOLGOGRAD статус: ONLINE AMMO:20
30.04 14:49:43:776 ZRDN_3_MAKHACHKALA статус: ONLINE AMMO:20
30.04 14:49:45:059 RLS_1_Voronezh-DM_KISHENEV Обнаружена цель id:9051c1b координаты X:5887700 Y:3738496 тип:BB_BR скорость:9144
30.04 14:49:45:224 RLS_1_Voronezh-DM_KISHENEV цель движется в направлении СПРО id:9051c1b
30.04 14:49:45:389 RLS3_Dnepr_IRKUTSK Обнаружена цель id:b926d1b координаты X:6688376 Y:1129066 тип:BB_BR скорость:9345
30.04 14:49:45:526 RLS3_Dnepr_IRKUTSK цель движется в направлении СПРО id:b926d1b
30.04 14:49:46:250 SPRO Обнаружена цель id:9051c1b координаты X:5887700 Y:3738496 тип:BB_BR скорость:9144
30.04 14:49:46:439 SPRO Стрельба по цели id:9051c1b тип:BB_BR AMMO:9
30.04 14:49:46:750 SPRO Обнаружена цель id:6b3828b координаты X:6128738 Y:4036222 тип:BB_BR скорость:8655
30.04 14:49:47:419 RLS_1_Voronezh-DM_KISHENEV Обнаружена цель id:6b3828b координаты X:6126607 Y:4027833 тип:BB_BR скорость:8655
30.04 14:49:47:568 RLS_1_Voronezh-DM_KISHENEV цель движется в направлении СПРО id:6b3828b
30.04 14:49:47:726 SPRO Стрельба по цели id:6b3828b тип:BB_BR AMMO:8
30.04 14:49:47:973 SPRO Обнаружена цель id:34fe6db координаты X:5346626 Y:4238274 тип:BB_BR скорость:9667
30.04 14:49:48:166 SPRO Стрельба по цели id:34fe6db тип:BB_BR AMMO:7
30.04 14:49:48:458 SPRO Обнаружена цель id:29c5fcb координаты X:6651756 Y:3049246 тип:BB_BR скорость:9365
30.04 14:49:48:648 SPRO Стрельба по цели id:29c5fcb тип:BB_BR AMMO:6
30.04 14:49:49:919 SPRO ПРОМАХ по цели id:9051c1b (BB_BR)
30.04 14:49:50:168 SPRO Стрельба по цели id:9051c1b тип:BB_BR AMMO:5
30.04 14:49:50:407 SPRO Цель id:34fe6db УНИЧТОЖЕНА (BB_BR)
30.04 14:49:51:293 SPRO Цель id:29c5fcb УНИЧТОЖЕНА (BB_BR)
30.04 14:49:51:564 SPRO Цель id:6b3828b УНИЧТОЖЕНА (BB_BR)
30.04 14:49:52:806 SPRO ПРОМАХ по цели id:9051c1b (BB_BR)
30.04 14:49:53:559 SPRO Стрельба по цели id:9051c1b тип:BB_BR AMMO:4
30.04 14:49:55:847 SPRO ПРОМАХ по цели id:9051c1b (BB_BR)
30.04 14:49:56:597 SPRO Стрельба по цели id:9051c1b тип:BB_BR AMMO:3
30.04 14:49:57:293 RLS_1_Voronezh-DM_KISHENEV Обнаружена цель id:c0b38ab координаты X:3554865 Y:2745059 тип:BB_BR скорость:8427
30.04 14:49:57:437 RLS_1_Voronezh-DM_KISHENEV цель движется в направлении СПРО id:c0b38ab
30.04 14:49:59:131 SPRO Обнаружена цель id:124b6eb координаты X:6229888 Y:4031076 тип:BB_BR скорость:8287
30.04 14:49:59:290 SPRO Стрельба по цели id:124b6eb тип:BB_BR AMMO:2
30.04 14:49:59:536 SPRO Цель id:9051c1b УНИЧТОЖЕНА (BB_BR)
30.04 14:50:02:836 SPRO Цель id:124b6eb УНИЧТОЖЕНА (BB_BR)
30.04 14:50:08:137 RLS_1_Voronezh-DM_KISHENEV Обнаружена цель id:9900d3b координаты X:4980884 Y:5028513 тип:BB_BR скорость:9429
30.04 14:50:08:305 RLS_1_Voronezh-DM_KISHENEV цель движется в направлении СПРО id:9900d3b
30.04 14:50:14:098 SPRO Обнаружена цель id:9900d3b координаты X:4998660 Y:4995245 тип:BB_BR скорость:9429
30.04 14:50:14:251 SPRO Стрельба по цели id:9900d3b тип:BB_BR AMMO:1
30.04 14:50:17:512 SPRO Цель id:9900d3b УНИЧТОЖЕНА (BB_BR)
30.04 14:50:19:251 RLS_1_Voronezh-DM_KISHENEV Обнаружена цель id:61e233b координаты X:3414095 Y:5402405 тип:BB_BR скорость:8695
30.04 14:50:19:420 RLS_1_Voronezh-DM_KISHENEV цель движется в направлении СПРО id:61e233b
30.04 14:51:09:166 ZRDN_1_ORENBURG Обнаружена цель id:809589s координаты X:4465162 Y:3702817 тип:SAM скорость:81
30.04 14:51:09:330 ZRDN_1_ORENBURG Стрельба по цели id:809589s тип:SAM AMMO:19
30.04 14:51:12:819 ZRDN_1_ORENBURG ПРОМАХ по цели id:809589s (SAM)
30.04 14:51:13:633 ZRDN_1_ORENBURG Стрельба по цели id:809589s тип:SAM AMMO:18
30.04 14:51:18:605 ZRDN_1_ORENBURG ПРОМАХ по цели id:809589s (SAM)
30.04 14:51:19:365 ZRDN_1_ORENBURG Стрельба по цели id:809589s тип:SAM AMMO:17
30.04 14:51:23:372 ZRDN_1_ORENBURG ПРОМАХ по цели id:809589s (SAM)
30.04 14:51:24:288 ZRDN_1_ORENBURG Стрельба по цели id:809589s тип:SAM AMMO:16
30.04 14:51:28:225 ZRDN_1_ORENBURG Цель id:809589s УНИЧТОЖЕНА (SAM)
30.04 14:52:15:051 RLS_1_Voronezh-DM_KISHENEV Обнаружена цель id:51e7b6b координаты X:3758384 Y:3492296 тип:BB_BR скорость:9668
30.04 14:52:15:171 RLS_1_Voronezh-DM_KISHENEV цель движется в направлении СПРО id:51e7b6b
30.04 14:53:41:877 RLS_1_Voronezh-DM_KISHENEV Обнаружена цель id:dee0abb координаты X:3424840 Y:5809760 тип:BB_BR скорость:8746
30.04 14:53:42:023 RLS_1_Voronezh-DM_KISHENEV цель движется в направлении СПРО id:dee0abb
30.04 14:54:34:453 SPRO Обнаружена цель id:58da5cb координаты X:5476784 Y:5038632 тип:BB_BR скорость:9275
30.04 14:54:34:621 SPRO Стрельба по цели id:58da5cb тип:BB_BR AMMO:0
30.04 14:54:34:822 SPRO Боекомплект исчерпан! Режим обнаружения
30.04 14:54:35:547 SPRO Боекомплект пополнен AMMO:10
30.04 14:54:38:919 SPRO Цель id:58da5cb УНИЧТОЖЕНА (BB_BR)
30.04 14:54:50:442 SPRO Обнаружена цель id:cdb153b координаты X:4453820 Y:3589283 тип:BB_BR скорость:19391
30.04 14:54:50:580 SPRO Стрельба по цели id:cdb153b тип:BB_BR AMMO:9
30.04 14:54:54:010 SPRO ПРОМАХ по цели id:cdb153b (BB_BR)
30.04 14:54:54:789 SPRO Стрельба по цели id:cdb153b тип:BB_BR AMMO:8
30.04 14:54:56:014 RLS3_Dnepr_IRKUTSK Обнаружена цель id:eb324fb координаты X:8070752 Y:3076865 тип:BB_BR скорость:9743
30.04 14:54:57:724 SPRO Цель id:cdb153b УНИЧТОЖЕНА (BB_BR)
30.04 14:55:33:547 SPRO Обнаружена цель id:fd8a1fb координаты X:5829640 Y:4909339 тип:BB_BR скорость:8481
30.04 14:55:33:816 SPRO Стрельба по цели id:fd8a1fb тип:BB_BR AMMO:7
30.04 14:55:37:159 SPRO Цель id:fd8a1fb УНИЧТОЖЕНА (BB_BR)
30.04 14:56:17:333 SPRO Обнаружена цель id:e3a91eb координаты X:5755900 Y:4933092 тип:BB_BR скорость:8213
30.04 14:56:18:051 SPRO Стрельба по цели id:e3a91eb тип:BB_BR AMMO:6
30.04 14:56:21:564 SPRO Цель id:e3a91eb УНИЧТОЖЕНА (BB_BR)
30.04 14:56:26:357 RLS3_Dnepr_IRKUTSK Обнаружена цель id:da3c6fb координаты X:6026993 Y:1391185 тип:BB_BR скорость:8444
30.04 14:56:26:516 RLS3_Dnepr_IRKUTSK цель движется в направлении СПРО id:da3c6fb
30.04 14:56:46:488 ZRDN_1_ORENBURG Обнаружена цель id:064db6r координаты X:4332084 Y:3803449 тип:KR скорость:1035
30.04 14:56:46:633 ZRDN_1_ORENBURG Стрельба по цели id:064db6r тип:KR AMMO:15
30.04 14:56:49:393 ZRDN_1_ORENBURG Цель id:064db6r УНИЧТОЖЕНА (KR)
30.04 14:56:50:839 RLS_1_Voronezh-DM_KISHENEV Обнаружена цель id:65adc5b координаты X:3607010 Y:1051308 тип:BB_BR скорость:9777
30.04 14:56:50:959 RLS_1_Voronezh-DM_KISHENEV цель движется в направлении СПРО id:65adc5b
30.04 14:57:17:623 RLS_1_Voronezh-DM_KISHENEV Обнаружена цель id:34f24db координаты X:3888022 Y:4067879 тип:BB_BR скорость:8130
30.04 14:57:18:300 RLS_1_Voronezh-DM_KISHENEV цель движется в направлении СПРО id:34f24db
30.04 14:57:22:366 SPRO Обнаружена цель id:b25290b координаты X:5053006 Y:2219714 тип:BB_BR скорость:8247
30.04 14:57:22:601 SPRO Стрельба по цели id:b25290b тип:BB_BR AMMO:5
30.04 14:57:26:427 SPRO Цель id:b25290b УНИЧТОЖЕНА (BB_BR)
30.04 14:57:34:855 SPRO Обнаружена цель id:6d8d9fb координаты X:6597643 Y:4193870 тип:BB_BR скорость:8781
30.04 14:57:35:041 SPRO Стрельба по цели id:6d8d9fb тип:BB_BR AMMO:4
30.04 14:57:38:857 SPRO Цель id:6d8d9fb УНИЧТОЖЕНА (BB_BR)
30.04 14:57:43:238 RLS_1_Voronezh-DM_KISHENEV Обнаружена цель id:da3c6fb координаты X:6082037 Y:1690165 тип:BB_BR скорость:8444
30.04 14:57:43:424 RLS_1_Voronezh-DM_KISHENEV цель движется в направлении СПРО id:da3c6fb
30.04 14:58:00:551 SPRO Обнаружена цель id:629285b координаты X:4552897 Y:3072954 тип:BB_BR скорость:18726
30.04 14:58:00:689 SPRO Стрельба по цели id:629285b тип:BB_BR AMMO:3
30.04 14:58:02:980 SPRO Обнаружена цель id:34f24db координаты X:4047916 Y:3917462 тип:BB_BR скорость:8130
30.04 14:58:03:196 SPRO Стрельба по цели id:34f24db тип:BB_BR AMMO:2
30.04 14:58:03:933 SPRO Цель id:629285b УНИЧТОЖЕНА (BB_BR)
30.04 14:58:06:691 SPRO ПРОМАХ по цели id:34f24db (BB_BR)
30.04 14:58:07:401 RLS_1_Voronezh-DM_KISHENEV Обнаружена цель id:24681fb координаты X:2535194 Y:4736474 тип:BB_BR скорость:8836
30.04 14:58:07:535 RLS_1_Voronezh-DM_KISHENEV цель движется в направлении СПРО id:24681fb
30.04 14:58:07:696 SPRO Стрельба по цели id:34f24db тип:BB_BR AMMO:1
30.04 14:58:11:019 SPRO Цель id:34f24db УНИЧТОЖЕНА (BB_BR)
30.04 14:58:45:082 RLS3_Dnepr_IRKUTSK Обнаружена цель id:c62c20b координаты X:6086052 Y:1754870 тип:BB_BR скорость:9429
30.04 14:58:45:223 RLS3_Dnepr_IRKUTSK цель движется в направлении СПРО id:c62c20b
30.04 14:59:00:295 SPRO Обнаружена цель id:a93365b координаты X:6226640 Y:4892192 тип:BB_BR скорость:9949
30.04 14:59:00:483 SPRO Стрельба по цели id:a93365b тип:BB_BR AMMO:0
30.04 14:59:00:680 SPRO Боекомплект исчерпан! Режим обнаружения
30.04 14:59:01:416 SPRO Боекомплект пополнен AMMO:10
30.04 14:59:04:123 SPRO Цель id:a93365b УНИЧТОЖЕНА (BB_BR)
30.04 14:59:31:979 RLS3_Dnepr_IRKUTSK Обнаружена цель id:a6f8a4b координаты X:5792100 Y:1303100 тип:BB_BR скорость:8209
30.04 14:59:32:145 RLS3_Dnepr_IRKUTSK цель движется в направлении СПРО id:a6f8a4b
30.04 14:59:42:979 RLS_1_Voronezh-DM_KISHENEV Обнаружена цель id:a6f8a4b координаты X:5823010 Y:1330110 тип:BB_BR скорость:8209
30.04 14:59:43:123 RLS_1_Voronezh-DM_KISHENEV цель движется в направлении СПРО id:a6f8a4b
30.04 14:59:50:384 RLS2_Daryal Обнаружена цель id:421597b координаты X:8011740 Y:7035910 тип:BB_BR скорость:9237
30.04 14:59:50:524 RLS2_Daryal цель движется в направлении СПРО id:421597b
30.04 15:00:00:500 SPRO Обнаружена цель id:da3c6fb координаты X:6192125 Y:2288125 тип:BB_BR скорость:8444
30.04 15:00:00:683 SPRO Стрельба по цели id:da3c6fb тип:BB_BR AMMO:9
30.04 15:00:04:429 SPRO Цель id:da3c6fb УНИЧТОЖЕНА (BB_BR)
30.04 15:00:25:058 SPRO Обнаружена цель id:c62c20b координаты X:6154200 Y:2259500 тип:BB_BR скорость:9429
30.04 15:00:25:244 SPRO Стрельба по цели id:c62c20b тип:BB_BR AMMO:8
30.04 15:00:28:021 SPRO Цель id:c62c20b УНИЧТОЖЕНА (BB_BR)
30.04 15:00:30:337 SPRO Обнаружена цель id:7af7bfb координаты X:5256761 Y:4315895 тип:BB_BR скорость:8248
30.04 15:00:31:002 SPRO Стрельба по цели id:7af7bfb тип:BB_BR AMMO:7
30.04 15:00:33:744 SPRO Цель id:7af7bfb УНИЧТОЖЕНА (BB_BR)
30.04 15:01:38:834 ZRDN_1_ORENBURG Обнаружена цель id:2722f6s координаты X:4792003 Y:3693727 тип:SAM скорость:182
30.04 15:01:39:016 ZRDN_1_ORENBURG Стрельба по цели id:2722f6s тип:SAM AMMO:14
30.04 15:01:41:750 ZRDN_1_ORENBURG Цель id:2722f6s УНИЧТОЖЕНА (SAM)
30.04 15:01:58:941 SPRO Обнаружена цель id:a01b17b координаты X:5561112 Y:4202864 тип:BB_BR скорость:28498
30.04 15:01:59:074 SPRO Стрельба по цели id:a01b17b тип:BB_BR AMMO:6
30.04 15:02:01:771 SPRO Цель id:a01b17b УНИЧТОЖЕНА (BB_BR)
30.04 15:02:36:179 RLS_1_Voronezh-DM_KISHENEV Обнаружена цель id:9457fbb координаты X:3146730 Y:3907050 тип:BB_BR скорость:9564
30.04 15:02:36:345 RLS_1_Voronezh-DM_KISHENEV цель движется в направлении СПРО id:9457fbb
30.04 15:02:55:981 SPRO Обнаружена цель id:684d0ab координаты X:4561508 Y:3741402 тип:BB_BR скорость:8913
30.04 15:02:56:137 SPRO Стрельба по цели id:684d0ab тип:BB_BR AMMO:5
30.04 15:02:59:469 SPRO Цель id:684d0ab УНИЧТОЖЕНА (BB_BR)
30.04 15:03:01:265 ZRDN_1_ORENBURG Обнаружена цель id:6cf26bs координаты X:4762072 Y:3144138 тип:SAM скорость:51
30.04 15:03:01:418 ZRDN_1_ORENBURG Стрельба по цели id:6cf26bs тип:SAM AMMO:13
30.04 15:03:04:685 ZRDN_1_ORENBURG ПРОМАХ по цели id:6cf26bs (SAM)
30.04 15:03:04:941 ZRDN_1_ORENBURG Стрельба по цели id:6cf26bs тип:SAM AMMO:12
30.04 15:03:08:313 ZRDN_1_ORENBURG Цель id:6cf26bs УНИЧТОЖЕНА (SAM)
30.04 15:03:18:901 SPRO Обнаружена цель id:5ca93db координаты X:6839702 Y:3718018 тип:BB_BR скорость:9945
30.04 15:03:19:073 SPRO Стрельба по цели id:5ca93db тип:BB_BR AMMO:4
30.04 15:03:20:288 RLS_1_Voronezh-DM_KISHENEV НЕ ОТВЕЧАЕТ! Связь потеряна
30.04 15:03:22:207 SPRO Цель id:5ca93db УНИЧТОЖЕНА (BB_BR)
30.04 15:03:45:448 ZRDN_1_ORENBURG Обнаружена цель id:d7dbf7s координаты X:3955201 Y:3686856 тип:SAM скорость:164
30.04 15:03:45:653 ZRDN_1_ORENBURG Стрельба по цели id:d7dbf7s тип:SAM AMMO:11
30.04 15:03:48:405 ZRDN_1_ORENBURG Цель id:d7dbf7s УНИЧТОЖЕНА (SAM)
30.04 15:03:55:929 SPRO Обнаружена цель id:5441c6b координаты X:4188885 Y:4315985 тип:BB_BR скорость:26013
30.04 15:03:56:114 SPRO Стрельба по цели id:5441c6b тип:BB_BR AMMO:3
30.04 15:03:58:844 SPRO ПРОМАХ по цели id:5441c6b (BB_BR)
30.04 15:04:00:151 SPRO Стрельба по цели id:5441c6b тип:BB_BR AMMO:2
30.04 15:04:02:476 SPRO Цель id:5441c6b УНИЧТОЖЕНА (BB_BR)
30.04 15:04:13:907 RLS_1_Voronezh-DM_KISHENEV Обнаружена цель id:601bb7b координаты X:4275676 Y:1189484 тип:BB_BR скорость:8100
30.04 15:04:14:085 RLS_1_Voronezh-DM_KISHENEV цель движется в направлении СПРО id:601bb7b
30.04 15:04:15:833 RLS3_Dnepr_IRKUTSK Обнаружена цель id:78366fb координаты X:7655880 Y:2593512 тип:BB_BR скорость:9871
30.04 15:04:20:051 RLS_1_Voronezh-DM_KISHENEV работоспособность восстановлена
30.04 15:05:10:931 RLS_1_Voronezh-DM_KISHENEV Обнаружена цель id:9715e0b координаты X:3082878 Y:4134766 тип:BB_BR скорость:9502
30.04 15:05:11:072 RLS_1_Voronezh-DM_KISHENEV цель движется в направлении СПРО id:9715e0b
30.04 15:05:33:197 RLS_1_Voronezh-DM_KISHENEV Обнаружена цель id:27e7f9b координаты X:2806873 Y:4187925 тип:BB_BR скорость:9427
30.04 15:05:33:348 RLS_1_Voronezh-DM_KISHENEV цель движется в направлении СПРО id:27e7f9b
30.04 15:06:20:185 RLS3_Dnepr_IRKUTSK Обнаружена цель id:601bb7b координаты X:4666456 Y:1478504 тип:BB_BR скорость:8100
30.04 15:06:20:355 RLS3_Dnepr_IRKUTSK цель движется в направлении СПРО id:601bb7b
30.04 15:06:20:461 RLS_1_Voronezh-DM_KISHENEV НЕ ОТВЕЧАЕТ! Связь потеряна
30.04 15:06:40:144 RLS3_Dnepr_IRKUTSK Обнаружена цель id:3e50d6b координаты X:5601980 Y:2056348 тип:BB_BR скорость:8112
30.04 15:06:40:281 RLS3_Dnepr_IRKUTSK цель движется в направлении СПРО id:3e50d6b
30.04 15:06:46:548 SPRO Обнаружена цель id:b9fbbdb координаты X:5942968 Y:3794906 тип:BB_BR скорость:18450
30.04 15:06:46:673 SPRO Стрельба по цели id:b9fbbdb тип:BB_BR AMMO:1
30.04 15:06:49:467 SPRO Цель id:b9fbbdb УНИЧТОЖЕНА (BB_BR)
30.04 15:06:57:971 SPRO Обнаружена цель id:3e50d6b координаты X:5674820 Y:2120932 тип:BB_BR скорость:8112
30.04 15:06:58:181 SPRO Стрельба по цели id:3e50d6b тип:BB_BR AMMO:0
30.04 15:06:58:411 SPRO Боекомплект исчерпан! Режим обнаружения
30.04 15:06:59:207 SPRO Боекомплект пополнен AMMO:10
30.04 15:07:01:992 SPRO Цель id:3e50d6b УНИЧТОЖЕНА (BB_BR)
30.04 15:07:16:491 SPRO Обнаружена цель id:6e4429b координаты X:6509732 Y:2706032 тип:BB_BR скорость:9038
30.04 15:07:16:656 SPRO Стрельба по цели id:6e4429b тип:BB_BR AMMO:9
30.04 15:07:19:481 SPRO ПРОМАХ по цели id:6e4429b (BB_BR)
30.04 15:07:20:246 SPRO Стрельба по цели id:6e4429b тип:BB_BR AMMO:8
30.04 15:07:20:422 RLS_1_Voronezh-DM_KISHENEV работоспособность восстановлена
30.04 15:07:22:371 SPRO ПРОМАХ по цели id:6e4429b (BB_BR)
30.04 15:07:22:586 SPRO Стрельба по цели id:6e4429b тип:BB_BR AMMO:7
30.04 15:07:25:381 SPRO Цель id:6e4429b УНИЧТОЖЕНА (BB_BR)
30.04 15:07:30:784 RLS2_Daryal Обнаружена цель id:6adcd3b координаты X:11140329 Y:7026429 тип:BB_BR скорость:8624
30.04 15:07:30:931 RLS2_Daryal цель движется в направлении СПРО id:6adcd3b
30.04 15:08:39:854 RLS_1_Voronezh-DM_KISHENEV Обнаружена цель id:75ee7fb координаты X:4670600 Y:5994080 тип:BB_BR скорость:8587
30.04 15:08:40:011 RLS_1_Voronezh-DM_KISHENEV цель движется в направлении СПРО id:75ee7fb
30.04 15:08:47:347 SPRO Обнаружена цель id:41b259b координаты X:6251972 Y:4867973 тип:BB_BR скорость:16031
30.04 15:08:47:561 SPRO Стрельба по цели id:41b259b тип:BB_BR AMMO:6
30.04 15:08:50:366 SPRO Цель id:41b259b УНИЧТОЖЕНА (BB_BR)
30.04 15:09:20:171 RLS_1_Voronezh-DM_KISHENEV НЕ ОТВЕЧАЕТ! Связь потеряна
30.04 15:09:25:083 RLS3_Dnepr_IRKUTSK Обнаружена цель id:b86ae0b координаты X:9252828 Y:1795972 тип:BB_BR скорость:9658
30.04 15:09:25:285 RLS3_Dnepr_IRKUTSK цель движется в направлении СПРО id:b86ae0b
30.04 15:09:25:465 ZRDN_3_MAKHACHKALA Обнаружена цель id:95a97es координаты X:4097054 Y:2683186 тип:SAM скорость:96
30.04 15:09:25:638 ZRDN_3_MAKHACHKALA Стрельба по цели id:95a97es тип:SAM AMMO:19
30.04 15:09:27:447 SPRO Обнаружена цель id:33debcb координаты X:6485550 Y:3214108 тип:BB_BR скорость:8808
30.04 15:09:27:627 SPRO Стрельба по цели id:33debcb тип:BB_BR AMMO:5
30.04 15:09:28:380 ZRDN_3_MAKHACHKALA ПРОМАХ по цели id:95a97es (SAM)
30.04 15:09:28:630 ZRDN_3_MAKHACHKALA Стрельба по цели id:95a97es тип:SAM AMMO:18
30.04 15:09:30:944 SPRO Цель id:33debcb УНИЧТОЖЕНА (BB_BR)
30.04 15:09:31:237 ZRDN_3_MAKHACHKALA ПРОМАХ по цели id:95a97es (SAM)
30.04 15:09:31:994 ZRDN_3_MAKHACHKALA Стрельба по цели id:95a97es тип:SAM AMMO:17
30.04 15:09:33:772 ZRDN_3_MAKHACHKALA Цель id:95a97es УНИЧТОЖЕНА (SAM)
30.04 15:09:46:229 RLS_1_Voronezh-DM_KISHENEV Обнаружена цель id:5aa0cdb координаты X:5083550 Y:1629250 тип:BB_BR скорость:9262
30.04 15:09:46:358 RLS_1_Voronezh-DM_KISHENEV цель движется в направлении СПРО id:5aa0cdb
30.04 15:09:50:049 RLS_1_Voronezh-DM_KISHENEV работоспособность восстановлена
30.04 15:10:00:675 RLS_1_Voronezh-DM_KISHENEV Обнаружена цель id:50cb64b координаты X:3861080 Y:5704152 тип:BB_BR скорость:8087
30.04 15:10:00:885 RLS_1_Voronezh-DM_KISHENEV цель движется в направлении СПРО id:50cb64b
30.04 15:10:13:765 RLS3_Dnepr_IRKUTSK Обнаружена цель id:7f3bb9b координаты X:9224880 Y:2231180 тип:BB_BR скорость:8750
30.04 15:10:13:941 RLS3_Dnepr_IRKUTSK цель движется в направлении СПРО id:7f3bb9b
30.04 15:10:59:561 RLS3_Dnepr_IRKUTSK Обнаружена цель id:5aa0cdb координаты X:5251375 Y:1906625 тип:BB_BR скорость:9262
30.04 15:10:59:731 RLS3_Dnepr_IRKUTSK цель движется в направлении СПРО id:5aa0cdb
30.04 15:11:11:167 ZRDN_2_VOLGOGRAD Обнаружена цель id:0189d6s координаты X:3238216 Y:2929920 тип:SAM скорость:190
30.04 15:11:11:344 ZRDN_2_VOLGOGRAD Стрельба по цели id:0189d6s тип:SAM AMMO:19
30.04 15:11:14:128 ZRDN_2_VOLGOGRAD Цель id:0189d6s УНИЧТОЖЕНА (SAM)
30.04 15:11:48:906 RLS_1_Voronezh-DM_KISHENEV Обнаружена цель id:e6d007b координаты X:3158036 Y:4044576 тип:BB_BR скорость:9780
30.04 15:11:49:079 RLS_1_Voronezh-DM_KISHENEV цель движется в направлении СПРО id:e6d007b
30.04 15:11:50:181 RLS_1_Voronezh-DM_KISHENEV НЕ ОТВЕЧАЕТ! Связь потеряна
30.04 15:11:56:684 SPRO Обнаружена цель id:5aa0cdb координаты X:5400020 Y:2152300 тип:BB_BR скорость:9262
30.04 15:11:56:866 SPRO Стрельба по цели id:5aa0cdb тип:BB_BR AMMO:4
30.04 15:11:59:661 SPRO Цель id:5aa0cdb УНИЧТОЖЕНА (BB_BR)
30.04 15:12:31:274 SPRO Обнаружена цель id:8bd48cb координаты X:5299398 Y:3991196 тип:BB_BR скорость:8592
30.04 15:12:31:410 SPRO Стрельба по цели id:8bd48cb тип:BB_BR AMMO:3
30.04 15:12:34:681 SPRO ПРОМАХ по цели id:8bd48cb (BB_BR)
30.04 15:12:35:438 SPRO Стрельба по цели id:8bd48cb тип:BB_BR AMMO:2
30.04 15:12:37:697 SPRO ПРОМАХ по цели id:8bd48cb (BB_BR)
30.04 15:12:37:937 SPRO Стрельба по цели id:8bd48cb тип:BB_BR AMMO:1
30.04 15:12:41:344 SPRO Обнаружена цель id:7e221ab координаты X:6545452 Y:2555120 тип:BB_BR скорость:16573
30.04 15:12:42:050 SPRO Стрельба по цели id:7e221ab тип:BB_BR AMMO:0
30.04 15:12:42:276 SPRO Боекомплект исчерпан! Режим обнаружения
30.04 15:12:42:523 SPRO Цель id:8bd48cb УНИЧТОЖЕНА (BB_BR)
30.04 15:12:42:779 SPRO Боекомплект пополнен AMMO:10
30.04 15:12:44:546 SPRO Цель id:7e221ab УНИЧТОЖЕНА (BB_BR)
30.04 15:12:45:842 RLS3_Dnepr_IRKUTSK Обнаружена цель id:132329b координаты X:5419588 Y:1416212 тип:BB_BR скорость:8162
30.04 15:12:45:994 RLS3_Dnepr_IRKUTSK цель движется в направлении СПРО id:132329b
30.04 15:12:50:176 RLS_1_Voronezh-DM_KISHENEV работоспособность восстановлена
30.04 15:13:07:292 RLS_1_Voronezh-DM_KISHENEV Обнаружена цель id:132329b координаты X:5458627 Y:1497073 тип:BB_BR скорость:8162
30.04 15:13:07:440 RLS_1_Voronezh-DM_KISHENEV цель движется в направлении СПРО id:132329b
30.04 15:13:18:310 RLS_1_Voronezh-DM_KISHENEV Обнаружена цель id:c8d8d9b координаты X:3163852 Y:2920752 тип:BB_BR скорость:8835
30.04 15:13:18:459 RLS_1_Voronezh-DM_KISHENEV цель движется в направлении СПРО id:c8d8d9b
30.04 15:14:06:416 RLS2_Daryal Обнаружена цель id:83ba9fb координаты X:9011194 Y:7073280 тип:BB_BR скорость:9208
30.04 15:14:07:077 RLS2_Daryal цель движется в направлении СПРО id:83ba9fb
30.04 15:14:30:289 RLS3_Dnepr_IRKUTSK Обнаружена цель id:d322b1b координаты X:6183880 Y:2181595 тип:BB_BR скорость:9091
30.04 15:14:30:950 RLS3_Dnepr_IRKUTSK цель движется в направлении СПРО id:d322b1b
30.04 15:14:44:843 SPRO Обнаружена цель id:d322b1b координаты X:6097728 Y:2232382 тип:BB_BR скорость:9091
30.04 15:14:45:026 SPRO Стрельба по цели id:d322b1b тип:BB_BR AMMO:9
30.04 15:14:47:414 SPRO ПРОМАХ по цели id:d322b1b (BB_BR)
30.04 15:14:48:688 SPRO Стрельба по цели id:d322b1b тип:BB_BR AMMO:8
30.04 15:14:50:407 RLS_1_Voronezh-DM_KISHENEV НЕ ОТВЕЧАЕТ! Связь потеряна
30.04 15:14:51:298 SPRO ПРОМАХ по цели id:d322b1b (BB_BR)
30.04 15:14:52:583 SPRO Стрельба по цели id:d322b1b тип:BB_BR AMMO:7
30.04 15:14:55:388 SPRO Цель id:d322b1b УНИЧТОЖЕНА (BB_BR)
30.04 15:15:05:296 ZRDN_1_ORENBURG Обнаружена цель id:6b8147r координаты X:4047347 Y:3786767 тип:KR скорость:608
30.04 15:15:05:491 ZRDN_1_ORENBURG Стрельба по цели id:6b8147r тип:KR AMMO:10
30.04 15:15:07:779 ZRDN_1_ORENBURG ПРОМАХ по цели id:6b8147r (KR)
30.04 15:15:08:549 ZRDN_1_ORENBURG Стрельба по цели id:6b8147r тип:KR AMMO:9
30.04 15:15:11:369 ZRDN_1_ORENBURG Цель id:6b8147r УНИЧТОЖЕНА (KR)
30.04 15:15:20:216 RLS_1_Voronezh-DM_KISHENEV работоспособность восстановлена
30.04 15:15:30:916 RLS3_Dnepr_IRKUTSK Обнаружена цель id:df9b29b координаты X:6881496 Y:1886454 тип:BB_BR скорость:8483
30.04 15:15:31:050 RLS3_Dnepr_IRKUTSK цель движется в направлении СПРО id:df9b29b
30.04 15:16:06:580 RLS3_Dnepr_IRKUTSK Обнаружена цель id:031b5bb координаты X:8890746 Y:1816386 тип:BB_BR скорость:8833
30.04 15:16:06:778 RLS3_Dnepr_IRKUTSK цель движется в направлении СПРО id:031b5bb
30.04 15:16:19:644 SPRO Обнаружена цель id:08eb31b координаты X:6032923 Y:4977358 тип:BB_BR скорость:9964
30.04 15:16:19:785 SPRO Стрельба по цели id:08eb31b тип:BB_BR AMMO:6
30.04 15:16:20:579 SPRO Обнаружена цель id:efc195b координаты X:5485730 Y:4921408 тип:BB_BR скорость:8031
30.04 15:16:20:786 SPRO Стрельба по цели id:efc195b тип:BB_BR AMMO:5
30.04 15:16:23:243 SPRO ПРОМАХ по цели id:efc195b (BB_BR)
30.04 15:16:23:996 SPRO Стрельба по цели id:efc195b тип:BB_BR AMMO:4
30.04 15:16:24:241 SPRO Цель id:08eb31b УНИЧТОЖЕНА (BB_BR)
30.04 15:16:26:040 SPRO ПРОМАХ по цели id:efc195b (BB_BR)
30.04 15:16:26:833 SPRO Стрельба по цели id:efc195b тип:BB_BR AMMO:3
30.04 15:16:29:610 SPRO ПРОМАХ по цели id:efc195b (BB_BR)
30.04 15:16:29:838 SPRO Стрельба по цели id:efc195b тип:BB_BR AMMO:2
30.04 15:16:32:148 SPRO ПРОМАХ по цели id:efc195b (BB_BR)
30.04 15:16:32:934 SPRO Стрельба по цели id:efc195b тип:BB_BR AMMO:1
30.04 15:16:35:748 SPRO Цель id:efc195b УНИЧТОЖЕНА (BB_BR)
30.04 15:16:53:862 RLS3_Dnepr_IRKUTSK Обнаружена цель id:fb1cb0b координаты X:8561796 Y:2534718 тип:BB_BR скорость:8828
30.04 15:16:53:980 RLS3_Dnepr_IRKUTSK цель движется в направлении СПРО id:fb1cb0b
30.04 15:17:05:390 SPRO Обнаружена цель id:cf957ab координаты X:6045002 Y:4681590 тип:BB_BR скорость:8948
30.04 15:17:05:579 SPRO Стрельба по цели id:cf957ab тип:BB_BR AMMO:0
30.04 15:17:05:774 SPRO Боекомплект исчерпан! Режим обнаружения
30.04 15:17:06:441 SPRO Боекомплект пополнен AMMO:10
30.04 15:17:08:710 SPRO Цель id:cf957ab УНИЧТОЖЕНА (BB_BR)
30.04 15:18:28:168 KP_VKO === Система ВКО запущена ===
30.04 15:18:29:252 RLS_1_Voronezh-DM_KISHENEV статус: ONLINE 
30.04 15:18:29:386 RLS2_Daryal статус: ONLINE 
30.04 15:18:29:499 RLS3_Dnepr_IRKUTSK статус: ONLINE 
30.04 15:18:30:641 SPRO статус: ONLINE AMMO:10
30.04 15:18:31:424 ZRDN_1_ORENBURG статус: ONLINE AMMO:20
30.04 15:18:31:693 ZRDN_2_VOLGOGRAD статус: ONLINE AMMO:20
30.04 15:18:31:900 ZRDN_3_MAKHACHKALA статус: ONLINE AMMO:20
30.04 15:18:35:732 SPRO Обнаружена цель id:bcd847b координаты X:6089447 Y:4048634 тип:BB_BR скорость:17399
30.04 15:18:35:902 SPRO Стрельба по цели id:bcd847b тип:BB_BR AMMO:9
30.04 15:18:36:182 SPRO Обнаружена цель id:bce0dbb координаты X:6640210 Y:3863609 тип:BB_BR скорость:19290
30.04 15:18:36:862 SPRO Стрельба по цели id:bce0dbb тип:BB_BR AMMO:8
30.04 15:18:37:134 SPRO Обнаружена цель id:e43bb7b координаты X:5838671 Y:3747888 тип:BB_BR скорость:16150
30.04 15:18:37:343 SPRO Стрельба по цели id:e43bb7b тип:BB_BR AMMO:7
30.04 15:18:38:754 SPRO ПРОМАХ по цели id:bcd847b (BB_BR)
30.04 15:18:39:010 SPRO Стрельба по цели id:bcd847b тип:BB_BR AMMO:6
30.04 15:18:39:246 SPRO Цель id:bce0dbb УНИЧТОЖЕНА (BB_BR)
30.04 15:18:39:476 SPRO ПРОМАХ по цели id:e43bb7b (BB_BR)
30.04 15:18:40:210 SPRO Стрельба по цели id:e43bb7b тип:BB_BR AMMO:5
30.04 15:18:42:009 SPRO Цель id:e43bb7b УНИЧТОЖЕНА (BB_BR)
30.04 15:18:42:753 SPRO Цель id:bcd847b УНИЧТОЖЕНА (BB_BR)
30.04 15:18:43:490 RLS_1_Voronezh-DM_KISHENEV Обнаружена цель id:bcd847b координаты X:6088801 Y:4066022 тип:BB_BR скорость:8699
30.04 15:18:50:291 SPRO Обнаружена цель id:8c585fb координаты X:6300481 Y:2607636 тип:BB_BR скорость:16590
30.04 15:18:50:470 SPRO Стрельба по цели id:8c585fb тип:BB_BR AMMO:4
30.04 15:18:53:228 SPRO ПРОМАХ по цели id:8c585fb (BB_BR)
30.04 15:18:53:452 SPRO Стрельба по цели id:8c585fb тип:BB_BR AMMO:3
30.04 15:18:56:213 SPRO Цель id:8c585fb УНИЧТОЖЕНА (BB_BR)
30.04 15:19:33:100 RLS_1_Voronezh-DM_KISHENEV Обнаружена цель id:a85f43b координаты X:3146408 Y:2194566 тип:BB_BR скорость:8636
30.04 15:19:33:229 RLS_1_Voronezh-DM_KISHENEV цель движется в направлении СПРО id:a85f43b
30.04 15:19:45:904 ZRDN_1_ORENBURG Обнаружена цель id:0145bar координаты X:4762672 Y:3250284 тип:KR скорость:364
30.04 15:19:46:098 ZRDN_1_ORENBURG Стрельба по цели id:0145bar тип:KR AMMO:19
30.04 15:19:46:848 RLS_1_Voronezh-DM_KISHENEV Обнаружена цель id:e444acb координаты X:5312880 Y:5271080 тип:BB_BR скорость:9527
30.04 15:19:47:008 RLS_1_Voronezh-DM_KISHENEV цель движется в направлении СПРО id:e444acb
30.04 15:19:48:701 ZRDN_1_ORENBURG Цель id:0145bar УНИЧТОЖЕНА (KR)
30.04 15:20:25:895 RLS_1_Voronezh-DM_KISHENEV Обнаружена цель id:c07429b координаты X:3991314 Y:2360572 тип:BB_BR скорость:9249
30.04 15:20:26:033 RLS_1_Voronezh-DM_KISHENEV цель движется в направлении СПРО id:c07429b
30.04 15:20:38:397 RLS_1_Voronezh-DM_KISHENEV НЕ ОТВЕЧАЕТ! Связь потеряна
30.04 15:20:42:593 SPRO Обнаружена цель id:e444acb координаты X:5136540 Y:5046140 тип:BB_BR скорость:9527
30.04 15:20:43:430 SPRO Стрельба по цели id:e444acb тип:BB_BR AMMO:2
30.04 15:20:46:231 SPRO Цель id:e444acb УНИЧТОЖЕНА (BB_BR)
30.04 15:21:04:315 RLS_1_Voronezh-DM_KISHENEV Обнаружена цель id:549f36b координаты X:2625850 Y:5156075 тип:BB_BR скорость:8379
30.04 15:21:08:543 RLS_1_Voronezh-DM_KISHENEV работоспособность восстановлена
30.04 15:21:25:696 RLS3_Dnepr_IRKUTSK Обнаружена цель id:1d4dffb координаты X:6950502 Y:3011054 тип:BB_BR скорость:9454
30.04 15:21:25:845 RLS3_Dnepr_IRKUTSK цель движется в направлении СПРО id:1d4dffb
30.04 15:21:30:102 RLS_1_Voronezh-DM_KISHENEV Обнаружена цель id:591a95b координаты X:3786052 Y:5101418 тип:BB_BR скорость:9888
30.04 15:21:30:263 RLS_1_Voronezh-DM_KISHENEV цель движется в направлении СПРО id:591a95b
30.04 15:22:02:176 RLS3_Dnepr_IRKUTSK Обнаружена цель id:31468db координаты X:6183708 Y:1192224 тип:BB_BR скорость:8644
30.04 15:22:02:337 RLS3_Dnepr_IRKUTSK цель движется в направлении СПРО id:31468db
30.04 15:22:05:094 SPRO Обнаружена цель id:c07429b координаты X:4346630 Y:2684740 тип:BB_BR скорость:18498
30.04 15:22:05:260 SPRO Стрельба по цели id:c07429b тип:BB_BR AMMO:1
30.04 15:22:08:562 SPRO Цель id:c07429b УНИЧТОЖЕНА (BB_BR)
30.04 15:22:14:638 SPRO Обнаружена цель id:1d4dffb координаты X:6772898 Y:2814746 тип:BB_BR скорость:18909
30.04 15:22:14:795 SPRO Стрельба по цели id:1d4dffb тип:BB_BR AMMO:0
30.04 15:22:15:486 SPRO Боекомплект исчерпан! Режим обнаружения
30.04 15:22:15:701 SPRO Боекомплект пополнен AMMO:10
30.04 15:22:16:494 RLS_1_Voronezh-DM_KISHENEV Обнаружена цель id:546812b координаты X:3510849 Y:4623701 тип:BB_BR скорость:8293
30.04 15:22:18:641 SPRO Цель id:1d4dffb УНИЧТОЖЕНА (BB_BR)
30.04 15:22:40:855 RLS_1_Voronezh-DM_KISHENEV Обнаружена цель id:31468db координаты X:6274806 Y:1318368 тип:BB_BR скорость:8644
30.04 15:22:40:999 RLS_1_Voronezh-DM_KISHENEV цель движется в направлении СПРО id:31468db
30.04 15:23:05:056 SPRO Обнаружена цель id:e05d5bb координаты X:5686526 Y:3759180 тип:BB_BR скорость:8540
30.04 15:23:05:222 SPRO Стрельба по цели id:e05d5bb тип:BB_BR AMMO:9
30.04 15:23:08:533 SPRO ПРОМАХ по цели id:e05d5bb (BB_BR)
30.04 15:23:08:780 SPRO Стрельба по цели id:e05d5bb тип:BB_BR AMMO:8
30.04 15:23:08:953 RLS_1_Voronezh-DM_KISHENEV НЕ ОТВЕЧАЕТ! Связь потеряна
30.04 15:23:11:946 SPRO Цель id:e05d5bb УНИЧТОЖЕНА (BB_BR)
30.04 15:23:14:798 SPRO Обнаружена цель id:adbacbb координаты X:6864504 Y:4164812 тип:BB_BR скорость:8797
30.04 15:23:14:946 SPRO Стрельба по цели id:adbacbb тип:BB_BR AMMO:7
30.04 15:23:17:795 SPRO ПРОМАХ по цели id:adbacbb (BB_BR)
30.04 15:23:19:087 SPRO Стрельба по цели id:adbacbb тип:BB_BR AMMO:6
30.04 15:23:22:457 SPRO Цель id:adbacbb УНИЧТОЖЕНА (BB_BR)
30.04 15:23:25:735 SPRO Обнаружена цель id:cc62acb координаты X:5406504 Y:3712692 тип:BB_BR скорость:16331
30.04 15:23:25:869 SPRO Стрельба по цели id:cc62acb тип:BB_BR AMMO:5
30.04 15:23:29:148 SPRO Цель id:cc62acb УНИЧТОЖЕНА (BB_BR)
30.04 15:23:35:479 ZRDN_1_ORENBURG Обнаружена цель id:aa63f7r координаты X:4334735 Y:2909950 тип:KR скорость:1541
30.04 15:23:35:769 ZRDN_1_ORENBURG Стрельба по цели id:aa63f7r тип:KR AMMO:18
30.04 15:23:39:860 ZRDN_1_ORENBURG ПРОМАХ по цели id:aa63f7r (KR)
30.04 15:23:40:176 ZRDN_1_ORENBURG Стрельба по цели id:aa63f7r тип:KR AMMO:17
30.04 15:23:40:980 SPRO Обнаружена цель id:9e3c65b координаты X:5544730 Y:3284198 тип:BB_BR скорость:16278
30.04 15:23:41:202 SPRO Стрельба по цели id:9e3c65b тип:BB_BR AMMO:4
30.04 15:23:43:975 SPRO ПРОМАХ по цели id:9e3c65b (BB_BR)
30.04 15:23:44:244 SPRO Стрельба по цели id:9e3c65b тип:BB_BR AMMO:3
30.04 15:23:45:010 ZRDN_1_ORENBURG Цель id:aa63f7r УНИЧТОЖЕНА (KR)
30.04 15:23:47:832 SPRO ПРОМАХ по цели id:9e3c65b (BB_BR)
30.04 15:23:48:783 SPRO Стрельба по цели id:9e3c65b тип:BB_BR AMMO:2
30.04 15:23:52:109 SPRO Цель id:9e3c65b УНИЧТОЖЕНА (BB_BR)
30.04 15:24:11:443 SPRO Обнаружена цель id:0199c6b координаты X:6281882 Y:3672162 тип:BB_BR скорость:8489
30.04 15:24:11:564 SPRO Стрельба по цели id:0199c6b тип:BB_BR AMMO:1
30.04 15:24:14:779 SPRO Цель id:0199c6b УНИЧТОЖЕНА (BB_BR)
30.04 15:24:23:154 SPRO Обнаружена цель id:5f60b5b координаты X:6166218 Y:2646635 тип:BB_BR скорость:8380
30.04 15:24:23:293 SPRO Стрельба по цели id:5f60b5b тип:BB_BR AMMO:0
30.04 15:24:23:446 SPRO Боекомплект исчерпан! Режим обнаружения
30.04 15:24:24:142 SPRO Боекомплект пополнен AMMO:10
30.04 15:24:26:926 SPRO Цель id:5f60b5b УНИЧТОЖЕНА (BB_BR)
30.04 15:24:38:344 RLS_1_Voronezh-DM_KISHENEV работоспособность восстановлена
30.04 15:24:41:753 RLS_1_Voronezh-DM_KISHENEV Обнаружена цель id:40ec94b координаты X:2783406 Y:3407302 тип:BB_BR скорость:8477
30.04 15:24:41:910 RLS_1_Voronezh-DM_KISHENEV цель движется в направлении СПРО id:40ec94b
30.04 15:24:47:140 RLS3_Dnepr_IRKUTSK Обнаружена цель id:b2a37ab координаты X:6886580 Y:1877572 тип:BB_BR скорость:9431
30.04 15:25:26:048 RLS_1_Voronezh-DM_KISHENEV Обнаружена цель id:3ccc87b координаты X:2244800 Y:6420200 тип:BB_BR скорость:9016
30.04 15:26:38:270 RLS_1_Voronezh-DM_KISHENEV НЕ ОТВЕЧАЕТ! Связь потеряна
30.04 15:27:08:141 RLS_1_Voronezh-DM_KISHENEV работоспособность восстановлена
30.04 15:28:22:445 RLS_1_Voronezh-DM_KISHENEV Обнаружена цель id:33994db координаты X:4112352 Y:5415636 тип:BB_BR скорость:8741
30.04 15:28:22:617 RLS_1_Voronezh-DM_KISHENEV цель движется в направлении СПРО id:33994db
30.04 15:29:09:626 RLS_1_Voronezh-DM_KISHENEV Обнаружена цель id:e808b6b координаты X:3095218 Y:6639923 тип:BB_BR скорость:8950
30.04 15:29:10:131 RLS_1_Voronezh-DM_KISHENEV цель движется в направлении СПРО id:e808b6b
30.04 15:29:37:805 RLS_1_Voronezh-DM_KISHENEV Обнаружена цель id:c9dc52b координаты X:4527552 Y:5623706 тип:BB_BR скорость:8021
30.04 15:29:37:900 RLS_1_Voronezh-DM_KISHENEV цель движется в направлении СПРО id:c9dc52b
30.04 15:31:08:191 RLS_1_Voronezh-DM_KISHENEV НЕ ОТВЕЧАЕТ! Связь потеряна
30.04 15:31:38:406 RLS_1_Voronezh-DM_KISHENEV работоспособность восстановлена
30.04 15:32:42:197 ZRDN_1_ORENBURG Обнаружена цель id:99844bs координаты X:4478567 Y:3140971 тип:SAM скорость:75
30.04 15:32:42:690 ZRDN_1_ORENBURG Стрельба по цели id:99844bs тип:SAM AMMO:16
30.04 15:32:47:885 ZRDN_1_ORENBURG Цель id:99844bs УНИЧТОЖЕНА (SAM)
30.04 15:32:50:414 RLS_1_Voronezh-DM_KISHENEV Обнаружена цель id:c1a6dab координаты X:2966543 Y:3685864 тип:BB_BR скорость:8875
30.04 15:32:51:332 RLS_1_Voronezh-DM_KISHENEV цель движется в направлении СПРО id:c1a6dab
30.04 15:34:13:221 SPRO Обнаружена цель id:677d40b координаты X:4560200 Y:3503200 тип:BB_BR скорость:9685
30.04 15:34:13:352 SPRO Стрельба по цели id:677d40b тип:BB_BR AMMO:9
30.04 15:34:16:156 SPRO Цель id:677d40b УНИЧТОЖЕНА (BB_BR)
30.04 15:34:16:884 SPRO Обнаружена цель id:18ec2cb координаты X:6688284 Y:3156860 тип:BB_BR скорость:19923
30.04 15:34:17:059 SPRO Стрельба по цели id:18ec2cb тип:BB_BR AMMO:8
30.04 15:34:17:301 SPRO Обнаружена цель id:4cd9b8b координаты X:6555340 Y:4617935 тип:BB_BR скорость:19497
30.04 15:34:17:478 SPRO Стрельба по цели id:4cd9b8b тип:BB_BR AMMO:7
30.04 15:34:18:233 RLS3_Dnepr_IRKUTSK Обнаружена цель id:81a36bb координаты X:5943980 Y:1471950 тип:BB_BR скорость:9655
30.04 15:34:18:394 RLS3_Dnepr_IRKUTSK цель движется в направлении СПРО id:81a36bb
30.04 15:34:19:563 SPRO Цель id:18ec2cb УНИЧТОЖЕНА (BB_BR)
30.04 15:34:19:771 SPRO Цель id:4cd9b8b УНИЧТОЖЕНА (BB_BR)
30.04 15:34:28:715 SPRO Обнаружена цель id:63cf19b координаты X:6199499 Y:2964697 тип:BB_BR скорость:19895
30.04 15:34:28:924 SPRO Стрельба по цели id:63cf19b тип:BB_BR AMMO:6
30.04 15:34:31:678 RLS_1_Voronezh-DM_KISHENEV Обнаружена цель id:a79af7b координаты X:3812424 Y:5176452 тип:BB_BR скорость:9925
30.04 15:34:31:844 RLS_1_Voronezh-DM_KISHENEV цель движется в направлении СПРО id:a79af7b
30.04 15:34:33:013 SPRO Цель id:63cf19b УНИЧТОЖЕНА (BB_BR)
30.04 15:34:34:286 RLS3_Dnepr_IRKUTSK Обнаружена цель id:990382b координаты X:8334196 Y:2358946 тип:BB_BR скорость:8542
30.04 15:34:34:461 RLS3_Dnepr_IRKUTSK цель движется в направлении СПРО id:990382b
30.04 15:34:39:388 RLS_1_Voronezh-DM_KISHENEV Обнаружена цель id:81a36bb координаты X:5870162 Y:1517805 тип:BB_BR скорость:9655
30.04 15:34:39:536 RLS_1_Voronezh-DM_KISHENEV цель движется в направлении СПРО id:81a36bb
30.04 15:34:41:716 SPRO Обнаружена цель id:c9dc52b координаты X:4964440 Y:4979820 тип:BB_BR скорость:16043
30.04 15:34:41:907 SPRO Стрельба по цели id:c9dc52b тип:BB_BR AMMO:5
30.04 15:34:44:169 SPRO Цель id:c9dc52b УНИЧТОЖЕНА (BB_BR)
30.04 15:35:15:141 RLS_1_Voronezh-DM_KISHENEV Обнаружена цель id:b00f50b координаты X:3160592 Y:6510072 тип:BB_BR скорость:9804
30.04 15:35:15:345 RLS_1_Voronezh-DM_KISHENEV цель движется в направлении СПРО id:b00f50b
30.04 15:36:08:908 SPRO Обнаружена цель id:f7688ab координаты X:5333746 Y:4000773 тип:BB_BR скорость:8419
30.04 15:36:09:033 SPRO Стрельба по цели id:f7688ab тип:BB_BR AMMO:4
30.04 15:36:11:776 SPRO Цель id:f7688ab УНИЧТОЖЕНА (BB_BR)
30.04 15:36:42:967 RLS2_Daryal Обнаружена цель id:3594f1b координаты X:8014154 Y:7441390 тип:BB_BR скорость:8152
30.04 15:36:43:152 RLS2_Daryal цель движется в направлении СПРО id:3594f1b
30.04 15:36:47:950 RLS_1_Voronezh-DM_KISHENEV Обнаружена цель id:5a4908b координаты X:2604786 Y:4457652 тип:BB_BR скорость:8044
30.04 15:36:59:047 RLS3_Dnepr_IRKUTSK Обнаружена цель id:66123eb координаты X:7131682 Y:1718980 тип:BB_BR скорость:9625
30.04 15:36:59:245 RLS3_Dnepr_IRKUTSK цель движется в направлении СПРО id:66123eb
30.04 15:37:31:692 SPRO Обнаружена цель id:a79af7b координаты X:4512314 Y:4705297 тип:BB_BR скорость:9925
30.04 15:37:31:905 SPRO Стрельба по цели id:a79af7b тип:BB_BR AMMO:3
30.04 15:37:35:749 SPRO Цель id:a79af7b УНИЧТОЖЕНА (BB_BR)
30.04 15:37:42:728 RLS2_Daryal Обнаружена цель id:724d5db координаты X:8461068 Y:7225832 тип:BB_BR скорость:9320
30.04 15:37:42:936 RLS2_Daryal цель движется в направлении СПРО id:724d5db
30.04 15:38:19:512 RLS3_Dnepr_IRKUTSK Обнаружена цель id:0dacd3b координаты X:5509670 Y:1572158 тип:BB_BR скорость:8270
30.04 15:38:19:758 RLS3_Dnepr_IRKUTSK цель движется в направлении СПРО id:0dacd3b
30.04 15:38:21:462 ZRDN_3_MAKHACHKALA Обнаружена цель id:36b4c7r координаты X:4117632 Y:2655031 тип:KR скорость:1736
30.04 15:38:21:624 ZRDN_3_MAKHACHKALA Стрельба по цели id:36b4c7r тип:KR AMMO:19
30.04 15:38:22:365 RLS_1_Voronezh-DM_KISHENEV Обнаружена цель id:0dacd3b координаты X:5514925 Y:1578545 тип:BB_BR скорость:8270
30.04 15:38:22:532 RLS_1_Voronezh-DM_KISHENEV цель движется в направлении СПРО id:0dacd3b
30.04 15:38:25:231 ZRDN_3_MAKHACHKALA ПРОМАХ по цели id:36b4c7r (KR)
30.04 15:38:25:421 ZRDN_3_MAKHACHKALA Стрельба по цели id:36b4c7r тип:KR AMMO:18
30.04 15:38:28:698 ZRDN_3_MAKHACHKALA Цель id:36b4c7r УНИЧТОЖЕНА (KR)
30.04 15:38:46:601 RLS_1_Voronezh-DM_KISHENEV Обнаружена цель id:404db5b координаты X:4188598 Y:5717840 тип:BB_BR скорость:9173
30.04 15:39:32:226 RLS3_Dnepr_IRKUTSK Обнаружена цель id:64a360b координаты X:8043578 Y:2425322 тип:BB_BR скорость:9045
30.04 15:39:32:418 RLS3_Dnepr_IRKUTSK цель движется в направлении СПРО id:64a360b
30.04 15:39:38:099 RLS_1_Voronezh-DM_KISHENEV НЕ ОТВЕЧАЕТ! Связь потеряна
30.04 15:39:47:689 ZRDN_3_MAKHACHKALA Обнаружена цель id:50b7a5s координаты X:3394546 Y:2393276 тип:KR скорость:407
30.04 15:39:47:915 ZRDN_3_MAKHACHKALA Стрельба по цели id:50b7a5s тип:KR AMMO:17
30.04 15:39:50:188 ZRDN_3_MAKHACHKALA Цель id:50b7a5s УНИЧТОЖЕНА (KR)
30.04 15:40:08:300 SPRO Обнаружена цель id:911f99b координаты X:6548195 Y:4439257 тип:BB_BR скорость:16941
30.04 15:40:08:578 SPRO Стрельба по цели id:911f99b тип:BB_BR AMMO:2
30.04 15:40:12:152 SPRO ПРОМАХ по цели id:911f99b (BB_BR)
30.04 15:40:12:479 SPRO Стрельба по цели id:911f99b тип:BB_BR AMMO:1
30.04 15:40:14:295 SPRO Цель id:911f99b УНИЧТОЖЕНА (BB_BR)
30.04 15:40:24:719 RLS3_Dnepr_IRKUTSK Обнаружена цель id:3965dfb координаты X:7759984 Y:1902504 тип:BB_BR скорость:9413
30.04 15:40:24:915 RLS3_Dnepr_IRKUTSK цель движется в направлении СПРО id:3965dfb
30.04 15:40:38:339 RLS_1_Voronezh-DM_KISHENEV работоспособность восстановлена
30.04 15:40:42:316 SPRO Обнаружена цель id:350be2b координаты X:6692549 Y:4444452 тип:BB_BR скорость:9459
30.04 15:40:42:542 SPRO Стрельба по цели id:350be2b тип:BB_BR AMMO:0
30.04 15:40:42:778 SPRO Боекомплект исчерпан! Режим обнаружения
30.04 15:40:43:529 SPRO Боекомплект пополнен AMMO:10
30.04 15:40:45:793 SPRO Цель id:350be2b УНИЧТОЖЕНА (BB_BR)
30.04 15:41:02:354 RLS_1_Voronezh-DM_KISHENEV Обнаружена цель id:0e5c9fb координаты X:2596492 Y:3433052 тип:BB_BR скорость:8697
30.04 15:41:02:556 RLS_1_Voronezh-DM_KISHENEV цель движется в направлении СПРО id:0e5c9fb
30.04 15:41:42:256 ZRDN_1_ORENBURG Обнаружена цель id:9a344bs координаты X:4531625 Y:2886705 тип:SAM скорость:188
30.04 15:41:42:907 ZRDN_1_ORENBURG Стрельба по цели id:9a344bs тип:SAM AMMO:15
30.04 15:41:45:678 ZRDN_1_ORENBURG Цель id:9a344bs УНИЧТОЖЕНА (SAM)
30.04 15:42:07:274 RLS3_Dnepr_IRKUTSK Обнаружена цель id:98872eb координаты X:7953876 Y:2620453 тип:BB_BR скорость:8889
30.04 15:42:19:363 SPRO Обнаружена цель id:4f3eaab координаты X:6315156 Y:4102094 тип:BB_BR скорость:8793
30.04 15:42:19:585 SPRO Стрельба по цели id:4f3eaab тип:BB_BR AMMO:9
30.04 15:42:23:398 SPRO Цель id:4f3eaab УНИЧТОЖЕНА (BB_BR)
30.04 15:42:38:380 RLS_1_Voronezh-DM_KISHENEV НЕ ОТВЕЧАЕТ! Связь потеряна
30.04 15:43:08:398 RLS_1_Voronezh-DM_KISHENEV работоспособность восстановлена
30.04 15:43:19:006 ZRDN_2_VOLGOGRAD Обнаружена цель id:d99303s координаты X:3719288 Y:3231183 тип:SAM скорость:227
30.04 15:43:19:197 ZRDN_2_VOLGOGRAD Стрельба по цели id:d99303s тип:SAM AMMO:19
30.04 15:43:22:480 ZRDN_2_VOLGOGRAD Цель id:d99303s УНИЧТОЖЕНА (SAM)
30.04 15:44:06:135 RLS_1_Voronezh-DM_KISHENEV Обнаружена цель id:a8c323b координаты X:3058060 Y:5326096 тип:BB_BR скорость:9869
30.04 15:44:06:322 RLS_1_Voronezh-DM_KISHENEV цель движется в направлении СПРО id:a8c323b
30.04 15:44:13:294 ZRDN_1_ORENBURG Обнаружена цель id:2933ccr координаты X:4488884 Y:3692206 тип:KR скорость:453
30.04 15:44:13:982 ZRDN_1_ORENBURG Стрельба по цели id:2933ccr тип:KR AMMO:14
30.04 15:44:17:791 ZRDN_1_ORENBURG Цель id:2933ccr УНИЧТОЖЕНА (KR)
30.04 15:45:21:312 KP_VKO === Система ВКО запущена ===
30.04 15:45:21:460 RLS2_Daryal Обнаружена цель id:da4b48b координаты X:11680512 Y:7345540 тип:BB_BR скорость:9885
30.04 15:45:21:631 RLS2_Daryal цель движется в направлении СПРО id:da4b48b
30.04 15:45:22:808 RLS_1_Daryal-Novosib статус: ONLINE 
30.04 15:45:23:020 RLS2_Dnepr_Khabarovsk статус: ONLINE 
30.04 15:45:23:225 RLS3_Voronezsh-DM статус: ONLINE 
30.04 15:45:24:190 SPRO_VORONEZSH статус: ONLINE AMMO:10
30.04 15:45:25:175 RLS_1 Обнаружена цель id:18a670b координаты X:3852492 Y:2752661 тип:BB_BR скорость:9937
30.04 15:45:25:489 RLS_1 цель движется в направлении СПРО id:18a670b
30.04 15:45:25:648 ZRDN_1_DONETSK статус: ONLINE AMMO:20
30.04 15:45:26:017 ZRDN_2_LVOV статус: ONLINE AMMO:20
30.04 15:45:26:533 ZRDN_3_KIEV статус: ONLINE AMMO:20
30.04 15:45:35:050 SPRO_VORONEZSH Обнаружена цель id:18a670b координаты X:3873984 Y:2773322 тип:BB_BR скорость:9937
30.04 15:45:35:345 SPRO_VORONEZSH Стрельба по цели id:18a670b тип:BB_BR AMMO:9
30.04 15:45:39:746 SPRO_VORONEZSH ПРОМАХ по цели id:18a670b (BB_BR)
30.04 15:45:40:552 RLS2_Dnepr_Khabarovsk Обнаружена цель id:4b1235b координаты X:7873400 Y:3997537 тип:BB_BR скорость:9243
30.04 15:45:40:766 SPRO_VORONEZSH Стрельба по цели id:18a670b тип:BB_BR AMMO:8
30.04 15:45:41:607 RLS2_Dnepr_Khabarovsk цель движется в направлении СПРО id:4b1235b
30.04 15:45:42:913 SPRO_VORONEZSH Цель id:18a670b УНИЧТОЖЕНА (BB_BR)
30.04 15:46:14:561 RLS_1_Daryal-Novosib Обнаружена цель id:4b1235b координаты X:7867000 Y:3923865 тип:BB_BR скорость:9243
30.04 15:46:14:801 RLS_1_Daryal-Novosib цель движется в направлении СПРО id:4b1235b
30.04 15:46:28:549 RLS2_Dnepr_Khabarovsk Обнаружена цель id:6203d2b координаты X:7536618 Y:4546646 тип:BB_BR скорость:9500
30.04 15:46:28:833 RLS2_Dnepr_Khabarovsk цель движется в направлении СПРО id:6203d2b
30.04 15:46:36:463 RLS_1_Daryal-Novosib Обнаружена цель id:7182beb координаты X:10873185 Y:3646273 тип:BB_BR скорость:9972
30.04 15:46:37:194 RLS_1_Daryal-Novosib цель движется в направлении СПРО id:7182beb
30.04 15:46:39:923 RLS2_Dnepr_Khabarovsk Обнаружена цель id:573045b координаты X:7570584 Y:4691672 тип:BB_BR скорость:9437
30.04 15:47:20:622 RLS2_Dnepr_Khabarovsk Обнаружена цель id:ac589cb координаты X:8687818 Y:5316250 тип:BB_BR скорость:8510
30.04 15:47:30:283 SPRO_1777553249672 Обнаружена цель id:cd4230b координаты X:6757316 Y:4061338 тип:BB_BR скорость:8962
30.04 15:47:30:561 SPRO_1777553249768 Стрельба по цели id:cd4230b тип:BB_BR AMMO:8
30.04 15:47:33:677 SPRO_1777553253207 Цель id:cd4230b УНИЧТОЖЕНА (BB_BR)
30.04 15:49:17:785 SPRO_VORONEZSH Обнаружена цель id:8f43c1b координаты X:2678296 Y:4349902 тип:BB_BR скорость:9376
30.04 15:49:18:094 SPRO_VORONEZSH Стрельба по цели id:8f43c1b тип:BB_BR AMMO:7
30.04 15:49:21:487 SPRO_VORONEZSH Цель id:8f43c1b УНИЧТОЖЕНА (BB_BR)
30.04 15:49:48:819 SPRO_1777553388499 Обнаружена цель id:78fb8db координаты X:5192664 Y:4761694 тип:BB_BR скорость:8409
30.04 15:49:48:961 SPRO_1777553388592 Стрельба по цели id:78fb8db тип:BB_BR AMMO:7
30.04 15:49:49:759 RLS_1_Daryal-Novosib Обнаружена цель id:6203d2b координаты X:7241472 Y:4092584 тип:BB_BR скорость:9500
30.04 15:49:49:990 RLS_1_Daryal-Novosib цель движется в направлении СПРО id:6203d2b
30.04 15:49:52:242 SPRO_1777553391878 ПРОМАХ по цели id:78fb8db (BB_BR)
30.04 15:49:52:510 SPRO_1777553392083 Стрельба по цели id:78fb8db тип:BB_BR AMMO:6
30.04 15:49:55:831 SPRO_1777553395522 Цель id:78fb8db УНИЧТОЖЕНА (BB_BR)
30.04 15:50:16:383 RLS_1_Daryal-Novosib Обнаружена цель id:573045b координаты X:7761048 Y:4138384 тип:BB_BR скорость:9437
30.04 15:50:17:693 RLS3_Voronezsh-DM Обнаружена цель id:bd2e30b координаты X:9073762 Y:1153294 тип:BB_BR скорость:8270
30.04 15:50:18:025 RLS3_Voronezsh-DM цель движется в направлении СПРО id:bd2e30b
30.04 15:50:50:004 RLS_1 Обнаружена цель id:6752a6b координаты X:4729508 Y:4209459 тип:BB_BR скорость:8854
30.04 15:51:01:567 RLS3_Voronezsh-DM НЕ ОТВЕЧАЕТ! Связь потеряна
30.04 15:51:11:249 RLS3_Dnepr Обнаружена цель id:bd2e30b координаты X:8982914 Y:1249518 тип:BB_BR скорость:8270
30.04 15:51:11:570 RLS3_Dnepr цель движется в направлении СПРО id:bd2e30b
30.04 15:51:18:124 RLS_1 Обнаружена цель id:f79e2fb координаты X:4890409 Y:3912974 тип:BB_BR скорость:9325
30.04 15:51:31:368 RLS3_Voronezsh-DM работоспособность восстановлена
30.04 15:51:32:455 RLS3_Voronezsh-DM Обнаружена цель id:791323b координаты X:6387366 Y:2115858 тип:BB_BR скорость:8075
30.04 15:51:32:672 RLS3_Voronezsh-DM цель движется в направлении СПРО id:791323b
30.04 15:51:44:757 RLS_1_Daryal-Novosib Обнаружена цель id:bd2e30b координаты X:8931812 Y:1303644 тип:BB_BR скорость:8270
30.04 15:51:45:020 RLS_1_Daryal-Novosib цель движется в направлении СПРО id:bd2e30b
30.04 15:51:58:103 RLS3_Dnepr Обнаружена цель id:791323b координаты X:6364094 Y:2176122 тип:BB_BR скорость:8075
30.04 15:51:58:242 RLS3_Dnepr цель движется в направлении СПРО id:791323b
30.04 15:52:01:118 RLS_1 Обнаружена цель id:9d6763b координаты X:4001376 Y:4869950 тип:BB_BR скорость:8632
30.04 15:52:01:397 RLS_1 цель движется в направлении СПРО id:9d6763b
30.04 15:52:10:669 SPRO_1777553530176 Обнаружена цель id:6752a6b координаты X:4761436 Y:4437453 тип:BB_BR скорость:8854
30.04 15:52:11:065 SPRO_1777553530244 Стрельба по цели id:6752a6b тип:BB_BR AMMO:5
30.04 15:52:11:467 SPRO_1777553530357 Обнаружена цель id:f79e2fb координаты X:4729003 Y:3866858 тип:BB_BR скорость:9325
30.04 15:52:11:743 SPRO_1777553530421 Стрельба по цели id:f79e2fb тип:BB_BR AMMO:4
30.04 15:52:13:623 RLS_1_Daryal-Novosib Обнаружена цель id:37be32b координаты X:10284216 Y:2167824 тип:BB_BR скорость:9175
30.04 15:52:13:864 RLS_1_Daryal-Novosib цель движется в направлении СПРО id:37be32b
30.04 15:52:14:654 SPRO_1777553533940 ПРОМАХ по цели id:6752a6b (BB_BR)
30.04 15:52:15:555 SPRO_1777553535059 Стрельба по цели id:6752a6b тип:BB_BR AMMO:3
30.04 15:52:15:964 SPRO_1777553535123 ПРОМАХ по цели id:f79e2fb (BB_BR)
30.04 15:52:16:730 SPRO_1777553536374 Стрельба по цели id:f79e2fb тип:BB_BR AMMO:2
30.04 15:52:20:144 SPRO_1777553539747 Цель id:6752a6b УНИЧТОЖЕНА (BB_BR)
30.04 15:52:20:468 SPRO_1777553539800 Цель id:f79e2fb УНИЧТОЖЕНА (BB_BR)
30.04 15:52:31:518 RLS_1_Daryal-Novosib НЕ ОТВЕЧАЕТ! Связь потеряна
30.04 15:53:01:508 RLS_1_Daryal-Novosib работоспособность восстановлена
30.04 15:53:05:255 SPRO_1777553584703 Обнаружена цель id:791323b координаты X:6300096 Y:2341848 тип:BB_BR скорость:8075
30.04 15:53:05:649 SPRO_1777553584820 Стрельба по цели id:791323b тип:BB_BR AMMO:1
30.04 15:53:09:217 SPRO_1777553588660 ПРОМАХ по цели id:791323b (BB_BR)
30.04 15:53:09:992 SPRO_1777553589842 Стрельба по цели id:791323b тип:BB_BR AMMO:0
30.04 15:53:10:210 SPRO Боекомплект исчерпан! Режим обнаружения
30.04 15:53:11:011 SPRO Боекомплект пополнен AMMO:10
30.04 15:53:16:034 SPRO_1777553595696 ПРОМАХ по цели id:791323b (BB_BR)
30.04 15:53:17:413 SPRO_1777553597137 Стрельба по цели id:791323b тип:BB_BR AMMO:9
30.04 15:53:20:223 SPRO_1777553599872 Цель id:791323b УНИЧТОЖЕНА (BB_BR)
30.04 15:53:48:174 RLS2_Dnepr_Khabarovsk Обнаружена цель id:ce4009b координаты X:10222628 Y:5612752 тип:BB_BR скорость:9044
30.04 15:53:48:438 RLS2_Dnepr_Khabarovsk цель движется в направлении СПРО id:ce4009b
30.04 15:54:11:186 RLS_1 Обнаружена цель id:2ea2a6b координаты X:2249514 Y:5740764 тип:BB_BR скорость:8321
30.04 15:54:11:461 RLS_1 цель движется в направлении СПРО id:2ea2a6b
30.04 15:54:37:899 RLS_1 Обнаружена цель id:13e74fb координаты X:4393350 Y:6048286 тип:BB_BR скорость:8466
30.04 15:54:38:159 RLS_1 цель движется в направлении СПРО id:13e74fb
30.04 15:54:38:913 RLS_1_Daryal-Novosib Обнаружена цель id:35f447b координаты X:7265370 Y:3682110 тип:BB_BR скорость:8411
30.04 15:54:50:546 RLS3_Dnepr Обнаружена цель id:4a1babb координаты X:8557582 Y:1828834 тип:BB_BR скорость:8559
30.04 15:54:50:829 RLS3_Dnepr цель движется в направлении СПРО id:4a1babb
30.04 15:54:51:523 RLS_1 Обнаружена цель id:043de3b координаты X:4578318 Y:4950506 тип:BB_BR скорость:9254
30.04 15:54:51:690 RLS_1 цель движется в направлении СПРО id:043de3b
30.04 15:55:18:408 RLS3_Dnepr Обнаружена цель id:680d8cb координаты X:5074395 Y:1308000 тип:BB_BR скорость:8366
30.04 15:55:19:084 RLS3_Dnepr цель движется в направлении СПРО id:680d8cb
30.04 15:55:19:809 RLS_1_Daryal-Novosib Обнаружена цель id:ce4009b координаты X:10174136 Y:5373424 тип:BB_BR скорость:9044
30.04 15:55:20:034 RLS_1_Daryal-Novosib цель движется в направлении СПРО id:ce4009b
30.04 15:55:21:874 RLS3_Voronezsh-DM Обнаружена цель id:4a1babb координаты X:8510260 Y:1889620 тип:BB_BR скорость:8559
30.04 15:55:22:133 RLS3_Voronezsh-DM цель движется в направлении СПРО id:4a1babb
30.04 15:55:38:300 SPRO_1777553737960 Обнаружена цель id:9d6763b координаты X:4234856 Y:4359700 тип:BB_BR скорость:17265
30.04 15:55:39:095 SPRO_1777553738097 Стрельба по цели id:9d6763b тип:BB_BR AMMO:8
30.04 15:55:42:957 SPRO_1777553742459 ПРОМАХ по цели id:9d6763b (BB_BR)
30.04 15:55:43:793 SPRO_1777553743102 Стрельба по цели id:9d6763b тип:BB_BR AMMO:7
30.04 15:55:46:720 SPRO_1777553746072 Обнаружена цель id:043de3b координаты X:4579040 Y:4774680 тип:BB_BR скорость:9254
30.04 15:55:46:952 SPRO_1777553746102 Стрельба по цели id:043de3b тип:BB_BR AMMO:6
30.04 15:55:47:277 SPRO_1777553746144 Цель id:9d6763b УНИЧТОЖЕНА (BB_BR)
30.04 15:55:50:086 SPRO_1777553749667 Цель id:043de3b УНИЧТОЖЕНА (BB_BR)
30.04 15:56:01:253 RLS2_Daryal Обнаружена цель id:3d0e92b координаты X:11385734 Y:7656226 тип:BB_BR скорость:8044
30.04 15:56:01:521 RLS2_Daryal цель движется в направлении СПРО id:3d0e92b
30.04 15:56:02:652 RLS_1 Обнаружена цель id:82ea9ab координаты X:3413271 Y:5389457 тип:BB_BR скорость:9229
30.04 15:56:17:362 RLS3_Voronezsh-DM Обнаружена цель id:680d8cb координаты X:5173522 Y:1410000 тип:BB_BR скорость:8366
30.04 15:56:17:648 RLS3_Voronezsh-DM цель движется в направлении СПРО id:680d8cb
30.04 15:56:36:865 SPRO_1777553796111 Обнаружена цель id:c8ff1bb координаты X:5593738 Y:3391876 тип:BB_BR скорость:8838
30.04 15:56:37:078 SPRO_1777553796184 Стрельба по цели id:c8ff1bb тип:BB_BR AMMO:5
30.04 15:56:43:989 SPRO_1777553803778 Цель id:c8ff1bb УНИЧТОЖЕНА (BB_BR)
30.04 15:57:06:222 RLS_1_Daryal-Novosib Обнаружена цель id:4a1babb координаты X:8347262 Y:2098994 тип:BB_BR скорость:8559
30.04 15:57:06:487 RLS_1_Daryal-Novosib цель движется в направлении СПРО id:4a1babb
30.04 15:57:48:698 RLS2_Dnepr_Khabarovsk Обнаружена цель id:35318cb координаты X:8479741 Y:5577408 тип:BB_BR скорость:8313
30.04 15:57:49:528 RLS2_Dnepr_Khabarovsk цель движется в направлении СПРО id:35318cb
30.04 15:57:56:641 SPRO_1777553876179 Обнаружена цель id:5ec4d5b координаты X:5405376 Y:2829912 тип:BB_BR скорость:8503
30.04 15:57:57:540 SPRO_1777553876345 Стрельба по цели id:5ec4d5b тип:BB_BR AMMO:4
30.04 15:58:01:006 SPRO_1777553880757 ПРОМАХ по цели id:5ec4d5b (BB_BR)
30.04 15:58:02:041 RLS_1_Daryal-Novosib Обнаружена цель id:aa8834b координаты X:11130611 Y:3387902 тип:BB_BR скорость:8615
30.04 15:58:02:239 RLS_1_Daryal-Novosib цель движется в направлении СПРО id:aa8834b
30.04 15:58:02:506 SPRO_1777553881636 Стрельба по цели id:5ec4d5b тип:BB_BR AMMO:3
30.04 15:58:05:343 SPRO_1777553884962 ПРОМАХ по цели id:5ec4d5b (BB_BR)
30.04 15:58:06:171 SPRO_1777553885765 Стрельба по цели id:5ec4d5b тип:BB_BR AMMO:2
30.04 15:58:07:604 RLS3_Voronezsh-DM Обнаружена цель id:35f447b координаты X:7544872 Y:3251816 тип:BB_BR скорость:8411
30.04 15:58:08:384 RLS3_Dnepr Обнаружена цель id:35f447b координаты X:7544872 Y:3251816 тип:BB_BR скорость:8411
30.04 15:58:09:132 SPRO_1777553888769 Цель id:5ec4d5b УНИЧТОЖЕНА (BB_BR)
30.04 15:58:17:154 RLS2_Dnepr_Khabarovsk Обнаружена цель id:dafab4b координаты X:10141160 Y:5991488 тип:BB_BR скорость:8624
30.04 15:58:17:384 RLS2_Dnepr_Khabarovsk цель движется в направлении СПРО id:dafab4b
30.04 15:58:37:320 RLS_1 Обнаружена цель id:680d8cb координаты X:5412593 Y:1656000 тип:BB_BR скорость:8366
30.04 15:58:37:626 RLS_1 цель движется в направлении СПРО id:680d8cb
