30.04 15:45:24:371 ZRDN_1_DONETSK Запуск ЗРДН. Координаты: X=3250000 Y=3000000, Радиус: 600000
07.05 12:55:06:119 ZRDN_1_DONETSK Запуск ЗРДН. Координаты: X=3250000 Y=3000000, Радиус: 600000
07.05 13:01:45:833 ZRDN_1_DONETSK Обнаружена цель id:dd33f7r координаты 3016249 3194562 тип:KR скорость:1716
07.05 13:01:45:847 ZRDN_1_DONETSK Стрельба по цели id:dd33f7r тип:KR пуск №1. Осталось ракет: 19
07.05 13:01:47:687 ZRDN_1_DONETSK Цель id:dd33f7r УНИЧТОЖЕНА после пуска №1
07.05 13:07:41:520 ZRDN_1_DONETSK Запуск ЗРДН. Координаты: X=3250000 Y=3000000, Радиус: 600000
07.05 13:10:14:033 ZRDN_1_DONETSK Обнаружена цель id:cbac23s координаты 2909146 3026406 тип:SAM скорость:215
07.05 13:10:14:046 ZRDN_1_DONETSK Стрельба по цели id:cbac23s тип:SAM пуск №1. Осталось ракет: 19
07.05 13:10:15:602 ZRDN_1_DONETSK Цель id:cbac23s УНИЧТОЖЕНА после пуска №1
07.05 13:13:16:265 ZRDN_1_DONETSK Обнаружена цель id:592b1bs координаты 3474348 3320234 тип:SAM скорость:139
07.05 13:13:16:278 ZRDN_1_DONETSK Стрельба по цели id:592b1bs тип:SAM пуск №1. Осталось ракет: 18
07.05 13:13:18:025 ZRDN_1_DONETSK Цель id:592b1bs УНИЧТОЖЕНА после пуска №1
07.05 13:15:17:922 ZRDN_1_DONETSK Запуск ЗРДН. Координаты: X=3250000 Y=3000000, Радиус: 600000
07.05 13:21:05:313 ZRDN_1_DONETSK Обнаружена цель id:444286r координаты 2888050 2588662 тип:KR скорость:331
07.05 13:21:05:326 ZRDN_1_DONETSK Стрельба по цели id:444286r тип:KR пуск №1. Осталось ракет: 19
07.05 13:21:06:778 ZRDN_1_DONETSK ПРОМАХ по цели id:444286r после пуска №1
07.05 13:21:06:839 ZRDN_1_DONETSK Стрельба по цели id:444286r тип:KR пуск №2. Осталось ракет: 18
07.05 13:21:08:327 ZRDN_1_DONETSK Цель id:444286r УНИЧТОЖЕНА после пуска №2
07.05 13:22:23:933 ZRDN_1_DONETSK Запуск ЗРДН. Координаты: X=3250000 Y=3000000, Радиус: 600000
07.05 13:22:26:705 ZRDN_1_DONETSK Обнаружена цель id:6f342fs координаты 2838256 3278376 тип:SAM скорость:56
07.05 13:22:26:718 ZRDN_1_DONETSK Стрельба по цели id:6f342fs тип:SAM пуск №1. Осталось ракет: 19
07.05 13:22:28:290 ZRDN_1_DONETSK Цель id:6f342fs УНИЧТОЖЕНА после пуска №1
07.05 13:43:06:856 ZRDN_1_DONETSK Обнаружена цель id:0d3c27s координаты 3253086 2773088 тип:SAM скорость:61
07.05 13:43:06:869 ZRDN_1_DONETSK Стрельба по цели id:0d3c27s тип:SAM пуск №1. Осталось ракет: 18
07.05 13:43:08:449 ZRDN_1_DONETSK Цель id:0d3c27s УНИЧТОЖЕНА после пуска №1
07.05 13:50:51:621 ZRDN_1_DONETSK Запуск ЗРДН. Координаты: X=3250000 Y=3000000, Радиус: 600000
07.05 13:55:33:200 ZRDN_1_DONETSK Обнаружена цель id:4a2efcr координаты 3683528 2621640 тип:KR скорость:897
07.05 13:55:33:216 ZRDN_1_DONETSK Стрельба по цели id:4a2efcr тип:KR пуск №1. Осталось ракет: 19
07.05 13:55:34:909 ZRDN_1_DONETSK Цель id:4a2efcr УНИЧТОЖЕНА после пуска №1
07.05 14:00:10:305 ZRDN_1_DONETSK Обнаружена цель id:fb8376s координаты 3325090 2494084 тип:SAM скорость:61
07.05 14:00:10:319 ZRDN_1_DONETSK Стрельба по цели id:fb8376s тип:SAM пуск №1. Осталось ракет: 18
07.05 14:00:12:127 ZRDN_1_DONETSK ПРОМАХ по цели id:fb8376s после пуска №1
07.05 14:00:12:200 ZRDN_1_DONETSK Стрельба по цели id:fb8376s тип:SAM пуск №2. Осталось ракет: 17
07.05 14:00:13:837 ZRDN_1_DONETSK Цель id:fb8376s УНИЧТОЖЕНА после пуска №2
07.05 14:09:03:584 ZRDN_1_DONETSK Обнаружена цель id:7ba4a5s координаты 2892060 3293368 тип:SAM скорость:186
07.05 14:09:03:599 ZRDN_1_DONETSK Стрельба по цели id:7ba4a5s тип:SAM пуск №1. Осталось ракет: 16
07.05 14:09:05:225 ZRDN_1_DONETSK ПРОМАХ по цели id:7ba4a5s после пуска №1
07.05 14:09:05:307 ZRDN_1_DONETSK Стрельба по цели id:7ba4a5s тип:SAM пуск №2. Осталось ракет: 15
07.05 14:09:06:981 ZRDN_1_DONETSK Цель id:7ba4a5s УНИЧТОЖЕНА после пуска №2
07.05 14:12:26:007 ZRDN_1_DONETSK Обнаружена цель id:da651fs координаты 3636102 3341558 тип:KR скорость:378
07.05 14:12:26:020 ZRDN_1_DONETSK Стрельба по цели id:da651fs тип:KR пуск №1. Осталось ракет: 14
07.05 14:12:28:009 ZRDN_1_DONETSK Цель id:da651fs УНИЧТОЖЕНА после пуска №1
07.05 14:14:06:702 ZRDN_1_DONETSK Запуск ЗРДН. Координаты: X=3250000 Y=3000000, Радиус: 600000
07.05 14:30:03:820 ZRDN_1_DONETSK Обнаружена цель id:7c7c94r координаты 3464036 2706985 тип:KR скорость:995
07.05 14:30:03:834 ZRDN_1_DONETSK Стрельба по цели id:7c7c94r тип:KR пуск №1. Осталось ракет: 19
07.05 14:30:05:540 ZRDN_1_DONETSK ПРОМАХ по цели id:7c7c94r после пуска №1
07.05 14:30:05:606 ZRDN_1_DONETSK Стрельба по цели id:7c7c94r тип:KR пуск №2. Осталось ракет: 18
07.05 14:30:07:162 ZRDN_1_DONETSK ПРОМАХ по цели id:7c7c94r после пуска №2
07.05 14:30:07:237 ZRDN_1_DONETSK Стрельба по цели id:7c7c94r тип:KR пуск №3. Осталось ракет: 17
07.05 14:30:08:857 ZRDN_1_DONETSK ПРОМАХ по цели id:7c7c94r после пуска №3
07.05 14:30:08:951 ZRDN_1_DONETSK Стрельба по цели id:7c7c94r тип:KR пуск №4. Осталось ракет: 16
07.05 14:30:10:771 ZRDN_1_DONETSK Цель id:7c7c94r УНИЧТОЖЕНА после пуска №4
07.05 14:32:32:700 ZRDN_1_DONETSK Обнаружена цель id:d3ce09s координаты 3082146 2823094 тип:SAM скорость:86
07.05 14:32:32:714 ZRDN_1_DONETSK Стрельба по цели id:d3ce09s тип:SAM пуск №1. Осталось ракет: 15
07.05 14:32:34:525 ZRDN_1_DONETSK Цель id:d3ce09s УНИЧТОЖЕНА после пуска №1
07.05 14:41:38:992 ZRDN_1_DONETSK Запуск ЗРДН. Координаты: X=3250000 Y=3000000, Радиус: 600000
07.05 14:43:37:571 ZRDN_1_DONETSK Запуск ЗРДН. Координаты: X=3250000 Y=3000000, Радиус: 600000
07.05 14:47:31:861 ZRDN_1_DONETSK Запуск ЗРДН. Координаты: X=3250000 Y=3000000, Радиус: 600000
07.05 14:50:28:148 ZRDN_1_DONETSK Обнаружена цель id:db07f9r координаты 3219213 2538361 тип:KR скорость:790
07.05 14:50:28:162 ZRDN_1_DONETSK Стрельба по цели id:db07f9r тип:KR пуск №1. Осталось ракет: 19
07.05 14:50:29:960 ZRDN_1_DONETSK ПРОМАХ по цели id:db07f9r после пуска №1
07.05 14:50:30:041 ZRDN_1_DONETSK Стрельба по цели id:db07f9r тип:KR пуск №2. Осталось ракет: 18
07.05 14:50:31:583 ZRDN_1_DONETSK Цель id:db07f9r УНИЧТОЖЕНА после пуска №2
