30.04 11:06:05:270 ZRDN_3_MAKHACHKALA Запуск ЗРДН. Координаты: X=3800000 Y=2500000, Радиус: 550000
30.04 11:32:21:374 ZRDN_3_MAKHACHKALA Обнаружена цель id:097ff5r координаты 3424126 2779987 тип:KR скорость:341
30.04 11:32:21:431 ZRDN_3_MAKHACHKALA Стрельба по цели id:097ff5r тип:KR пуск №1. Осталось ракет: 19
30.04 11:32:26:542 ZRDN_3_MAKHACHKALA Цель id:097ff5r УНИЧТОЖЕНА после пуска №1
30.04 14:49:43:092 ZRDN_3_MAKHACHKALA Запуск ЗРДН. Координаты: X=3800000 Y=2500000, Радиус: 550000
30.04 15:09:24:458 ZRDN_3_MAKHACHKALA Обнаружена цель id:95a97es координаты 4097054 2683186 тип:SAM скорость:96
30.04 15:09:24:495 ZRDN_3_MAKHACHKALA Стрельба по цели id:95a97es тип:SAM пуск №1. Осталось ракет: 19
30.04 15:09:27:998 ZRDN_3_MAKHACHKALA ПРОМАХ по цели id:95a97es после пуска №1
30.04 15:09:28:247 ZRDN_3_MAKHACHKALA Стрельба по цели id:95a97es тип:SAM пуск №2. Осталось ракет: 18
30.04 15:09:30:712 ZRDN_3_MAKHACHKALA ПРОМАХ по цели id:95a97es после пуска №2
30.04 15:09:31:006 ZRDN_3_MAKHACHKALA Стрельба по цели id:95a97es тип:SAM пуск №3. Осталось ракет: 17
30.04 15:09:33:615 ZRDN_3_MAKHACHKALA Цель id:95a97es УНИЧТОЖЕНА после пуска №3
30.04 15:18:31:173 ZRDN_3_MAKHACHKALA Запуск ЗРДН. Координаты: X=3800000 Y=2500000, Радиус: 550000
30.04 15:38:21:007 ZRDN_3_MAKHACHKALA Обнаружена цель id:36b4c7r координаты 4117632 2655031 тип:KR скорость:1736
30.04 15:38:21:071 ZRDN_3_MAKHACHKALA Стрельба по цели id:36b4c7r тип:KR пуск №1. Осталось ракет: 19
30.04 15:38:24:692 ZRDN_3_MAKHACHKALA ПРОМАХ по цели id:36b4c7r после пуска №1
30.04 15:38:24:907 ZRDN_3_MAKHACHKALA Стрельба по цели id:36b4c7r тип:KR пуск №2. Осталось ракет: 18
30.04 15:38:28:300 ZRDN_3_MAKHACHKALA Цель id:36b4c7r УНИЧТОЖЕНА после пуска №2
30.04 15:39:47:186 ZRDN_3_MAKHACHKALA Обнаружена цель id:50b7a5s координаты 3394546 2393276 тип:KR скорость:407
30.04 15:39:47:232 ZRDN_3_MAKHACHKALA Стрельба по цели id:50b7a5s тип:KR пуск №1. Осталось ракет: 17
30.04 15:39:49:978 ZRDN_3_MAKHACHKALA Цель id:50b7a5s УНИЧТОЖЕНА после пуска №1
