09.05 00:39:36:872457096 ZRDN_2_LVOV Запуск ЗРДН. Координаты: X=2400000 Y=3200000, Радиус: 350000
09.05 00:45:39:858536363 ZRDN_2_LVOV Обнаружена цель id:7b0ddbs координаты 2185222 3137222 тип:SAM скорость:156
09.05 00:45:39:873541587 ZRDN_2_LVOV Стрельба по цели id:7b0ddbs тип:SAM пуск №1. Осталось ракет: 19
09.05 00:45:41:289288500 ZRDN_2_LVOV ПРОМАХ по цели id:7b0ddbs после пуска №1
09.05 00:45:41:342961722 ZRDN_2_LVOV Стрельба по цели id:7b0ddbs тип:SAM пуск №2. Осталось ракет: 18
09.05 00:45:42:808228120 ZRDN_2_LVOV Цель id:7b0ddbs УНИЧТОЖЕНА после пуска №2
09.05 00:48:55:745651157 ZRDN_2_LVOV Запуск ЗРДН. Координаты: X=2400000 Y=3200000, Радиус: 350000
11.05 14:07:04:423618384 ZRDN_2_LVOV Запуск ЗРДН. Координаты: X=2400000 Y=3200000, Радиус: 350000
11.05 14:26:19:879349806 ZRDN_2_LVOV Запуск ЗРДН. Координаты: X=2400000 Y=3200000, Радиус: 350000
11.05 14:29:10:622518127 ZRDN_2_LVOV Запуск ЗРДН. Координаты: X=2400000 Y=3200000, Радиус: 350000
11.05 14:37:51:180974394 ZRDN_2_LVOV Запуск ЗРДН. Координаты: X=2400000 Y=3200000, Радиус: 350000
11.05 14:50:32:512101242 ZRDN_2_LVOV Запуск ЗРДН. Координаты: X=2400000 Y=3200000, Радиус: 350000
11.05 14:58:19:863565978 ZRDN_2_LVOV Обнаружена цель id:af0cfas координаты 2452045 2869183 тип:SAM скорость:125
11.05 14:58:19:878016431 ZRDN_2_LVOV Стрельба по цели id:af0cfas тип:SAM пуск №1. Осталось ракет: 19
11.05 14:58:21:551042021 ZRDN_2_LVOV Цель id:af0cfas УНИЧТОЖЕНА после пуска №1
11.05 15:28:58:465042669 ZRDN_2_LVOV Обнаружена цель id:144ab4r координаты 2641430 3433922 тип:KR скорость:508
11.05 15:28:58:482371195 ZRDN_2_LVOV Стрельба по цели id:144ab4r тип:KR пуск №1. Осталось ракет: 18
11.05 15:29:00:137846011 ZRDN_2_LVOV Цель id:144ab4r УНИЧТОЖЕНА после пуска №1
11.05 15:57:55:826034577 ZRDN_2_LVOV Обнаружена цель id:cb62f6r координаты 2424480 2938400 тип:KR скорость:740
11.05 15:57:55:842547087 ZRDN_2_LVOV Стрельба по цели id:cb62f6r тип:KR пуск №1. Осталось ракет: 17
11.05 15:57:57:410765008 ZRDN_2_LVOV Цель id:cb62f6r УНИЧТОЖЕНА после пуска №1
11.05 16:32:30:630648618 ZRDN_2_LVOV Запуск ЗРДН. Координаты: X=2400000 Y=3200000, Радиус: 350000
11.05 16:33:21:422388279 ZRDN_2_LVOV Обнаружена цель id:7765b7s координаты 2416186 3309082 тип:SAM скорость:101
11.05 16:33:21:450278167 ZRDN_2_LVOV Стрельба по цели id:7765b7s тип:SAM пуск №1. Осталось ракет: 19
11.05 16:33:22:924946176 ZRDN_2_LVOV Цель id:7765b7s УНИЧТОЖЕНА после пуска №1
11.05 16:48:40:834660396 ZRDN_2_LVOV Обнаружена цель id:c044c9r координаты 2267374 3236830 тип:KR скорость:1525
11.05 16:48:40:861329281 ZRDN_2_LVOV Стрельба по цели id:c044c9r тип:KR пуск №1. Осталось ракет: 18
11.05 16:48:42:419996677 ZRDN_2_LVOV ПРОМАХ по цели id:c044c9r после пуска №1
11.05 16:48:42:510768344 ZRDN_2_LVOV Стрельба по цели id:c044c9r тип:KR пуск №2. Осталось ракет: 17
11.05 16:48:43:993431693 ZRDN_2_LVOV ПРОМАХ по цели id:c044c9r после пуска №2
11.05 16:48:44:74450190 ZRDN_2_LVOV Стрельба по цели id:c044c9r тип:KR пуск №3. Осталось ракет: 16
11.05 16:48:45:550791193 ZRDN_2_LVOV ПРОМАХ по цели id:c044c9r после пуска №3
11.05 16:48:45:639751174 ZRDN_2_LVOV Стрельба по цели id:c044c9r тип:KR пуск №4. Осталось ракет: 15
11.05 16:48:47:221566268 ZRDN_2_LVOV Цель id:c044c9r УНИЧТОЖЕНА после пуска №4
