30.04 15:45:24:473 ZRDN_3_KIEV Запуск ЗРДН. Координаты: X=2600000 Y=2700000, Радиус: 550000
07.05 12:55:06:118 ZRDN_3_KIEV Запуск ЗРДН. Координаты: X=2600000 Y=2700000, Радиус: 550000
07.05 13:04:07:586 ZRDN_3_KIEV Обнаружена цель id:dc8325s координаты 2687092 2277166 тип:SAM скорость:94
07.05 13:04:07:599 ZRDN_3_KIEV Стрельба по цели id:dc8325s тип:SAM пуск №1. Осталось ракет: 19
07.05 13:04:09:312 ZRDN_3_KIEV Цель id:dc8325s УНИЧТОЖЕНА после пуска №1
07.05 13:07:41:521 ZRDN_3_KIEV Запуск ЗРДН. Координаты: X=2600000 Y=2700000, Радиус: 550000
07.05 13:15:17:923 ZRDN_3_KIEV Запуск ЗРДН. Координаты: X=2600000 Y=2700000, Радиус: 550000
07.05 13:22:23:933 ZRDN_3_KIEV Запуск ЗРДН. Координаты: X=2600000 Y=2700000, Радиус: 550000
07.05 13:32:51:259 ZRDN_3_KIEV Обнаружена цель id:22139cr координаты 2349976 2985714 тип:KR скорость:604
07.05 13:32:51:273 ZRDN_3_KIEV Стрельба по цели id:22139cr тип:KR пуск №1. Осталось ракет: 19
07.05 13:32:53:113 ZRDN_3_KIEV ПРОМАХ по цели id:22139cr после пуска №1
07.05 13:32:53:186 ZRDN_3_KIEV Стрельба по цели id:22139cr тип:KR пуск №2. Осталось ракет: 18
07.05 13:32:54:720 ZRDN_3_KIEV ПРОМАХ по цели id:22139cr после пуска №2
07.05 13:32:54:799 ZRDN_3_KIEV Стрельба по цели id:22139cr тип:KR пуск №3. Осталось ракет: 17
07.05 13:32:56:299 ZRDN_3_KIEV Цель id:22139cr УНИЧТОЖЕНА после пуска №3
07.05 13:42:45:403 ZRDN_3_KIEV Обнаружена цель id:6be1c5s координаты 2604312 2219220 тип:SAM скорость:190
07.05 13:42:45:415 ZRDN_3_KIEV Стрельба по цели id:6be1c5s тип:SAM пуск №1. Осталось ракет: 16
07.05 13:42:47:032 ZRDN_3_KIEV ПРОМАХ по цели id:6be1c5s после пуска №1
07.05 13:42:47:096 ZRDN_3_KIEV Стрельба по цели id:6be1c5s тип:SAM пуск №2. Осталось ракет: 15
07.05 13:42:48:634 ZRDN_3_KIEV Цель id:6be1c5s УНИЧТОЖЕНА после пуска №2
07.05 13:49:32:529 ZRDN_3_KIEV Обнаружена цель id:22da1cs координаты 2279266 2967270 тип:SAM скорость:189
07.05 13:49:32:543 ZRDN_3_KIEV Стрельба по цели id:22da1cs тип:SAM пуск №1. Осталось ракет: 14
07.05 13:49:34:072 ZRDN_3_KIEV Цель id:22da1cs УНИЧТОЖЕНА после пуска №1
07.05 13:50:51:621 ZRDN_3_KIEV Запуск ЗРДН. Координаты: X=2600000 Y=2700000, Радиус: 550000
07.05 14:14:06:703 ZRDN_3_KIEV Запуск ЗРДН. Координаты: X=2600000 Y=2700000, Радиус: 550000
07.05 14:22:43:985 ZRDN_3_KIEV Обнаружена цель id:3a0638s координаты 2687123 2297291 тип:SAM скорость:105
07.05 14:22:43:998 ZRDN_3_KIEV Стрельба по цели id:3a0638s тип:SAM пуск №1. Осталось ракет: 19
07.05 14:22:45:626 ZRDN_3_KIEV ПРОМАХ по цели id:3a0638s после пуска №1
07.05 14:22:45:711 ZRDN_3_KIEV Стрельба по цели id:3a0638s тип:SAM пуск №2. Осталось ракет: 18
07.05 14:22:47:538 ZRDN_3_KIEV Цель id:3a0638s УНИЧТОЖЕНА после пуска №2
07.05 14:23:42:280 ZRDN_3_KIEV Обнаружена цель id:816059r координаты 2467586 2578974 тип:KR скорость:568
07.05 14:23:42:292 ZRDN_3_KIEV Стрельба по цели id:816059r тип:KR пуск №1. Осталось ракет: 17
07.05 14:23:43:953 ZRDN_3_KIEV ПРОМАХ по цели id:816059r после пуска №1
07.05 14:23:44:012 ZRDN_3_KIEV Стрельба по цели id:816059r тип:KR пуск №2. Осталось ракет: 16
07.05 14:23:45:641 ZRDN_3_KIEV Цель id:816059r УНИЧТОЖЕНА после пуска №2
07.05 14:25:49:773 ZRDN_3_KIEV Обнаружена цель id:d51a69r координаты 3111510 2506962 тип:KR скорость:544
07.05 14:25:49:786 ZRDN_3_KIEV Стрельба по цели id:d51a69r тип:KR пуск №1. Осталось ракет: 15
07.05 14:25:51:613 ZRDN_3_KIEV Цель id:d51a69r УНИЧТОЖЕНА после пуска №1
07.05 14:43:37:572 ZRDN_3_KIEV Запуск ЗРДН. Координаты: X=2600000 Y=2700000, Радиус: 550000
07.05 14:43:43:121 ZRDN_3_KIEV Обнаружена цель id:3b32a7r координаты 2343410 2267750 тип:KR скорость:1462
07.05 14:43:43:139 ZRDN_3_KIEV Стрельба по цели id:3b32a7r тип:KR пуск №1. Осталось ракет: 19
07.05 14:43:43:201 ZRDN_3_KIEV Обнаружена цель id:b9760cr координаты 2122245 2868010 тип:KR скорость:1302
07.05 14:43:43:219 ZRDN_3_KIEV Стрельба по цели id:b9760cr тип:KR пуск №1. Осталось ракет: 18
07.05 14:43:46:054 ZRDN_3_KIEV Цель id:3b32a7r УНИЧТОЖЕНА после пуска №1
07.05 14:43:46:126 ZRDN_3_KIEV ПРОМАХ по цели id:b9760cr после пуска №1
07.05 14:43:46:265 ZRDN_3_KIEV Стрельба по цели id:b9760cr тип:KR пуск №2. Осталось ракет: 17
07.05 14:43:49:082 ZRDN_3_KIEV Цель id:b9760cr УНИЧТОЖЕНА после пуска №2
07.05 14:47:31:860 ZRDN_3_KIEV Запуск ЗРДН. Координаты: X=2600000 Y=2700000, Радиус: 550000
07.05 14:47:34:679 ZRDN_3_KIEV Обнаружена цель id:1eb01as координаты 3095400 2590376 тип:SAM скорость:68
07.05 14:47:34:692 ZRDN_3_KIEV Стрельба по цели id:1eb01as тип:SAM пуск №1. Осталось ракет: 19
07.05 14:47:36:382 ZRDN_3_KIEV ПРОМАХ по цели id:1eb01as после пуска №1
07.05 14:47:36:537 ZRDN_3_KIEV Стрельба по цели id:1eb01as тип:SAM пуск №2. Осталось ракет: 18
07.05 14:47:38:235 ZRDN_3_KIEV Цель id:1eb01as УНИЧТОЖЕНА после пуска №2
07.05 14:55:19:677 ZRDN_3_KIEV Обнаружена цель id:1b80b4r координаты 2344921 2452802 тип:KR скорость:983
07.05 14:55:19:690 ZRDN_3_KIEV Стрельба по цели id:1b80b4r тип:KR пуск №1. Осталось ракет: 17
07.05 14:55:21:289 ZRDN_3_KIEV Цель id:1b80b4r УНИЧТОЖЕНА после пуска №1
